[2016.05.26 17:07:30][ 19%RAM][  2%CPU][Info]: Create new camera model FC330_0.0_4000x2250 (RGB) from exif.
[2016.05.26 17:08:55][ 19%RAM][  1%CPU][Info]: Applying template: 3D Maps
[2016.05.26 17:08:55][ 19%RAM][  1%CPU][Processing]: ProjectLoading
[2016.05.26 17:08:55][ 19%RAM][  1%CPU][Info]: Project results: loading ...
[2016.05.26 17:08:55][ 19%RAM][  1%CPU][Info]: Project: loading done.
[2016.05.26 17:08:56][ 19%RAM][  1%CPU][Processing]: ProjectLoaded
[2016.05.26 17:08:56][ 19%RAM][  1%CPU][Info]: Cameras with 1 different camera model(s)
[2016.05.26 17:08:56][ 19%RAM][  1%CPU][Info]: Cameras with 6 different images
[2016.05.26 17:08:56][ 19%RAM][  1%CPU][Info]: PerspectiveCamera5 CAMERA nrCols*nrRows 4000*2250 sx*sy [mm]: 36*20.25
[2016.05.26 17:08:56][ 19%RAM][  1%CPU][Info]: R [1.000000000 0.000000000 0.000000000 ] alpha [0.000000000] t [0.000000000]
[2016.05.26 17:08:56][ 19%RAM][  1%CPU][Info]: R [-0.000000000 1.000000000 0.000000000 ] beta [0.000000000] t [0.000000000]
[2016.05.26 17:08:56][ 19%RAM][  1%CPU][Info]: R [0.000000000 -0.000000000 1.000000000 ] gamma [0.000000000] t [0.000000000]
[2016.05.26 17:08:56][ 19%RAM][  1%CPU][Info]: 1 iParams: 0 0 0 0 0
[2016.05.26 17:08:56][ 19%RAM][  1%CPU][Info]: focal: 3333.33 cx/cy: 2000 1125 rd: 0 0 0 td: 0 0
[2016.05.26 17:08:56][ 19%RAM][  1%CPU][Info]: PerspectiveCamera5 CAMERA nrCols*nrRows 4000*2250 sx*sy [mm]: 36*20.25
[2016.05.26 17:08:56][ 19%RAM][  1%CPU][Info]: R [1.000000000 0.000000000 0.000000000 ] alpha [0.000000000] t [0.000000000]
[2016.05.26 17:08:56][ 19%RAM][  1%CPU][Info]: R [-0.000000000 1.000000000 0.000000000 ] beta [0.000000000] t [0.000000000]
[2016.05.26 17:08:56][ 19%RAM][  1%CPU][Info]: R [0.000000000 -0.000000000 1.000000000 ] gamma [0.000000000] t [0.000000000]
[2016.05.26 17:08:56][ 19%RAM][  1%CPU][Info]: 0 iParams: 0 0 0 0 0
[2016.05.26 17:08:56][ 19%RAM][  1%CPU][Info]: focal: 3333.33 cx/cy: 2000 1125 rd: 0 0 0 td: 0 0
[2016.05.26 17:08:56][ 19%RAM][  1%CPU][Info]: Cameras created: 1
[2016.05.26 17:08:56][ 19%RAM][  1%CPU][Info]: 0 rigs:
[2016.05.26 17:08:56][ 19%RAM][  1%CPU][Info]: Image 0 <G:/DCIM/100MEDIA/DJI_0001.JPG> camera model <FC330_0.0_4000x2250 (RGB)(1)> group <group1> GPS tol xy 5 z 10
[2016.05.26 17:08:56][ 19%RAM][  1%CPU][Info]: Image 1 <G:/DCIM/100MEDIA/DJI_0002.JPG> camera model <FC330_0.0_4000x2250 (RGB)(1)> group <group1> GPS tol xy 5 z 10
[2016.05.26 17:08:56][ 19%RAM][  1%CPU][Info]: Image 2 <G:/DCIM/100MEDIA/DJI_0003.JPG> camera model <FC330_0.0_4000x2250 (RGB)(1)> group <group1> GPS tol xy 5 z 10
[2016.05.26 17:08:56][ 19%RAM][  1%CPU][Info]: Image 3 <G:/DCIM/100MEDIA/DJI_0004.JPG> camera model <FC330_0.0_4000x2250 (RGB)(1)> group <group1> GPS tol xy 5 z 10
[2016.05.26 17:08:56][ 19%RAM][  1%CPU][Info]: Image 4 <G:/DCIM/100MEDIA/DJI_0005.JPG> camera model <FC330_0.0_4000x2250 (RGB)(1)> group <group1> GPS tol xy 5 z 10
[2016.05.26 17:08:56][ 19%RAM][  1%CPU][Info]: Image 5 <G:/DCIM/100MEDIA/DJI_0006.JPG> camera model <FC330_0.0_4000x2250 (RGB)(1)> group <group1> GPS tol xy 5 z 10
[2016.05.26 17:08:56][ 19%RAM][  1%CPU][Info]: nrImages with GEO 6
[2016.05.26 17:08:56][ 19%RAM][  1%CPU][Info]: nrTotal images 6
[2016.05.26 17:08:56][ 19%RAM][  1%CPU][Info]: --------------------------------------------
[2016.05.26 17:08:56][ 19%RAM][  1%CPU][Info]: ---------------------------------------------------------------------------
[2016.05.26 17:08:56][ 19%RAM][  1%CPU][Info]: Version                 = <2.1.53>
[2016.05.26 17:08:56][ 19%RAM][  1%CPU][Info]: Name                    = <test>
[2016.05.26 17:08:56][ 19%RAM][  1%CPU][Info]: Workspace               = <D:\APP_PHOTO\PiX4D\Projets/>
[2016.05.26 17:08:56][ 19%RAM][  1%CPU][Info]: ---------------------------------------------------------------------------
[2016.05.26 17:08:56][ 19%RAM][  1%CPU][Info]: WKT Output              = <PROJCS["WGS84 / UTM zone 31N",GEOGCS["WGS 84",DATUM["WGS_1984",SPHEROID["WGS 84",6378137,298.257223563,AUTHORITY["EPSG","7030"]],TOWGS84[0,0,0,0,0,0,0],AUTHORITY["EPSG","6326"]],PRIMEM["Greenwich",0,AUTHORITY["EPSG","8901"]],UNIT["degree",0.0174532925199433,AUTHORITY["EPSG","9108"]],AUTHORITY["EPSG","4326"]],PROJECTION["Transverse_Mercator"],PARAMETER["latitude_of_origin",0],PARAMETER["central_meridian",3],PARAMETER["scale_factor",0.9996],PARAMETER["false_easting",500000],PARAMETER["false_northing",0],UNIT["Meter",1],AUTHORITY["EPSG","32631"]]>
[2016.05.26 17:08:56][ 19%RAM][  1%CPU][Info]: WKT GCP                 = <PROJCS["WGS84 / UTM zone 31N",GEOGCS["WGS 84",DATUM["WGS_1984",SPHEROID["WGS 84",6378137,298.257223563,AUTHORITY["EPSG","7030"]],TOWGS84[0,0,0,0,0,0,0],AUTHORITY["EPSG","6326"]],PRIMEM["Greenwich",0,AUTHORITY["EPSG","8901"]],UNIT["degree",0.0174532925199433,AUTHORITY["EPSG","9108"]],AUTHORITY["EPSG","4326"]],PROJECTION["Transverse_Mercator"],PARAMETER["latitude_of_origin",0],PARAMETER["central_meridian",3],PARAMETER["scale_factor",0.9996],PARAMETER["false_easting",500000],PARAMETER["false_northing",0],UNIT["Meter",1],AUTHORITY["EPSG","32631"]]>
[2016.05.26 17:08:56][ 19%RAM][  1%CPU][Info]: WKT IMG                 = <GEOGCS["WGS 84",DATUM["WGS_1984",SPHEROID["WGS 84",6378137,298.257223563,AUTHORITY["EPSG","7030"]],TOWGS84[0,0,0,0,0,0,0],AUTHORITY["EPSG","6326"]],PRIMEM["Greenwich",0,AUTHORITY["EPSG","8901"]],UNIT["degree",0.01745329251994328,AUTHORITY["EPSG","9122"]],AUTHORITY["EPSG","4326"]]>
[2016.05.26 17:08:56][ 19%RAM][  1%CPU][Info]: Linear unit             = <m>
[2016.05.26 17:08:56][ 19%RAM][  1%CPU][Info]: ---------------------------------------------------------------------------
[2016.05.26 17:08:56][ 19%RAM][  1%CPU][Info]: Vert.model Output       = <egm96 0>
[2016.05.26 17:08:56][ 19%RAM][  1%CPU][Info]: Vert.model GCP          = <egm96 0>
[2016.05.26 17:08:56][ 19%RAM][  1%CPU][Info]: Vert.model IMG          = <egm96 0>
[2016.05.26 17:08:56][ 19%RAM][  1%CPU][Info]: ---------------------------------------------------------------------------
[2016.05.26 17:08:56][ 19%RAM][  1%CPU][Info]: ------------------------------------------------------------------------
[2016.05.26 17:08:56][ 19%RAM][  1%CPU][Info]: ResultDir               = <D:\APP_PHOTO\PiX4D\Projets/test/>
[2016.05.26 17:08:56][ 19%RAM][  1%CPU][Info]: ReportDir               = <D:\APP_PHOTO\PiX4D\Projets/test/1_initial/report/>
[2016.05.26 17:08:56][ 19%RAM][  1%CPU][Info]: ------------------------------------------------------------------------
[2016.05.26 17:08:56][ 19%RAM][  1%CPU][Info]: Initial processing options
[2016.05.26 17:08:56][ 19%RAM][  1%CPU][Info]: Processing
[2016.05.26 17:08:56][ 19%RAM][  1%CPU][Info]: Keypoint extraction
[2016.05.26 17:08:56][ 19%RAM][  1%CPU][Info]: Keypoint scale strategy    = <Full>
[2016.05.26 17:08:56][ 19%RAM][  1%CPU][Info]: Image keypoint scale       = <1>
[2016.05.26 17:08:56][ 19%RAM][  1%CPU][Info]: Descriptor type            = <0>
[2016.05.26 17:08:56][ 19%RAM][  1%CPU][Info]: Matching
[2016.05.26 17:08:56][ 19%RAM][  1%CPU][Info]: Strategy                   = <AutoAerial>
[2016.05.26 17:08:56][ 19%RAM][  1%CPU][Info]: Advanced                   = <no>
[2016.05.26 17:08:56][ 19%RAM][  1%CPU][Info]: Sequential                 = <2>
[2016.05.26 17:08:56][ 19%RAM][  1%CPU][Info]: Triangle                   = <yes>
[2016.05.26 17:08:56][ 19%RAM][  1%CPU][Info]: Distance                   = <0 absolute>
[2016.05.26 17:08:56][ 19%RAM][  1%CPU][Info]: MTP                        = <5>
[2016.05.26 17:08:56][ 19%RAM][  1%CPU][Info]: Similarity                 = <1>
[2016.05.26 17:08:56][ 19%RAM][  1%CPU][Info]: Optimization
[2016.05.26 17:08:56][ 19%RAM][  1%CPU][Info]: Calibration method         = <standard>
[2016.05.26 17:08:56][ 19%RAM][  1%CPU][Info]: Optimize internals         = <int_all>
[2016.05.26 17:08:56][ 19%RAM][  1%CPU][Info]: Optimize externals         = <ext_all>
[2016.05.26 17:08:56][ 19%RAM][  1%CPU][Info]: Rematch strategy           = <Auto>
[2016.05.26 17:08:56][ 19%RAM][  1%CPU][Info]: Rematch images             = <yes>
[2016.05.26 17:08:56][ 19%RAM][  1%CPU][Info]: Output
[2016.05.26 17:08:56][ 19%RAM][  1%CPU][Info]: Save camera internals and external, AAT, BBA = <no>
[2016.05.26 17:08:56][ 19%RAM][  1%CPU][Info]: Save undistorted images         = <no>
[2016.05.26 17:08:56][ 19%RAM][  1%CPU][Info]: Generate orthomosaic for report = <yes>
[2016.05.26 17:08:56][ 19%RAM][  1%CPU][Info]: Create thumbnails               = <yes>
[2016.05.26 17:08:56][ 19%RAM][  1%CPU][Info]: ------------------------------------------------------------------------
[2016.05.26 17:08:56][ 19%RAM][  1%CPU][Info]: Point Cloud options
[2016.05.26 17:08:56][ 19%RAM][  1%CPU][Info]: Point Cloud Densification
[2016.05.26 17:08:56][ 19%RAM][  1%CPU][Info]: Image scale               = <1/2 (Half image size, Default)>
[2016.05.26 17:08:56][ 19%RAM][  1%CPU][Info]: Multiscale                = <yes>
[2016.05.26 17:08:56][ 19%RAM][  1%CPU][Info]: Point density             = <Optimal>
[2016.05.26 17:08:56][ 19%RAM][  1%CPU][Info]: Minimum number of matches = <3>
[2016.05.26 17:08:56][ 19%RAM][  1%CPU][Info]: Matching window size      = <7x7 pixels>
[2016.05.26 17:08:56][ 19%RAM][  1%CPU][Info]: Add-ons
[2016.05.26 17:08:56][ 19%RAM][  1%CPU][Info]: Use SGM                   = <no>
[2016.05.26 17:08:56][ 19%RAM][  1%CPU][Info]: Point Cloud Filters
[2016.05.26 17:08:56][ 19%RAM][  1%CPU][Info]: Use densification area    = <yes>
[2016.05.26 17:08:56][ 19%RAM][  1%CPU][Info]: Use annotations           = <yes>
[2016.05.26 17:08:56][ 19%RAM][  1%CPU][Info]: Limit camera depth        = <no>
[2016.05.26 17:08:56][ 19%RAM][  1%CPU][Info]: Output
[2016.05.26 17:08:56][ 19%RAM][  1%CPU][Info]: Save PLY                  = <no>
[2016.05.26 17:08:56][ 19%RAM][  1%CPU][Info]: Save XYZ                  = <no>
[2016.05.26 17:08:56][ 19%RAM][  1%CPU][Info]: XYZ delimiter             = <Space>
[2016.05.26 17:08:56][ 19%RAM][  1%CPU][Info]: Save LAS                  = <no>
[2016.05.26 17:08:56][ 19%RAM][  1%CPU][Info]: Save LAZ                  = <no>
[2016.05.26 17:08:56][ 19%RAM][  1%CPU][Info]: Point Cloud Classification
[2016.05.26 17:08:56][ 19%RAM][  1%CPU][Info]: Terrain Classifier        = <no>
[2016.05.26 17:08:56][ 19%RAM][  1%CPU][Info]: Minimum object length (in linearUnit) <0.1>
[2016.05.26 17:08:56][ 19%RAM][  1%CPU][Info]: Minimum object length (in linearUnit) <400>
[2016.05.26 17:08:56][ 19%RAM][  1%CPU][Info]: Minimum object length (in linearUnit) <0.1>
[2016.05.26 17:08:56][ 19%RAM][  1%CPU][Info]: 3D Triangle Mesh
[2016.05.26 17:08:56][ 19%RAM][  1%CPU][Info]: Generate 3D textured mesh = <yes>
[2016.05.26 17:08:56][ 19%RAM][  1%CPU][Info]: Texture size              = <8192x8192>
[2016.05.26 17:08:56][ 19%RAM][  1%CPU][Info]: Maximum number of triangles = <1000000>
[2016.05.26 17:08:56][ 19%RAM][  1%CPU][Info]: Save PLY                  = <no>
[2016.05.26 17:08:56][ 19%RAM][  1%CPU][Info]: Save OBJ                  = <no>
[2016.05.26 17:08:56][ 19%RAM][  1%CPU][Info]: Save Zipped OBJ           = <no>
[2016.05.26 17:08:56][ 19%RAM][  1%CPU][Info]: Save FBX                  = <no>
[2016.05.26 17:08:56][ 19%RAM][  1%CPU][Info]: Save DXF                  = <no>
[2016.05.26 17:08:56][ 19%RAM][  1%CPU][Info]: Save PDF3D                = <no>
[2016.05.26 17:08:56][ 19%RAM][  1%CPU][Info]: PDF3D Logo                = <>
[2016.05.26 17:08:56][ 19%RAM][  1%CPU][Info]: ------------------------------------------------------------------------
[2016.05.26 17:08:56][ 19%RAM][  1%CPU][Info]: Index options
[2016.05.26 17:08:56][ 19%RAM][  1%CPU][Info]: Save reflectance map TIFF   = <no>
[2016.05.26 17:08:56][ 19%RAM][  1%CPU][Info]: Merge Reflectance Tiles     = <no>
[2016.05.26 17:08:56][ 19%RAM][  1%CPU][Info]: Save Index Grid             = <no>
[2016.05.26 17:08:56][ 19%RAM][  1%CPU][Info]: Save Index grid resolution  = <200>
[2016.05.26 17:08:56][ 19%RAM][  1%CPU][Info]: Save Index Range            = <no>
[2016.05.26 17:08:56][ 19%RAM][  1%CPU][Info]: Save Index Range resolution = <400>
[2016.05.26 17:08:56][ 19%RAM][  1%CPU][Info]: Downsampling strategy       = <Gauss>
[2016.05.26 17:08:56][ 19%RAM][  1%CPU][Info]: Indices to generate         = <[ ]>
[2016.05.26 17:08:56][ 19%RAM][  1%CPU][Info]: Has Regions                 = <no>
[2016.05.26 17:08:56][ 19%RAM][  1%CPU][Info]: Radiometric Calibration     = <no>
[2016.05.26 17:08:56][ 19%RAM][  1%CPU][Info]: ------------------------------------------------------------------------
[2016.05.26 17:08:56][ 19%RAM][  1%CPU][Info]: DSM and Orthomosaic options
[2016.05.26 17:08:56][ 19%RAM][  1%CPU][Info]: Resolution [cm/pixel]    = <-1>
[2016.05.26 17:08:56][ 19%RAM][  1%CPU][Info]: Filters
[2016.05.26 17:08:56][ 19%RAM][  1%CPU][Info]: Use noise filtering      = <yes>
[2016.05.26 17:08:56][ 19%RAM][  1%CPU][Info]: Use surface smoothing    = <yes>
[2016.05.26 17:08:56][ 19%RAM][  1%CPU][Info]: Surface smoothing type   = <Sharp>
[2016.05.26 17:08:56][ 19%RAM][  1%CPU][Info]: Raster DSM
[2016.05.26 17:08:56][ 19%RAM][  1%CPU][Info]: Processing Type          = <Inverse Distance Weighting>
[2016.05.26 17:08:56][ 19%RAM][  1%CPU][Info]: Save DSM TIFF            = <no>
[2016.05.26 17:08:56][ 19%RAM][  1%CPU][Info]: DSM TIFF merge tiles     = <no>
[2016.05.26 17:08:56][ 19%RAM][  1%CPU][Info]: GridDSM
[2016.05.26 17:08:56][ 19%RAM][  1%CPU][Info]: Save grid DSM XYZ        = <no>
[2016.05.26 17:08:56][ 19%RAM][  1%CPU][Info]: XYZ delimiter            = <Space>
[2016.05.26 17:08:56][ 19%RAM][  1%CPU][Info]: Save grid DSM LAS        = <no>
[2016.05.26 17:08:56][ 19%RAM][  1%CPU][Info]: Save grid DSM LAZ        = <no>
[2016.05.26 17:08:56][ 19%RAM][  1%CPU][Info]: Grid DSM spacing [cm]    = <100>
[2016.05.26 17:08:56][ 19%RAM][  1%CPU][Info]: Orthomosaic
[2016.05.26 17:08:56][ 19%RAM][  1%CPU][Info]: Save orthomosaic TIFF    = <no>
[2016.05.26 17:08:56][ 19%RAM][  1%CPU][Info]: Use visibility           = <yes>
[2016.05.26 17:08:56][ 19%RAM][  1%CPU][Info]: Use color balancing      = <yes>
[2016.05.26 17:08:56][ 19%RAM][  1%CPU][Info]: Save orthomosaic TIFF merge tiles = <yes>
[2016.05.26 17:08:56][ 19%RAM][  1%CPU][Info]: Save orthomosaic TIFF without transparency = <no>
[2016.05.26 17:08:56][ 19%RAM][  1%CPU][Info]: Save KML                 = <no>
[2016.05.26 17:08:56][ 19%RAM][  1%CPU][Info]: Save Mapbox tiles        = <no>
[2016.05.26 17:08:56][ 19%RAM][  1%CPU][Info]: ------------------------------------------------------------------------
[2016.05.26 17:08:56][ 19%RAM][  1%CPU][Info]: Additional outputs options
[2016.05.26 17:08:56][ 19%RAM][  1%CPU][Info]: Contour lines
[2016.05.26 17:08:56][ 19%RAM][  1%CPU][Info]: Save contour SHP          = <no>
[2016.05.26 17:08:56][ 19%RAM][  1%CPU][Info]: Save contour PDF          = <no>
[2016.05.26 17:08:56][ 19%RAM][  1%CPU][Info]: Save contour DXF          = <no>
[2016.05.26 17:08:56][ 19%RAM][  1%CPU][Info]: Contour base (in LinearUnit) = <0>
[2016.05.26 17:08:56][ 19%RAM][  1%CPU][Info]: Elevation interval (in LinearUnit) = <10>
[2016.05.26 17:08:56][ 19%RAM][  1%CPU][Info]: Resolution [cm]            = <100>
[2016.05.26 17:08:56][ 19%RAM][  1%CPU][Info]: Minimum line size [points] = <20>
[2016.05.26 17:08:56][ 19%RAM][  1%CPU][Info]: ------------------------------------------------------------------------
[2016.05.26 17:08:56][ 19%RAM][  1%CPU][Info]: Cuda capable devices      = <2>
[2016.05.26 17:08:56][ 19%RAM][  1%CPU][Info]:   Id                      = <0>
[2016.05.26 17:08:56][ 19%RAM][  1%CPU][Info]:     Name                  = <GeForce GTX 670>
[2016.05.26 17:08:56][ 19%RAM][  1%CPU][Info]:     Enabled               = <yes>
[2016.05.26 17:08:56][ 19%RAM][  1%CPU][Info]:   Id                      = <1>
[2016.05.26 17:08:56][ 19%RAM][  1%CPU][Info]:     Name                  = <GeForce GTX 670>
[2016.05.26 17:08:56][ 19%RAM][  1%CPU][Info]:     Enabled               = <yes>
[2016.05.26 17:08:56][ 19%RAM][  1%CPU][Info]: ------------------------------------------------------------------------
[2016.05.26 17:08:56][ 19%RAM][  1%CPU][Info]: --------------------------------------------
[2016.05.26 17:08:56][ 19%RAM][  1%CPU][Info]: OS Power Save: Disable
[2016.05.26 17:08:56][ 19%RAM][  1%CPU][Info]: Cameras with 1 different camera model(s)
[2016.05.26 17:08:56][ 19%RAM][  1%CPU][Info]: Cameras with 6 different images
[2016.05.26 17:08:56][ 19%RAM][  1%CPU][Info]: PerspectiveCamera5 CAMERA nrCols*nrRows 4000*2250 sx*sy [mm]: 36*20.25
[2016.05.26 17:08:56][ 19%RAM][  1%CPU][Info]: R [1.000000000 0.000000000 0.000000000 ] alpha [0.000000000] t [0.000000000]
[2016.05.26 17:08:56][ 19%RAM][  1%CPU][Info]: R [-0.000000000 1.000000000 0.000000000 ] beta [0.000000000] t [0.000000000]
[2016.05.26 17:08:56][ 19%RAM][  1%CPU][Info]: R [0.000000000 -0.000000000 1.000000000 ] gamma [0.000000000] t [0.000000000]
[2016.05.26 17:08:56][ 19%RAM][  1%CPU][Info]: 1 iParams: 0 0 0 0 0
[2016.05.26 17:08:56][ 19%RAM][  1%CPU][Info]: focal: 3333.33 cx/cy: 2000 1125 rd: 0 0 0 td: 0 0
[2016.05.26 17:08:56][ 19%RAM][  1%CPU][Info]: PerspectiveCamera5 CAMERA nrCols*nrRows 4000*2250 sx*sy [mm]: 36*20.25
[2016.05.26 17:08:56][ 19%RAM][  1%CPU][Info]: R [1.000000000 0.000000000 0.000000000 ] alpha [0.000000000] t [0.000000000]
[2016.05.26 17:08:56][ 19%RAM][  1%CPU][Info]: R [-0.000000000 1.000000000 0.000000000 ] beta [0.000000000] t [0.000000000]
[2016.05.26 17:08:56][ 19%RAM][  1%CPU][Info]: R [0.000000000 -0.000000000 1.000000000 ] gamma [0.000000000] t [0.000000000]
[2016.05.26 17:08:56][ 19%RAM][  1%CPU][Info]: 0 iParams: 0 0 0 0 0
[2016.05.26 17:08:56][ 19%RAM][  1%CPU][Info]: focal: 3333.33 cx/cy: 2000 1125 rd: 0 0 0 td: 0 0
[2016.05.26 17:08:56][ 19%RAM][  1%CPU][Info]: Cameras created: 1
[2016.05.26 17:08:56][ 19%RAM][  1%CPU][Info]: 0 rigs:
[2016.05.26 17:08:56][ 19%RAM][  1%CPU][Info]: Image 0 <G:/DCIM/100MEDIA/DJI_0001.JPG> camera model <FC330_0.0_4000x2250 (RGB)(1)> group <group1> GPS tol xy 5 z 10
[2016.05.26 17:08:56][ 19%RAM][  1%CPU][Info]: Image 1 <G:/DCIM/100MEDIA/DJI_0002.JPG> camera model <FC330_0.0_4000x2250 (RGB)(1)> group <group1> GPS tol xy 5 z 10
[2016.05.26 17:08:56][ 19%RAM][  1%CPU][Info]: Image 2 <G:/DCIM/100MEDIA/DJI_0003.JPG> camera model <FC330_0.0_4000x2250 (RGB)(1)> group <group1> GPS tol xy 5 z 10
[2016.05.26 17:08:56][ 19%RAM][  1%CPU][Info]: Image 3 <G:/DCIM/100MEDIA/DJI_0004.JPG> camera model <FC330_0.0_4000x2250 (RGB)(1)> group <group1> GPS tol xy 5 z 10
[2016.05.26 17:08:56][ 19%RAM][  1%CPU][Info]: Image 4 <G:/DCIM/100MEDIA/DJI_0005.JPG> camera model <FC330_0.0_4000x2250 (RGB)(1)> group <group1> GPS tol xy 5 z 10
[2016.05.26 17:08:56][ 19%RAM][  1%CPU][Info]: Image 5 <G:/DCIM/100MEDIA/DJI_0006.JPG> camera model <FC330_0.0_4000x2250 (RGB)(1)> group <group1> GPS tol xy 5 z 10
[2016.05.26 17:08:56][ 19%RAM][  1%CPU][Info]: nrImages with GEO 6
[2016.05.26 17:08:56][ 19%RAM][  1%CPU][Info]: nrTotal images 6
[2016.05.26 17:08:56][ 19%RAM][  1%CPU][Info]: *****************************************************
[2016.05.26 17:08:56][ 19%RAM][  1%CPU][Info]: ************ Keypoints       ************************
[2016.05.26 17:08:56][ 19%RAM][  1%CPU][Info]: *****************************************************
[2016.05.26 17:08:56][ 19%RAM][  1%CPU][Processing]: Substep Keypoint extraction started.
[2016.05.26 17:08:56][ 19%RAM][  1%CPU][Info]: Available RAM = 13260MB
[2016.05.26 17:08:56][ 19%RAM][  1%CPU][Info]: Largest image size: 4000x2250 feature scale 1
[2016.05.26 17:08:56][ 19%RAM][  1%CPU][Processing]: Gather image information
[2016.05.26 17:08:56][ 19%RAM][  1%CPU][Info]: Camera 'FC330_0.0_4000x2250 (RGB)(1)' has 3 bands: RGB, weights: [ 0.2126 0.7152 0.0722 ]
[2016.05.26 17:08:56][ 19%RAM][  1%CPU][Info]: Gather image information [0/0] elapsed 001ms ...
[2016.05.26 17:08:56][ 19%RAM][  1%CPU][Processing]: Step1Running
[2016.05.26 17:08:56][ 19%RAM][  7%CPU][Info]: >>>Gather image information<<< done in 501ms / 0.00835 min.
[2016.05.26 17:08:56][ 19%RAM][  7%CPU][Info]: Available RAM = 13270MB
[2016.05.26 17:08:56][ 19%RAM][  7%CPU][Info]: Largest image size: 4000x2250 feature scale 1
[2016.05.26 17:08:56][ 19%RAM][  7%CPU][Processing]: Generate normalized/thumbnail images
[2016.05.26 17:08:56][ 19%RAM][  7%CPU][Info]: Generate normalized/thumbnail images [0/0] elapsed 001ms ...
[2016.05.26 17:08:57][ 19%RAM][  7%CPU][Info]: >>>Generate normalized/thumbnail images<<< done in 501ms / 0.00835 min.
[2016.05.26 17:08:57][ 19%RAM][  7%CPU][Info]: Available RAM = 13270MB
[2016.05.26 17:08:57][ 19%RAM][  7%CPU][Info]: Largest image size: 4000x2250 feature scale 1
[2016.05.26 17:08:57][ 19%RAM][  7%CPU][Info]: Feature Processing: optimal number of workers = 4
[2016.05.26 17:08:57][ 19%RAM][  7%CPU][Info]: Feature Processing: optimal number of threads = 6
[2016.05.26 17:08:57][ 19%RAM][  7%CPU][Info]: Feature Processing: optimal total number of threads = 24
[2016.05.26 17:08:57][ 19%RAM][  7%CPU][Info]: Available RAM = 13302MB
[2016.05.26 17:08:57][ 19%RAM][  7%CPU][Info]: Largest image size: 4000x2250 feature scale 1
[2016.05.26 17:08:57][ 19%RAM][  7%CPU][Processing]: Computing keypoints
[2016.05.26 17:08:57][ 19%RAM][  7%CPU][Info]: Computing keypoints [0/6] elapsed 000ms ...
[2016.05.26 17:08:58][ 20%RAM][ 21%CPU][Info]: GPU 1 (GeForce GTX 670)  memory usage: used = 1109.73 MB (27.0931%), total = 4096 MB
[2016.05.26 17:08:58][ 20%RAM][ 21%CPU][Info]: GPU 0 (GeForce GTX 670)  memory usage: used = 1109.84 MB (27.0957%), total = 4096 MB
[2016.05.26 17:08:59][ 20%RAM][ 21%CPU][Info]: GPU 1 (GeForce GTX 670)  memory usage: used = 1251.48 MB (30.5538%), total = 4096 MB
[2016.05.26 17:08:59][ 21%RAM][ 65%CPU][Info]: GPU 0 (GeForce GTX 670)  memory usage: used = 1251.59 MB (30.5564%), total = 4096 MB
[2016.05.26 17:09:00][ 21%RAM][100%CPU][Info]: G:/DCIM/100MEDIA/DJI_0004.JPG 4000x2250x3 byte RGB fscale 1 no. keypoints 45249
[2016.05.26 17:09:00][ 21%RAM][100%CPU][Info]: Saved thumbnail <D:\APP_PHOTO\PiX4D\Projets/test/1_initial/project_data/thumbnails/DJI_0004_512.jpg>.
[2016.05.26 17:09:00][ 20%RAM][100%CPU][Info]: Computing keypoints [1/6] elapsed 03s:502ms ...
[2016.05.26 17:09:01][ 20%RAM][100%CPU][Info]: G:/DCIM/100MEDIA/DJI_0003.JPG 4000x2250x3 byte RGB fscale 1 no. keypoints 43344
[2016.05.26 17:09:01][ 20%RAM][100%CPU][Info]: G:/DCIM/100MEDIA/DJI_0002.JPG 4000x2250x3 byte RGB fscale 1 no. keypoints 43946
[2016.05.26 17:09:01][ 20%RAM][100%CPU][Info]: Saved thumbnail <D:\APP_PHOTO\PiX4D\Projets/test/1_initial/project_data/thumbnails/DJI_0003_512.jpg>.
[2016.05.26 17:09:01][ 20%RAM][100%CPU][Info]: Saved thumbnail <D:\APP_PHOTO\PiX4D\Projets/test/1_initial/project_data/thumbnails/DJI_0002_512.jpg>.
[2016.05.26 17:09:01][ 20%RAM][100%CPU][Info]: G:/DCIM/100MEDIA/DJI_0001.JPG 4000x2250x3 byte RGB fscale 1 no. keypoints 42336
[2016.05.26 17:09:01][ 20%RAM][100%CPU][Info]: Saved thumbnail <D:\APP_PHOTO\PiX4D\Projets/test/1_initial/project_data/thumbnails/DJI_0001_512.jpg>.
[2016.05.26 17:09:01][ 20%RAM][ 83%CPU][Info]: GPU 1 (GeForce GTX 670)  memory usage: used = 1110.73 MB (27.1175%), total = 4096 MB
[2016.05.26 17:09:01][ 20%RAM][ 83%CPU][Info]: Computing keypoints [4/6] elapsed 04s:002ms ...
[2016.05.26 17:09:01][ 20%RAM][ 83%CPU][Info]: GPU 0 (GeForce GTX 670)  memory usage: used = 1110.84 MB (27.1201%), total = 4096 MB
[2016.05.26 17:09:02][ 20%RAM][ 69%CPU][Info]: G:/DCIM/100MEDIA/DJI_0005.JPG 4000x2250x3 byte RGB fscale 1 no. keypoints 44685
[2016.05.26 17:09:02][ 20%RAM][ 69%CPU][Info]: Saved thumbnail <D:\APP_PHOTO\PiX4D\Projets/test/1_initial/project_data/thumbnails/DJI_0005_512.jpg>.
[2016.05.26 17:09:02][ 20%RAM][ 69%CPU][Info]: Computing keypoints [5/6] elapsed 05s:504ms ...
[2016.05.26 17:09:03][ 19%RAM][ 69%CPU][Info]: G:/DCIM/100MEDIA/DJI_0006.JPG 4000x2250x3 byte RGB fscale 1 no. keypoints 43511
[2016.05.26 17:09:03][ 19%RAM][ 69%CPU][Info]: Saved thumbnail <D:\APP_PHOTO\PiX4D\Projets/test/1_initial/project_data/thumbnails/DJI_0006_512.jpg>.
[2016.05.26 17:09:03][ 19%RAM][ 69%CPU][Info]: >>>Computing keypoints<<< done in 06s:004ms / 0.100067 min.
[2016.05.26 17:09:03][ 19%RAM][ 69%CPU][Info]: Writing keypoints to <D:/APP_PHOTO/PiX4D/Projets/test/1_initial/project_data/feat_full_1.p4b> ...
[2016.05.26 17:09:03][ 19%RAM][ 69%CPU][Processing]: Write Keypoints.
[2016.05.26 17:09:03][ 19%RAM][ 69%CPU][Info]: *****************************************************
[2016.05.26 17:09:03][ 19%RAM][ 69%CPU][Info]: ************ Pairs           ************************
[2016.05.26 17:09:03][ 19%RAM][ 69%CPU][Info]: *****************************************************
[2016.05.26 17:09:03][ 19%RAM][ 69%CPU][Processing]: Substep Keypoint extraction finished.
[2016.05.26 17:09:03][ 19%RAM][ 69%CPU][Processing]: Substep Keypoint matching started.
[2016.05.26 17:09:03][ 19%RAM][ 69%CPU][Processing]: Generating pairs
[2016.05.26 17:09:03][ 19%RAM][ 69%CPU][Info]: Match_sequential: 2 match_dist: 0 match_MTP 5
[2016.05.26 17:09:03][ 19%RAM][ 69%CPU][Info]: Add pairs sequential: 2 nr corr
[2016.05.26 17:09:03][ 19%RAM][ 69%CPU][Info]: Add pairs sequential: 9 new pairs
[2016.05.26 17:09:03][ 19%RAM][ 69%CPU][Info]: Median camera distance 19.947
[2016.05.26 17:09:03][ 19%RAM][ 69%CPU][Info]: Add pairs triangle cam 18446744073709551615 (all) nrCorr 5 sigIm 20 GPS min 703282 4.82065e+006 max 703345 4.82071e+006
[2016.05.26 17:09:03][ 19%RAM][ 69%CPU][Info]: Add pairs triangle cam, nr vertices: 36 triangles: 60
[2016.05.26 17:09:03][ 19%RAM][ 69%CPU][Info]: Add pairs triangle cam, nr vertices: 36 triangles: 60
[2016.05.26 17:09:03][ 19%RAM][ 69%CPU][Info]: Add pairs triangle cam, nr vertices: 36 triangles: 59
[2016.05.26 17:09:03][ 19%RAM][ 69%CPU][Info]: Add pairs triangle cam, nr vertices: 36 triangles: 59
[2016.05.26 17:09:03][ 19%RAM][ 69%CPU][Info]: Add pairs triangle cam, nr vertices: 36 triangles: 60
[2016.05.26 17:09:03][ 19%RAM][ 69%CPU][Info]: Add pairs triangle cam 18446744073709551615 (all) medDist 38.4352 nrPairs 36 nrRejected: 0/5
[2016.05.26 17:09:03][ 19%RAM][ 69%CPU][Info]: Median camera distance triangle 38.4352
[2016.05.26 17:09:03][ 19%RAM][ 69%CPU][Info]: Add pairs from MTPs: 5 best correspondences 0 new pairs
[2016.05.26 17:09:03][ 19%RAM][ 69%CPU][Info]: Remove pairs from orientation: 0 removed (angle threshold 1.5708)
[2016.05.26 17:09:03][ 19%RAM][ 69%CPU][Info]: Add pairs based on image similarity nrCorr: 1 nr new pairs: 0
[2016.05.26 17:09:03][ 19%RAM][ 69%CPU][Info]: Pair generator nr total pairs: 14
[2016.05.26 17:09:03][ 19%RAM][ 69%CPU][Info]: *****************************************************
[2016.05.26 17:09:03][ 19%RAM][ 69%CPU][Info]: ************ matching        ************************
[2016.05.26 17:09:03][ 19%RAM][ 69%CPU][Info]: *****************************************************
[2016.05.26 17:09:03][ 19%RAM][ 69%CPU][Processing]: Computing matches
[2016.05.26 17:09:03][ 19%RAM][ 69%CPU][Info]: Matching: need to process 14 pairs
[2016.05.26 17:09:03][ 19%RAM][ 69%CPU][Info]: Computing matches [0/0] elapsed 001ms ...
[2016.05.26 17:09:03][ 19%RAM][ 34%CPU][Info]: Matched pair 0: <DJI_0001.JPG(0,42336),DJI_0002.JPG(1,43946)>: nrMatches 2698 | on GPU 1 GeForce GTX 670
[2016.05.26 17:09:03][ 19%RAM][ 34%CPU][Info]: Matched pair 1: <DJI_0001.JPG(0,42336),DJI_0003.JPG(2,43344)>: nrMatches 500 | on GPU 1 GeForce GTX 670
[2016.05.26 17:09:03][ 19%RAM][ 34%CPU][Info]: Matched pair 2: <DJI_0001.JPG(0,42336),DJI_0004.JPG(3,45249)>: nrMatches 440 | on GPU 0 GeForce GTX 670
[2016.05.26 17:09:03][ 19%RAM][ 34%CPU][Info]: Matched pair 3: <DJI_0001.JPG(0,42336),DJI_0005.JPG(4,44685)>: nrMatches 605 | on GPU 0 GeForce GTX 670
[2016.05.26 17:09:04][ 19%RAM][ 34%CPU][Info]: Matched pair 4: <DJI_0002.JPG(1,43946),DJI_0003.JPG(2,43344)>: nrMatches 1083 | on GPU 1 GeForce GTX 670
[2016.05.26 17:09:04][ 19%RAM][ 34%CPU][Info]: Matched pair 5: <DJI_0002.JPG(1,43946),DJI_0004.JPG(3,45249)>: nrMatches 527 | on GPU 0 GeForce GTX 670
[2016.05.26 17:09:04][ 19%RAM][ 34%CPU][Info]: Computing matches [6/14] elapsed 501ms ...
[2016.05.26 17:09:04][ 19%RAM][ 34%CPU][Info]: Matched pair 6: <DJI_0002.JPG(1,43946),DJI_0005.JPG(4,44685)>: nrMatches 750 | on GPU 1 GeForce GTX 670
[2016.05.26 17:09:04][ 19%RAM][ 34%CPU][Info]: Matched pair 7: <DJI_0002.JPG(1,43946),DJI_0006.JPG(5,43511)>: nrMatches 592 | on GPU 1 GeForce GTX 670
[2016.05.26 17:09:04][ 19%RAM][ 34%CPU][Info]: Matched pair 8: <DJI_0003.JPG(2,43344),DJI_0004.JPG(3,45249)>: nrMatches 457 | on GPU 0 GeForce GTX 670
[2016.05.26 17:09:04][ 19%RAM][ 34%CPU][Info]: Matched pair 9: <DJI_0003.JPG(2,43344),DJI_0005.JPG(4,44685)>: nrMatches 447 | on GPU 1 GeForce GTX 670
[2016.05.26 17:09:04][ 19%RAM][ 34%CPU][Info]: Matched pair 10: <DJI_0003.JPG(2,43344),DJI_0006.JPG(5,43511)>: nrMatches 365 | on GPU 0 GeForce GTX 670
[2016.05.26 17:09:04][ 19%RAM][ 34%CPU][Info]: Matched pair 11: <DJI_0004.JPG(3,45249),DJI_0005.JPG(4,44685)>: nrMatches 2081 | on GPU 1 GeForce GTX 670
[2016.05.26 17:09:04][ 19%RAM][ 34%CPU][Info]: Matched pair 12: <DJI_0004.JPG(3,45249),DJI_0006.JPG(5,43511)>: nrMatches 888 | on GPU 0 GeForce GTX 670
[2016.05.26 17:09:04][ 19%RAM][ 34%CPU][Info]: Matched pair 13: <DJI_0005.JPG(4,44685),DJI_0006.JPG(5,43511)>: nrMatches 2736 | on GPU 1 GeForce GTX 670
[2016.05.26 17:09:04][ 19%RAM][ 34%CPU][Info]: >>>Computing matches<<< done in 01s:001ms / 0.0166833 min.
[2016.05.26 17:09:04][ 19%RAM][ 34%CPU][Info]: MatchSet: saving to D:\APP_PHOTO\PiX4D\Projets/test/1_initial/project_data/mat_full_1.p4b...
[2016.05.26 17:09:04][ 19%RAM][ 34%CPU][Processing]: Write pairs.
[2016.05.26 17:09:04][ 19%RAM][ 34%CPU][Processing]: Write matches.
[2016.05.26 17:09:04][ 19%RAM][ 34%CPU][Info]: *****************************************************
[2016.05.26 17:09:04][ 19%RAM][ 34%CPU][Info]: ************ build tracks        ********************
[2016.05.26 17:09:04][ 19%RAM][ 34%CPU][Info]: *****************************************************
[2016.05.26 17:09:04][ 19%RAM][ 34%CPU][Processing]: Initialize automatic tie points.
[2016.05.26 17:09:04][ 19%RAM][ 34%CPU][Info]: Build tracks maxTotMatches: 2736
[2016.05.26 17:09:04][ 19%RAM][ 34%CPU][Processing]: Building automatic tie points.
[2016.05.26 17:09:04][ 19%RAM][ 34%CPU][Info]: Build tracks size: 8795
[2016.05.26 17:09:04][ 19%RAM][ 34%CPU][Info]: *****************************************************
[2016.05.26 17:09:04][ 19%RAM][ 34%CPU][Info]: ************ calibrate          *********************
[2016.05.26 17:09:04][ 19%RAM][ 34%CPU][Info]: *****************************************************
[2016.05.26 17:09:04][ 19%RAM][ 34%CPU][Processing]: Substep Keypoint matching finished.
[2016.05.26 17:09:04][ 19%RAM][ 34%CPU][Processing]: Substep Camera calibration started.
[2016.05.26 17:09:04][ 19%RAM][ 34%CPU][Info]: ********************************
[2016.05.26 17:09:04][ 19%RAM][ 34%CPU][Info]: *******CalibrateProcessing******
[2016.05.26 17:09:04][ 19%RAM][ 34%CPU][Info]: ********************************
[2016.05.26 17:09:04][ 19%RAM][ 34%CPU][Processing]: Analyse automatic tie points.
[2016.05.26 17:09:04][ 19%RAM][ 34%CPU][Info]: CalibrateProcessing Standard 2857.14
[2016.05.26 17:09:04][ 19%RAM][ 34%CPU][Info]: Filter tracks: gridding: 40 track size: 8795
[2016.05.26 17:09:04][ 19%RAM][ 34%CPU][Processing]: Analyse automatic tie points.
[2016.05.26 17:09:04][ 19%RAM][ 34%CPU][Info]: Filter tracks size: 3073
[2016.05.26 17:09:04][ 19%RAM][ 34%CPU][Processing]: Compute number of matches.
[2016.05.26 17:09:04][ 19%RAM][ 34%CPU][Info]: *******************************
[2016.05.26 17:09:04][ 19%RAM][ 34%CPU][Info]: *********CalibrateSeq**********
[2016.05.26 17:09:04][ 19%RAM][ 34%CPU][Info]: *******************************
[2016.05.26 17:09:04][ 19%RAM][ 34%CPU][Info]: D:\APP_PHOTO\PiX4D\Projets/test/1_initial/project_data/result_clusters_full_1.p4b_000.p4drec updateInternals: yes internal opt: 2
[2016.05.26 17:09:04][ 19%RAM][ 34%CPU][Info]: FeatureScale: 2.75186 error: 0.513911 track size: 8795
[2016.05.26 17:09:04][ 19%RAM][ 34%CPU][Processing]: Initialize calibration
[2016.05.26 17:09:04][ 19%RAM][ 34%CPU][Info]: Init frame: 4 5 nrMatches: 2924 DJI_0005.JPG DJI_0006.JPG
[2016.05.26 17:09:04][ 19%RAM][ 34%CPU][Info]: Bundle camera: 5 tracks: 343 ext_pos_rot
[2016.05.26 17:09:04][ 19%RAM][ 34%CPU][Info]: Bund: 0/0 E: 0.3696191463(0.3696191463) dE: 0.3787547781 dX: 0.0115135012 d: 0.5000000000 atp: 0.3696191463 (0.0000000000)
[2016.05.26 17:09:04][ 19%RAM][ 34%CPU][Info]: Bund: 0/1 E: 0.3678732090(0.3678732090) dE: 0.0047236116 dX: 0.0001856421 d: 0.2500000000 atp: 0.3678732090 (0.0000000000)
[2016.05.26 17:09:04][ 19%RAM][ 34%CPU][Info]: Bund: 0/50 E: 0.3678731858(0.3678731858) dE: 0.0000000633 dX: 0.0000012888 d: 0.1250000000 atp: 0.3678731858 (0.0000000000)
[2016.05.26 17:09:04][ 19%RAM][ 34%CPU][Info]: Bund: 1/50 E: 0.3678636041(0.3678636041) dE: 0.0000000002 dX: 0.0000003080 d: 0.0625000000 atp: 0.3678636041 (0.5000000000)
[2016.05.26 17:09:04][ 19%RAM][ 34%CPU][Info]: Bund: 2/50 E: 0.3678636043(0.3678636043) dE: 0.0000000000 dX: 0.0000000029 d: 0.0312500000 atp: 0.3678636043 (0.4999928629)
[2016.05.26 17:09:04][ 19%RAM][ 34%CPU][Info]: Bund: 3/50 E: 0.3678636043(0.3678636043) dE: -0.0000000000 dX: 0.0000000006 d: 0.0625000000 atp: 0.3678636043 (0.4999928629)
[2016.05.26 17:09:04][ 19%RAM][ 34%CPU][Info]: Bund: 4/50 E: 0.3678636043(0.3678636043) dE: -0.0000000000 dX: 0.0000000006 d: 0.1250000000 atp: 0.3678636043 (0.4999928629)
[2016.05.26 17:09:04][ 19%RAM][ 34%CPU][Info]: Bund: 5/50 E: 0.3678636043(0.3678636043) dE: -0.0000000000 dX: 0.0000000006 d: 0.2500000000 atp: 0.3678636043 (0.4999928629)
[2016.05.26 17:09:04][ 19%RAM][ 34%CPU][Info]: Bund: 6/50 E: 0.3678636043(0.3678636043) dE: -0.0000000000 dX: 0.0000000006 d: 0.5000000000 atp: 0.3678636043 (0.4999928629)
[2016.05.26 17:09:04][ 19%RAM][ 34%CPU][Info]: Bund: 7/50 E: 0.3678636043(0.3678636043) dE: 0.0000000000 dX: 0.0000000006 d: 0.2500000000 atp: 0.3678636043 (0.4999928629)
[2016.05.26 17:09:04][ 19%RAM][ 34%CPU][Info]: Bund: 8/50 E: 0.3678636043(0.3678636043) dE: -0.0000000000 dX: 0.0000000000 d: 0.5000000000 atp: 0.3678636043 (0.4999928629)
[2016.05.26 17:09:04][ 19%RAM][ 34%CPU][Info]: Bund: 9/50 E: 0.3678636043(0.3678636043) dE: -0.0000000000 dX: 0.0000000000 d: 1.0000000000 atp: 0.3678636043 (0.4999928629)
[2016.05.26 17:09:04][ 19%RAM][ 34%CPU][Info]: Remove tracks baseline 343 -> 343
[2016.05.26 17:09:04][ 19%RAM][ 34%CPU][Info]: Add points to tracks allSize: 8795 recSize: 343 the: 0.513911, 16
[2016.05.26 17:09:04][ 19%RAM][ 34%CPU][Info]: NrNew: 1801 nrAdd: 0 from: 2 images
[2016.05.26 17:09:04][ 19%RAM][ 34%CPU][Info]: Bundle camera: 5 tracks: 2144 ext_pos_rot
[2016.05.26 17:09:04][ 19%RAM][ 34%CPU][Info]: Bund: 0/0 E: 0.1668764095(0.1668764095) dE: 0.0573968459 dX: 0.0036265242 d: 0.5000000000 atp: 0.1668764095 (0.0000000000)
[2016.05.26 17:09:04][ 19%RAM][ 34%CPU][Info]: Bund: 0/1 E: 0.1667606561(0.1667606561) dE: 0.0006936474 dX: 0.0000220632 d: 0.2500000000 atp: 0.1667606561 (0.0000000000)
[2016.05.26 17:09:04][ 19%RAM][ 34%CPU][Info]: Bund: 0/50 E: 0.1667606531(0.1667606531) dE: 0.0000000177 dX: 0.0000009321 d: 0.1250000000 atp: 0.1667606531 (0.0000000000)
[2016.05.26 17:09:04][ 19%RAM][ 34%CPU][Info]: Bund: 1/50 E: 0.1667552247(0.1667552247) dE: 0.0000000001 dX: 0.0000000652 d: 0.0625000000 atp: 0.1667552247 (0.5000000000)
[2016.05.26 17:09:04][ 19%RAM][ 34%CPU][Info]: Bund: 2/50 E: 0.1667552245(0.1667552245) dE: 0.0000000000 dX: 0.0000000011 d: 0.0312500000 atp: 0.1667552245 (0.4999929436)
[2016.05.26 17:09:04][ 19%RAM][ 21%CPU][Info]: Bund: 3/50 E: 0.1667552245(0.1667552245) dE: 0.0000000000 dX: 0.0000000000 d: 0.0156250000 atp: 0.1667552245 (0.4999929436)
[2016.05.26 17:09:04][ 19%RAM][ 21%CPU][Info]: Bund: 4/50 E: 0.1667552245(0.1667552245) dE: -0.0000000000 dX: 0.0000000000 d: 0.0312500000 atp: 0.1667552245 (0.4999929436)
[2016.05.26 17:09:04][ 19%RAM][ 21%CPU][Info]: Bund: 5/50 E: 0.1667552245(0.1667552245) dE: -0.0000000000 dX: 0.0000000000 d: 0.0625000000 atp: 0.1667552245 (0.4999929436)
[2016.05.26 17:09:04][ 19%RAM][ 21%CPU][Info]: Bund: 6/50 E: 0.1667552245(0.1667552245) dE: -0.0000000000 dX: 0.0000000000 d: 0.1250000000 atp: 0.1667552245 (0.4999929436)
[2016.05.26 17:09:04][ 19%RAM][ 21%CPU][Info]: Bund: 7/50 E: 0.1667552245(0.1667552245) dE: -0.0000000000 dX: 0.0000000000 d: 0.2500000000 atp: 0.1667552245 (0.4999929436)
[2016.05.26 17:09:04][ 19%RAM][ 21%CPU][Info]: Bund: 8/50 E: 0.1667552245(0.1667552245) dE: -0.0000000000 dX: 0.0000000000 d: 0.5000000000 atp: 0.1667552245 (0.4999929436)
[2016.05.26 17:09:04][ 19%RAM][ 21%CPU][Info]: Bund: 9/50 E: 0.1667552245(0.1667552245) dE: 0.0000000000 dX: 0.0000000000 d: 0.2500000000 atp: 0.1667552245 (0.4999929436)
[2016.05.26 17:09:04][ 19%RAM][ 21%CPU][Info]: Init frame: 0 1 nrMatches: 2703 DJI_0001.JPG DJI_0002.JPG
[2016.05.26 17:09:04][ 19%RAM][ 21%CPU][Info]: Bundle camera: 1 tracks: 336 ext_pos_rot
[2016.05.26 17:09:04][ 19%RAM][ 21%CPU][Info]: Bund: 0/0 E: 0.5071916225(0.5071916225) dE: 0.4909080927 dX: 0.0451334718 d: 0.5000000000 atp: 0.5071916225 (0.0000000000)
[2016.05.26 17:09:04][ 19%RAM][ 21%CPU][Info]: Bund: 0/1 E: 0.4235444247(0.4235444247) dE: 0.1649222780 dX: 0.0016568626 d: 0.2500000000 atp: 0.4235444247 (0.0000000000)
[2016.05.26 17:09:04][ 19%RAM][ 21%CPU][Info]: Bund: 0/50 E: 0.4235405596(0.4235405596) dE: 0.0000091256 dX: 0.0000368841 d: 0.1250000000 atp: 0.4235405596 (0.0000000000)
[2016.05.26 17:09:04][ 19%RAM][ 21%CPU][Info]: Bund: 1/0 E: 0.4179100086(0.4179100086) dE: 0.0002012335 dX: 0.0001461089 d: 0.0625000000 atp: 0.4179100086 (0.5000000000)
[2016.05.26 17:09:04][ 19%RAM][ 21%CPU][Info]: Bund: 1/50 E: 0.4179099962(0.4179099962) dE: 0.0000000299 dX: 0.0000015132 d: 0.0312500000 atp: 0.4179099962 (0.5000000000)
[2016.05.26 17:09:04][ 19%RAM][ 21%CPU][Info]: Bund: 2/50 E: 0.4163800669(0.4163800669) dE: 0.0000923765 dX: 0.0000605847 d: 0.0156250000 atp: 0.4163800669 (0.4999164462)
[2016.05.26 17:09:04][ 19%RAM][ 21%CPU][Info]: Bund: 3/0 E: 0.4147510143(0.4147510143) dE: 0.0001066148 dX: 0.0000657580 d: 0.0078125000 atp: 0.4147510143 (0.4998972156)
[2016.05.26 17:09:04][ 19%RAM][ 21%CPU][Info]: Bund: 3/50 E: 0.4147510075(0.4147510075) dE: 0.0000000163 dX: 0.0000009319 d: 0.0039062500 atp: 0.4147510075 (0.4998972156)
[2016.05.26 17:09:04][ 19%RAM][ 21%CPU][Info]: Bund: 4/0 E: 0.4119650783(0.4119650783) dE: 0.0002884131 dX: 0.0001102263 d: 0.0019531250 atp: 0.4119650783 (0.4998773158)
[2016.05.26 17:09:04][ 19%RAM][ 21%CPU][Info]: Bund: 4/50 E: 0.4119650594(0.4119650594) dE: 0.0000000457 dX: 0.0000014755 d: 0.0009765625 atp: 0.4119650594 (0.4998773158)
[2016.05.26 17:09:04][ 19%RAM][ 21%CPU][Info]: Bund: 5/0 E: 0.4042388330(0.4042388330) dE: 0.0019279798 dX: 0.0002992810 d: 0.0004882812 atp: 0.4042388330 (0.4998443664)
[2016.05.26 17:09:04][ 19%RAM][ 21%CPU][Info]: Bund: 5/50 E: 0.4042386906(0.4042386906) dE: 0.0000003521 dX: 0.0000036727 d: 0.0002441406 atp: 0.4042386906 (0.4998443664)
[2016.05.26 17:09:04][ 19%RAM][ 21%CPU][Info]: Bund: 6/0 E: 0.3691220807(0.3691220807) dE: 0.0283365273 dX: 0.0012825672 d: 0.0001220703 atp: 0.3691220807 (0.4997586718)
[2016.05.26 17:09:04][ 19%RAM][ 21%CPU][Info]: Bund: 6/50 E: 0.3691163795(0.3691163795) dE: 0.0000154454 dX: 0.0000145868 d: 0.0000610352 atp: 0.3691163795 (0.4997586718)
[2016.05.26 17:09:04][ 19%RAM][ 21%CPU][Info]: Bund: 7/0 E: 0.3605458616(0.3605458616) dE: 0.0004713356 dX: 0.0002549863 d: 0.0000305176 atp: 0.3605458616 (0.4993892159)
[2016.05.26 17:09:04][ 19%RAM][ 21%CPU][Info]: Bund: 7/50 E: 0.3605457721(0.3605457721) dE: 0.0000002482 dX: 0.0000021120 d: 0.0000152588 atp: 0.3605457721 (0.4993892159)
[2016.05.26 17:09:04][ 19%RAM][ 21%CPU][Info]: Bund: 8/0 E: 0.3628183592(0.3628183592) dE: 0.0006335914 dX: 0.0000297267 d: 0.0000076294 atp: 0.3628183592 (0.4984418977)
[2016.05.26 17:09:04][ 19%RAM][ 21%CPU][Info]: Bund: 8/50 E: 0.3628183574(0.3628183574) dE: 0.0000000049 dX: 0.0000010047 d: 0.0000038147 atp: 0.3628183574 (0.4984418977)
[2016.05.26 17:09:04][ 19%RAM][ 21%CPU][Info]: Bund: 9/0 E: 0.3619111507(0.3619111507) dE: 0.0002358648 dX: 0.0000125217 d: 0.0000019073 atp: 0.3619111507 (0.4984660565)
[2016.05.26 17:09:04][ 19%RAM][ 21%CPU][Info]: Bund: 9/50 E: 0.3619111500(0.3619111500) dE: 0.0000000017 dX: 0.0000006128 d: 0.0000009537 atp: 0.3619111500 (0.4984660565)
[2016.05.26 17:09:04][ 19%RAM][ 21%CPU][Info]: Remove tracks baseline 335 -> 335
[2016.05.26 17:09:04][ 19%RAM][ 21%CPU][Info]: Add points to tracks allSize: 8795 recSize: 335 the: 0.513911, 16
[2016.05.26 17:09:04][ 19%RAM][ 21%CPU][Info]: NrNew: 1737 nrAdd: 0 from: 2 images
[2016.05.26 17:09:04][ 19%RAM][ 21%CPU][Info]: Bundle camera: 1 tracks: 2072 ext_pos_rot
[2016.05.26 17:09:04][ 19%RAM][ 21%CPU][Info]: Bund: 0/0 E: 0.1621278188(0.1621278188) dE: 0.0193615193 dX: 0.0006191888 d: 0.5000000000 atp: 0.1621278188 (0.0000000000)
[2016.05.26 17:09:04][ 19%RAM][ 21%CPU][Info]: Bund: 0/50 E: 0.1621259686(0.1621259686) dE: 0.0000114121 dX: 0.0000033697 d: 0.2500000000 atp: 0.1621259686 (0.0000000000)
[2016.05.26 17:09:04][ 19%RAM][ 21%CPU][Info]: Bund: 1/0 E: 0.1603191595(0.1603191595) dE: 0.0001937781 dX: 0.0000196298 d: 0.1250000000 atp: 0.1603191595 (0.5000000000)
[2016.05.26 17:09:04][ 19%RAM][ 21%CPU][Info]: Bund: 1/50 E: 0.1603191595(0.1603191595) dE: 0.0000000004 dX: 0.0000001840 d: 0.0625000000 atp: 0.1603191595 (0.5000000000)
[2016.05.26 17:09:04][ 19%RAM][ 21%CPU][Info]: Bund: 2/0 E: 0.1596344522(0.1596344522) dE: 0.0002370829 dX: 0.0000076792 d: 0.0312500000 atp: 0.1596344522 (0.4999836546)
[2016.05.26 17:09:04][ 19%RAM][ 21%CPU][Info]: Bund: 2/50 E: 0.1596344522(0.1596344522) dE: 0.0000000004 dX: 0.0000001630 d: 0.0156250000 atp: 0.1596344522 (0.4999836546)
[2016.05.26 17:09:04][ 19%RAM][ 21%CPU][Info]: Bund: 3/0 E: 0.1582026332(0.1582026332) dE: 0.0006298321 dX: 0.0000159325 d: 0.0078125000 atp: 0.1582026332 (0.4999804429)
[2016.05.26 17:09:04][ 19%RAM][ 21%CPU][Info]: Bund: 3/50 E: 0.1582026330(0.1582026330) dE: 0.0000000010 dX: 0.0000002469 d: 0.0039062500 atp: 0.1582026330 (0.4999804429)
[2016.05.26 17:09:04][ 19%RAM][ 21%CPU][Info]: Bund: 4/0 E: 0.1533431018(0.1533431018) dE: 0.0051108020 dX: 0.0000529454 d: 0.0019531250 atp: 0.1533431018 (0.4999740822)
[2016.05.26 17:09:04][ 19%RAM][ 21%CPU][Info]: Bund: 4/50 E: 0.1533431009(0.1533431009) dE: 0.0000000060 dX: 0.0000005568 d: 0.0009765625 atp: 0.1533431009 (0.4999740822)
[2016.05.26 17:09:04][ 19%RAM][ 21%CPU][Info]: Bund: 5/0 E: 0.1359130537(0.1359130537) dE: 0.0426181298 dX: 0.0001756249 d: 0.0004882812 atp: 0.1359130537 (0.4999547344)
[2016.05.26 17:09:04][ 19%RAM][ 21%CPU][Info]: Bund: 5/50 E: 0.1359130526(0.1359130526) dE: 0.0000000086 dX: 0.0000001517 d: 0.0002441406 atp: 0.1359130526 (0.4999547344)
[2016.05.26 17:09:04][ 19%RAM][ 21%CPU][Info]: Bund: 6/50 E: 0.1355137297(0.1355137297) dE: 0.0000006220 dX: 0.0000040250 d: 0.0001220703 atp: 0.1355137297 (0.4998817285)
[2016.05.26 17:09:04][ 19%RAM][ 21%CPU][Info]: Bund: 7/50 E: 0.1355333366(0.1355333366) dE: 0.0000002439 dX: 0.0000001891 d: 0.0000610352 atp: 0.1355333366 (0.4997509986)
[2016.05.26 17:09:04][ 19%RAM][ 21%CPU][Info]: Bund: 8/50 E: 0.1355334834(0.1355334834) dE: 0.0000000001 dX: 0.0000000017 d: 0.0000305176 atp: 0.1355334834 (0.4997511057)
[2016.05.26 17:09:04][ 19%RAM][ 21%CPU][Info]: Bund: 9/50 E: 0.1355334876(0.1355334876) dE: 0.0000000000 dX: 0.0000000000 d: 0.0000152588 atp: 0.1355334876 (0.4997511060)
[2016.05.26 17:09:04][ 19%RAM][ 21%CPU][Info]: Init frame: 3 4 nrMatches: 1973 DJI_0004.JPG DJI_0005.JPG
[2016.05.26 17:09:04][ 19%RAM][ 21%CPU][Info]: Bundle camera: 4 tracks: 198 ext_pos_rot
[2016.05.26 17:09:04][ 19%RAM][ 21%CPU][Info]: Bund: 0/0 E: 0.4307435578(0.4307435578) dE: 0.4800362399 dX: 0.0268788912 d: 0.5000000000 atp: 0.4307435578 (0.0000000000)
[2016.05.26 17:09:04][ 19%RAM][ 21%CPU][Info]: Bund: 0/1 E: 0.4260220900(0.4260220900) dE: 0.0109612037 dX: 0.0023700661 d: 0.2500000000 atp: 0.4260220900 (0.0000000000)
[2016.05.26 17:09:04][ 19%RAM][ 21%CPU][Info]: Bund: 0/50 E: 0.4260187183(0.4260187183) dE: 0.0000079144 dX: 0.0001887837 d: 0.1250000000 atp: 0.4260187183 (0.0000000000)
[2016.05.26 17:09:04][ 19%RAM][ 21%CPU][Info]: Bund: 1/50 E: 0.4259861683(0.4259861683) dE: 0.0000000137 dX: 0.0000080591 d: 0.0625000000 atp: 0.4259861683 (0.5000000000)
[2016.05.26 17:09:04][ 19%RAM][ 21%CPU][Info]: Bund: 2/50 E: 0.4259861855(0.4259861855) dE: 0.0000000000 dX: 0.0000002140 d: 0.0312500000 atp: 0.4259861855 (0.4999922458)
[2016.05.26 17:09:04][ 19%RAM][ 21%CPU][Info]: Bund: 3/50 E: 0.4259861876(0.4259861876) dE: 0.0000000000 dX: 0.0000000051 d: 0.0156250000 atp: 0.4259861876 (0.4999922463)
[2016.05.26 17:09:04][ 19%RAM][ 21%CPU][Info]: Bund: 4/50 E: 0.4259861876(0.4259861876) dE: -0.0000000000 dX: 0.0000000001 d: 0.0312500000 atp: 0.4259861876 (0.4999922463)
[2016.05.26 17:09:04][ 19%RAM][ 21%CPU][Info]: Bund: 5/50 E: 0.4259861876(0.4259861876) dE: -0.0000000000 dX: 0.0000000001 d: 0.0625000000 atp: 0.4259861876 (0.4999922463)
[2016.05.26 17:09:04][ 19%RAM][ 21%CPU][Info]: Bund: 6/50 E: 0.4259861876(0.4259861876) dE: -0.0000000000 dX: 0.0000000001 d: 0.1250000000 atp: 0.4259861876 (0.4999922463)
[2016.05.26 17:09:04][ 19%RAM][ 21%CPU][Info]: Bund: 7/50 E: 0.4259861876(0.4259861876) dE: -0.0000000000 dX: 0.0000000001 d: 0.2500000000 atp: 0.4259861876 (0.4999922463)
[2016.05.26 17:09:04][ 19%RAM][ 21%CPU][Info]: Bund: 8/50 E: 0.4259861876(0.4259861876) dE: -0.0000000000 dX: 0.0000000001 d: 0.5000000000 atp: 0.4259861876 (0.4999922463)
[2016.05.26 17:09:04][ 19%RAM][ 21%CPU][Info]: Bund: 9/50 E: 0.4259861876(0.4259861876) dE: 0.0000000000 dX: 0.0000000001 d: 0.2500000000 atp: 0.4259861876 (0.4999922463)
[2016.05.26 17:09:04][ 19%RAM][ 21%CPU][Info]: Remove tracks baseline 198 -> 198
[2016.05.26 17:09:04][ 19%RAM][ 21%CPU][Info]: Add points to tracks allSize: 8795 recSize: 198 the: 0.513911, 16
[2016.05.26 17:09:05][ 19%RAM][ 21%CPU][Info]: NrNew: 1115 nrAdd: 0 from: 2 images
[2016.05.26 17:09:05][ 19%RAM][ 21%CPU][Info]: Bundle camera: 4 tracks: 1313 ext_pos_rot
[2016.05.26 17:09:05][ 19%RAM][ 21%CPU][Info]: Bund: 0/0 E: 0.1921716145(0.1921716145) dE: 0.1393911218 dX: 0.0031843381 d: 0.5000000000 atp: 0.1921716145 (0.0000000000)
[2016.05.26 17:09:05][ 19%RAM][ 21%CPU][Info]: Bund: 0/1 E: 0.1919440362(0.1919440362) dE: 0.0011842450 dX: 0.0001072436 d: 0.2500000000 atp: 0.1919440362 (0.0000000000)
[2016.05.26 17:09:05][ 19%RAM][ 21%CPU][Info]: Bund: 0/50 E: 0.1919440356(0.1919440356) dE: 0.0000000035 dX: 0.0000015950 d: 0.1250000000 atp: 0.1919440356 (0.0000000000)
[2016.05.26 17:09:05][ 19%RAM][ 21%CPU][Info]: Bund: 1/50 E: 0.1919309243(0.1919309243) dE: 0.0000000023 dX: 0.0000001028 d: 0.0625000000 atp: 0.1919309243 (0.5000000000)
[2016.05.26 17:09:05][ 19%RAM][ 21%CPU][Info]: Bund: 2/50 E: 0.1919309217(0.1919309217) dE: 0.0000000000 dX: 0.0000000014 d: 0.0312500000 atp: 0.1919309217 (0.4999928488)
[2016.05.26 17:09:05][ 19%RAM][ 21%CPU][Info]: Bund: 3/50 E: 0.1919309217(0.1919309217) dE: 0.0000000000 dX: 0.0000000000 d: 0.0156250000 atp: 0.1919309217 (0.4999928487)
[2016.05.26 17:09:05][ 19%RAM][ 21%CPU][Info]: Bund: 4/50 E: 0.1919309217(0.1919309217) dE: -0.0000000000 dX: 0.0000000000 d: 0.0312500000 atp: 0.1919309217 (0.4999928487)
[2016.05.26 17:09:05][ 19%RAM][ 21%CPU][Info]: Bund: 5/50 E: 0.1919309217(0.1919309217) dE: -0.0000000000 dX: 0.0000000000 d: 0.0625000000 atp: 0.1919309217 (0.4999928487)
[2016.05.26 17:09:05][ 19%RAM][ 21%CPU][Info]: Bund: 6/50 E: 0.1919309217(0.1919309217) dE: -0.0000000000 dX: 0.0000000000 d: 0.1250000000 atp: 0.1919309217 (0.4999928487)
[2016.05.26 17:09:05][ 19%RAM][ 21%CPU][Info]: Bund: 7/50 E: 0.1919309217(0.1919309217) dE: -0.0000000000 dX: 0.0000000000 d: 0.2500000000 atp: 0.1919309217 (0.4999928487)
[2016.05.26 17:09:05][ 19%RAM][ 21%CPU][Info]: Bund: 8/50 E: 0.1919309217(0.1919309217) dE: -0.0000000000 dX: 0.0000000000 d: 0.5000000000 atp: 0.1919309217 (0.4999928487)
[2016.05.26 17:09:05][ 19%RAM][ 21%CPU][Info]: Bund: 9/50 E: 0.1919309217(0.1919309217) dE: -0.0000000000 dX: 0.0000000000 d: 1.0000000000 atp: 0.1919309217 (0.4999928487)
[2016.05.26 17:09:05][ 19%RAM][ 21%CPU][Info]: Init frame: 3 5 nrMatches: 1237 DJI_0004.JPG DJI_0006.JPG
[2016.05.26 17:09:05][ 19%RAM][ 21%CPU][Info]: Bundle camera: 5 tracks: 135 ext_pos_rot
[2016.05.26 17:09:05][ 19%RAM][ 21%CPU][Info]: Bund: 0/0 E: 5.4784926929(2.0536856272) dE: -1.6676393993 dX: 0.1028378649 d: 2.0000000000 atp: 5.4784926929 (0.0000000000)
[2016.05.26 17:09:05][ 19%RAM][ 21%CPU][Info]: Bund: 0/0 E: 4.2507492799(2.0536856272) dE: -1.0698149822 dX: 0.0890493092 d: 4.0000000000 atp: 4.2507492799 (0.0000000000)
[2016.05.26 17:09:05][ 19%RAM][ 21%CPU][Info]: Bund: 0/0 E: 2.8831803546(2.0536856272) dE: -0.4039054062 dX: 0.0702244304 d: 8.0000000000 atp: 2.8831803546 (0.0000000000)
[2016.05.26 17:09:05][ 19%RAM][ 21%CPU][Info]: Bund: 0/0 E: 1.7904417287(1.7904417287) dE: 0.1281812051 dX: 0.0493668874 d: 4.0000000000 atp: 1.7904417287 (0.0000000000)
[2016.05.26 17:09:05][ 19%RAM][ 21%CPU][Info]: Bund: 0/1 E: 0.8528046070(0.8528046070) dE: 0.5236903869 dX: 0.0525410353 d: 2.0000000000 atp: 0.8528046070 (0.0000000000)
[2016.05.26 17:09:05][ 19%RAM][ 21%CPU][Info]: Bund: 0/2 E: 0.8574787152(0.8528046070) dE: -0.0054808664 dX: 0.0605306084 d: 4.0000000000 atp: 0.8574787152 (0.0000000000)
[2016.05.26 17:09:05][ 19%RAM][ 21%CPU][Info]: Bund: 0/2 E: 0.7516026924(0.7516026924) dE: 0.1186695215 dX: 0.0365124407 d: 2.0000000000 atp: 0.7516026924 (0.0000000000)
[2016.05.26 17:09:05][ 19%RAM][ 21%CPU][Info]: Bund: 0/3 E: 0.7789159558(0.7516026924) dE: -0.0363400286 dX: 0.0489312170 d: 4.0000000000 atp: 0.7789159558 (0.0000000000)
[2016.05.26 17:09:05][ 19%RAM][ 21%CPU][Info]: Bund: 0/3 E: 0.7355890901(0.7355890901) dE: 0.0213059406 dX: 0.0282842469 d: 2.0000000000 atp: 0.7355890901 (0.0000000000)
[2016.05.26 17:09:05][ 19%RAM][ 21%CPU][Info]: Bund: 0/4 E: 0.7430587311(0.7355890901) dE: -0.0101546380 dX: 0.0411035656 d: 4.0000000000 atp: 0.7430587311 (0.0000000000)
[2016.05.26 17:09:05][ 19%RAM][ 21%CPU][Info]: Bund: 0/4 E: 0.7260513103(0.7260513103) dE: 0.0129661790 dX: 0.0231878531 d: 2.0000000000 atp: 0.7260513103 (0.0000000000)
[2016.05.26 17:09:05][ 19%RAM][ 21%CPU][Info]: Bund: 0/5 E: 0.7278683601(0.7260513103) dE: -0.0025026465 dX: 0.0354550069 d: 4.0000000000 atp: 0.7278683601 (0.0000000000)
[2016.05.26 17:09:05][ 19%RAM][ 21%CPU][Info]: Bund: 0/5 E: 0.7205357480(0.7205357480) dE: 0.0075966564 dX: 0.0196893924 d: 2.0000000000 atp: 0.7205357480 (0.0000000000)
[2016.05.26 17:09:05][ 19%RAM][ 21%CPU][Info]: Bund: 0/6 E: 0.7201590486(0.7201590486) dE: 0.0005228045 dX: 0.0311574381 d: 1.0000000000 atp: 0.7201590486 (0.0000000000)
[2016.05.26 17:09:05][ 19%RAM][ 21%CPU][Info]: Bund: 0/7 E: 0.7276252659(0.7201590486) dE: -0.0103674560 dX: 0.0435727119 d: 2.0000000000 atp: 0.7276252659 (0.0000000000)
[2016.05.26 17:09:05][ 19%RAM][ 21%CPU][Info]: Bund: 0/7 E: 0.7125476815(0.7125476815) dE: 0.0105690086 dX: 0.0251173939 d: 1.0000000000 atp: 0.7125476815 (0.0000000000)
[2016.05.26 17:09:05][ 19%RAM][ 21%CPU][Info]: Bund: 0/8 E: 0.7160708080(0.7125476815) dE: -0.0049444081 dX: 0.0368535180 d: 2.0000000000 atp: 0.7160708080 (0.0000000000)
[2016.05.26 17:09:05][ 19%RAM][ 21%CPU][Info]: Bund: 0/8 E: 0.7093717716(0.7093717716) dE: 0.0044571191 dX: 0.0209320109 d: 1.0000000000 atp: 0.7093717716 (0.0000000000)
[2016.05.26 17:09:05][ 19%RAM][ 21%CPU][Info]: Bund: 0/9 E: 0.7105414608(0.7093717716) dE: -0.0016489086 dX: 0.0317146459 d: 2.0000000000 atp: 0.7105414608 (0.0000000000)
[2016.05.26 17:09:05][ 19%RAM][ 21%CPU][Info]: Bund: 0/9 E: 0.7074173032(0.7074173032) dE: 0.0027552102 dX: 0.0178236766 d: 1.0000000000 atp: 0.7074173032 (0.0000000000)
[2016.05.26 17:09:05][ 19%RAM][ 21%CPU][Info]: Bund: 0/10 E: 0.7076112065(0.7074173032) dE: -0.0002741002 dX: 0.0276479976 d: 2.0000000000 atp: 0.7076112065 (0.0000000000)
[2016.05.26 17:09:05][ 19%RAM][ 21%CPU][Info]: Bund: 0/10 E: 0.7061108738(0.7061108738) dE: 0.0018467593 dX: 0.0154152899 d: 1.0000000000 atp: 0.7061108738 (0.0000000000)
[2016.05.26 17:09:05][ 19%RAM][ 21%CPU][Info]: Bund: 0/11 E: 0.7058995811(0.7058995811) dE: 0.0002992343 dX: 0.0243447136 d: 0.5000000000 atp: 0.7058995811 (0.0000000000)
[2016.05.26 17:09:05][ 19%RAM][ 21%CPU][Info]: Bund: 0/12 E: 0.7075316286(0.7058995811) dE: -0.0023120107 dX: 0.0330180918 d: 1.0000000000 atp: 0.7075316286 (0.0000000000)
[2016.05.26 17:09:05][ 19%RAM][ 21%CPU][Info]: Bund: 0/12 E: 0.7040818487(0.7040818487) dE: 0.0025750581 dX: 0.0194718269 d: 0.5000000000 atp: 0.7040818487 (0.0000000000)
[2016.05.26 17:09:05][ 19%RAM][ 21%CPU][Info]: Bund: 0/13 E: 0.7046783554(0.7040818487) dE: -0.0008472120 dX: 0.0272024223 d: 1.0000000000 atp: 0.7046783554 (0.0000000000)
[2016.05.26 17:09:05][ 19%RAM][ 21%CPU][Info]: Bund: 0/13 E: 0.7032485160(0.7032485160) dE: 0.0011835736 dX: 0.0158909439 d: 0.5000000000 atp: 0.7032485160 (0.0000000000)
[2016.05.26 17:09:05][ 19%RAM][ 21%CPU][Info]: Bund: 0/14 E: 0.7033572313(0.7032485160) dE: -0.0001545901 dX: 0.0226739488 d: 1.0000000000 atp: 0.7033572313 (0.0000000000)
[2016.05.26 17:09:05][ 19%RAM][ 21%CPU][Info]: Bund: 0/14 E: 0.7027582952(0.7027582952) dE: 0.0006970805 dX: 0.0131522113 d: 0.5000000000 atp: 0.7027582952 (0.0000000000)
[2016.05.26 17:09:05][ 19%RAM][ 21%CPU][Info]: Bund: 0/50 E: 0.7026944525(0.7026944525) dE: 0.0000908459 dX: 0.0190689668 d: 0.2500000000 atp: 0.7026944525 (0.0000000000)
[2016.05.26 17:09:05][ 19%RAM][ 21%CPU][Info]: Bund: 1/0 E: 0.7025063965(0.7024750807) dE: -0.0000445792 dX: 0.0223151855 d: 0.5000000000 atp: 0.7025063965 (0.5000000000)
[2016.05.26 17:09:05][ 19%RAM][ 21%CPU][Info]: Bund: 1/0 E: 0.7019184435(0.7019184435) dE: 0.0007923943 dX: 0.0139894304 d: 0.2500000000 atp: 0.7019184435 (0.5000000000)
[2016.05.26 17:09:05][ 19%RAM][ 21%CPU][Info]: Bund: 1/50 E: 0.7018850338(0.7018850338) dE: 0.0000475976 dX: 0.0168201001 d: 0.1250000000 atp: 0.7018850338 (0.5000000000)
[2016.05.26 17:09:05][ 19%RAM][ 21%CPU][Info]: Bund: 2/0 E: 0.7018160828(0.7018160828) dE: 0.0002638421 dX: 0.0150876933 d: 0.0625000000 atp: 0.7018160828 (0.4999878396)
[2016.05.26 17:09:05][ 19%RAM][ 21%CPU][Info]: Bund: 2/1 E: 0.7016572728(0.7016572728) dE: 0.0002262844 dX: 0.0090741913 d: 0.0312500000 atp: 0.7016572728 (0.4999878396)
[2016.05.26 17:09:05][ 19%RAM][ 21%CPU][Info]: Bund: 2/50 E: 0.7016361124(0.7016361124) dE: 0.0000301577 dX: 0.0033340706 d: 0.0156250000 atp: 0.7016361124 (0.4999878396)
[2016.05.26 17:09:05][ 19%RAM][ 21%CPU][Info]: Bund: 3/50 E: 0.7016822197(0.7016822197) dE: 0.0000006444 dX: 0.0007525201 d: 0.0078125000 atp: 0.7016822197 (0.4999903978)
[2016.05.26 17:09:05][ 19%RAM][ 21%CPU][Info]: Bund: 4/50 E: 0.7016805110(0.7016805110) dE: 0.0000000030 dX: 0.0000850925 d: 0.0039062500 atp: 0.7016805110 (0.4999913175)
[2016.05.26 17:09:05][ 19%RAM][ 21%CPU][Info]: Bund: 5/50 E: 0.7016803992(0.7016803992) dE: 0.0000000000 dX: 0.0000054947 d: 0.0019531250 atp: 0.7016803992 (0.4999912389)
[2016.05.26 17:09:05][ 19%RAM][ 21%CPU][Info]: Bund: 6/50 E: 0.7016803959(0.7016803959) dE: 0.0000000000 dX: 0.0000002310 d: 0.0009765625 atp: 0.7016803959 (0.4999912336)
[2016.05.26 17:09:05][ 19%RAM][ 21%CPU][Info]: Bund: 7/50 E: 0.7016803957(0.7016803957) dE: -0.0000000000 dX: 0.0000000077 d: 0.0019531250 atp: 0.7016803957 (0.4999912334)
[2016.05.26 17:09:05][ 19%RAM][ 21%CPU][Info]: Bund: 8/50 E: 0.7016803957(0.7016803957) dE: -0.0000000000 dX: 0.0000000077 d: 0.0039062500 atp: 0.7016803957 (0.4999912334)
[2016.05.26 17:09:05][ 19%RAM][ 21%CPU][Info]: Bund: 9/50 E: 0.7016803957(0.7016803957) dE: -0.0000000000 dX: 0.0000000076 d: 0.0078125000 atp: 0.7016803957 (0.4999912334)
[2016.05.26 17:09:05][ 19%RAM][ 21%CPU][Info]: Remove tracks baseline 135 -> 134
[2016.05.26 17:09:05][ 19%RAM][ 21%CPU][Info]: Add points to tracks allSize: 8795 recSize: 134 the: 0.513911, 16
[2016.05.26 17:09:05][ 19%RAM][ 21%CPU][Info]: NrNew: 407 nrAdd: 0 from: 2 images
[2016.05.26 17:09:05][ 19%RAM][ 21%CPU][Info]: Bundle camera: 5 tracks: 541 ext_pos_rot
[2016.05.26 17:09:05][ 19%RAM][ 21%CPU][Info]: Bund: 0/0 E: 0.3944492371(0.3944492371) dE: 0.0608023397 dX: 0.0043870923 d: 0.5000000000 atp: 0.3944492371 (0.0000000000)
[2016.05.26 17:09:05][ 19%RAM][ 21%CPU][Info]: Bund: 0/1 E: 0.3773047966(0.3773047966) dE: 0.0434642504 dX: 0.0000987474 d: 0.2500000000 atp: 0.3773047966 (0.0000000000)
[2016.05.26 17:09:05][ 19%RAM][ 21%CPU][Info]: Bund: 0/50 E: 0.3773046495(0.3773046495) dE: 0.0000003900 dX: 0.0000059845 d: 0.1250000000 atp: 0.3773046495 (0.0000000000)
[2016.05.26 17:09:05][ 19%RAM][ 21%CPU][Info]: Bund: 1/50 E: 0.3772427813(0.3772427813) dE: 0.0000000309 dX: 0.0000009048 d: 0.0625000000 atp: 0.3772427813 (0.5000000000)
[2016.05.26 17:09:05][ 19%RAM][ 21%CPU][Info]: Bund: 2/50 E: 0.3772426400(0.3772426400) dE: 0.0000000000 dX: 0.0000000065 d: 0.0312500000 atp: 0.3772426400 (0.4999923645)
[2016.05.26 17:09:05][ 19%RAM][ 21%CPU][Info]: Bund: 3/50 E: 0.3772426317(0.3772426317) dE: 0.0000000000 dX: 0.0000000005 d: 0.0156250000 atp: 0.3772426317 (0.4999923633)
[2016.05.26 17:09:05][ 19%RAM][ 21%CPU][Info]: Bund: 4/50 E: 0.3772426316(0.3772426316) dE: -0.0000000000 dX: 0.0000000000 d: 0.0312500000 atp: 0.3772426316 (0.4999923632)
[2016.05.26 17:09:05][ 19%RAM][ 21%CPU][Info]: Bund: 5/50 E: 0.3772426316(0.3772426316) dE: -0.0000000000 dX: 0.0000000000 d: 0.0625000000 atp: 0.3772426316 (0.4999923632)
[2016.05.26 17:09:05][ 19%RAM][ 21%CPU][Info]: Bund: 6/50 E: 0.3772426316(0.3772426316) dE: -0.0000000000 dX: 0.0000000000 d: 0.1250000000 atp: 0.3772426316 (0.4999923632)
[2016.05.26 17:09:05][ 19%RAM][ 21%CPU][Info]: Bund: 7/50 E: 0.3772426316(0.3772426316) dE: -0.0000000000 dX: 0.0000000000 d: 0.2500000000 atp: 0.3772426316 (0.4999923632)
[2016.05.26 17:09:05][ 19%RAM][ 21%CPU][Info]: Bund: 8/50 E: 0.3772426316(0.3772426316) dE: -0.0000000000 dX: 0.0000000000 d: 0.5000000000 atp: 0.3772426316 (0.4999923632)
[2016.05.26 17:09:05][ 19%RAM][ 21%CPU][Info]: Bund: 9/50 E: 0.3772426316(0.3772426316) dE: -0.0000000000 dX: 0.0000000000 d: 1.0000000000 atp: 0.3772426316 (0.4999923632)
[2016.05.26 17:09:05][ 19%RAM][ 21%CPU][Info]: Init frame: 1 2 nrMatches: 941 DJI_0002.JPG DJI_0003.JPG
[2016.05.26 17:09:05][ 19%RAM][ 21%CPU][Info]: Bundle camera: 2 tracks: 87 ext_pos_rot
[2016.05.26 17:09:05][ 19%RAM][ 21%CPU][Info]: Bund: 0/0 E: 0.4584244773(0.4584244773) dE: 0.3260919800 dX: 0.0170289507 d: 0.5000000000 atp: 0.4584244773 (0.0000000000)
[2016.05.26 17:09:05][ 19%RAM][ 21%CPU][Info]: Bund: 0/1 E: 0.2655219190(0.2655219190) dE: 0.4207946299 dX: 0.0005388300 d: 0.2500000000 atp: 0.2655219190 (0.0000000000)
[2016.05.26 17:09:05][ 19%RAM][ 21%CPU][Info]: Bund: 0/50 E: 0.2654988005(0.2654988005) dE: 0.0000870679 dX: 0.0008631240 d: 0.1250000000 atp: 0.2654988005 (0.0000000000)
[2016.05.26 17:09:05][ 19%RAM][ 21%CPU][Info]: Bund: 1/50 E: 0.2654932265(0.2654932265) dE: 0.0000040425 dX: 0.0000462956 d: 0.0625000000 atp: 0.2654932265 (0.5000000000)
[2016.05.26 17:09:05][ 19%RAM][ 21%CPU][Info]: Bund: 2/50 E: 0.2654932497(0.2654932497) dE: 0.0000000108 dX: 0.0000106957 d: 0.0312500000 atp: 0.2654932497 (0.4999929055)
[2016.05.26 17:09:05][ 19%RAM][ 21%CPU][Info]: Bund: 3/50 E: 0.2654932497(0.2654932497) dE: 0.0000000003 dX: 0.0000016077 d: 0.0156250000 atp: 0.2654932497 (0.4999929057)
[2016.05.26 17:09:05][ 19%RAM][ 21%CPU][Info]: Bund: 4/50 E: 0.2654932497(0.2654932497) dE: 0.0000000000 dX: 0.0000002861 d: 0.0078125000 atp: 0.2654932497 (0.4999929057)
[2016.05.26 17:09:05][ 19%RAM][ 21%CPU][Info]: Bund: 5/50 E: 0.2654932497(0.2654932497) dE: 0.0000000000 dX: 0.0000000512 d: 0.0039062500 atp: 0.2654932497 (0.4999929057)
[2016.05.26 17:09:05][ 19%RAM][ 21%CPU][Info]: Bund: 6/50 E: 0.2654932497(0.2654932497) dE: -0.0000000000 dX: 0.0000000094 d: 0.0078125000 atp: 0.2654932497 (0.4999929057)
[2016.05.26 17:09:05][ 19%RAM][ 21%CPU][Info]: Bund: 7/50 E: 0.2654932497(0.2654932497) dE: -0.0000000000 dX: 0.0000000093 d: 0.0156250000 atp: 0.2654932497 (0.4999929057)
[2016.05.26 17:09:05][ 19%RAM][ 21%CPU][Info]: Bund: 8/50 E: 0.2654932497(0.2654932497) dE: -0.0000000000 dX: 0.0000000093 d: 0.0312500000 atp: 0.2654932497 (0.4999929057)
[2016.05.26 17:09:05][ 19%RAM][ 21%CPU][Info]: Bund: 9/50 E: 0.2654932497(0.2654932497) dE: 0.0000000000 dX: 0.0000000093 d: 0.0156250000 atp: 0.2654932497 (0.4999929057)
[2016.05.26 17:09:05][ 19%RAM][ 21%CPU][Info]: Remove tracks baseline 87 -> 87
[2016.05.26 17:09:05][ 19%RAM][ 21%CPU][Info]: Add points to tracks allSize: 8795 recSize: 87 the: 0.513911, 16
[2016.05.26 17:09:05][ 19%RAM][ 21%CPU][Info]: NrNew: 365 nrAdd: 0 from: 2 images
[2016.05.26 17:09:05][ 19%RAM][ 21%CPU][Info]: Bundle camera: 2 tracks: 452 ext_pos_rot
[2016.05.26 17:09:05][ 19%RAM][ 21%CPU][Info]: Bund: 0/0 E: 0.1484134160(0.1484134160) dE: 0.1259968707 dX: 0.0020947738 d: 0.5000000000 atp: 0.1484134160 (0.0000000000)
[2016.05.26 17:09:05][ 19%RAM][ 21%CPU][Info]: Bund: 0/1 E: 0.1482132661(0.1482132661) dE: 0.0013485967 dX: 0.0009000841 d: 0.2500000000 atp: 0.1482132661 (0.0000000000)
[2016.05.26 17:09:05][ 19%RAM][ 21%CPU][Info]: Bund: 0/2 E: 0.1481090514(0.1481090514) dE: 0.0007031402 dX: 0.0010770057 d: 0.1250000000 atp: 0.1481090514 (0.0000000000)
[2016.05.26 17:09:05][ 19%RAM][ 21%CPU][Info]: Bund: 0/3 E: 0.1480653536(0.1480653536) dE: 0.0002950381 dX: 0.0008358295 d: 0.0625000000 atp: 0.1480653536 (0.0000000000)
[2016.05.26 17:09:05][ 19%RAM][ 21%CPU][Info]: Bund: 0/50 E: 0.1480582693(0.1480582693) dE: 0.0000478456 dX: 0.0003664546 d: 0.0312500000 atp: 0.1480582693 (0.0000000000)
[2016.05.26 17:09:05][ 19%RAM][ 21%CPU][Info]: Bund: 1/50 E: 0.1480554880(0.1480554880) dE: 0.0000020212 dX: 0.0000813707 d: 0.0156250000 atp: 0.1480554880 (0.5000000000)
[2016.05.26 17:09:05][ 19%RAM][ 21%CPU][Info]: Bund: 2/50 E: 0.1480554863(0.1480554863) dE: 0.0000000192 dX: 0.0000083023 d: 0.0078125000 atp: 0.1480554863 (0.4999929569)
[2016.05.26 17:09:05][ 19%RAM][ 21%CPU][Info]: Bund: 3/50 E: 0.1480554861(0.1480554861) dE: 0.0000000001 dX: 0.0000003624 d: 0.0039062500 atp: 0.1480554861 (0.4999929568)
[2016.05.26 17:09:05][ 19%RAM][ 21%CPU][Info]: Bund: 4/50 E: 0.1480554861(0.1480554861) dE: 0.0000000000 dX: 0.0000000117 d: 0.0019531250 atp: 0.1480554861 (0.4999929567)
[2016.05.26 17:09:05][ 19%RAM][ 21%CPU][Info]: Bund: 5/50 E: 0.1480554861(0.1480554861) dE: -0.0000000000 dX: 0.0000000004 d: 0.0039062500 atp: 0.1480554861 (0.4999929567)
[2016.05.26 17:09:05][ 19%RAM][ 21%CPU][Info]: Bund: 6/50 E: 0.1480554861(0.1480554861) dE: -0.0000000000 dX: 0.0000000004 d: 0.0078125000 atp: 0.1480554861 (0.4999929567)
[2016.05.26 17:09:05][ 19%RAM][ 21%CPU][Info]: Bund: 7/50 E: 0.1480554861(0.1480554861) dE: -0.0000000000 dX: 0.0000000004 d: 0.0156250000 atp: 0.1480554861 (0.4999929567)
[2016.05.26 17:09:05][ 19%RAM][ 21%CPU][Info]: Bund: 8/50 E: 0.1480554861(0.1480554861) dE: -0.0000000000 dX: 0.0000000003 d: 0.0312500000 atp: 0.1480554861 (0.4999929567)
[2016.05.26 17:09:05][ 19%RAM][ 21%CPU][Info]: Bund: 9/50 E: 0.1480554861(0.1480554861) dE: -0.0000000000 dX: 0.0000000003 d: 0.0625000000 atp: 0.1480554861 (0.4999929567)
[2016.05.26 17:09:05][ 19%RAM][ 21%CPU][Info]: Init frame 1 4 -> 5: 5849 matches, median rel baseline 28087.8 (0.525283) cal tracks 2144 (1) score 0.525283
[2016.05.26 17:09:05][ 19%RAM][ 21%CPU][Info]: Init frame 2 0 -> 1: 5407 matches, median rel baseline 53471.8 (1) cal tracks 2071 (0.965951) score 0.965951
[2016.05.26 17:09:05][ 19%RAM][ 21%CPU][Info]: Init frame 3 3 -> 4: 3946 matches, median rel baseline 22836.7 (0.427079) cal tracks 1313 (0.612407) score 0.261546
[2016.05.26 17:09:05][ 19%RAM][ 21%CPU][Info]: Init frame 4 3 -> 5: 2474 matches, median rel baseline 50238 (0.939523) cal tracks 540 (0.251866) score 0.236634
[2016.05.26 17:09:05][ 19%RAM][ 21%CPU][Info]: Init frame 5 1 -> 2: 1882 matches, median rel baseline 21515.6 (0.402374) cal tracks 451 (0.210354) score 0.0846411
[2016.05.26 17:09:05][ 19%RAM][ 21%CPU][Processing]: Calibrate
[2016.05.26 17:09:05][ 19%RAM][ 21%CPU][Info]: Select initial pair 0 DJI_0001.JPG - 1 DJI_0002.JPG
[2016.05.26 17:09:05][ 19%RAM][ 21%CPU][Info]: Start calibrating error: 0.13564 nrProjections: 4142 nrTracks: 2071 trackSize: 2071 s0(0) s1(0) s2(2071) s3(0) s4(0) s5(0)
[2016.05.26 17:09:05][ 19%RAM][ 21%CPU][Info]: Best image to add: DJI_0003.JPG with 149 match candidates
[2016.05.26 17:09:05][ 19%RAM][ 21%CPU][Info]: Add image: DJI_0003.JPG with: 149 matches and error: 0.186603
[2016.05.26 17:09:05][ 19%RAM][ 21%CPU][Info]: Bund: 0/50 E: 0.1427153312(0.1427153312) dE: 0.2351925438 dX: 0.0001753191 d: 50.0000000000 atp: 0.1427153312 (0.0000000000)
[2016.05.26 17:09:05][ 19%RAM][ 21%CPU][Info]: Bund: 1/50 E: 0.1420524330(0.1420524330) dE: 0.0007857859 dX: 0.0000462473 d: 25.0000000000 atp: 0.1420524330 (1.0000000000)
[2016.05.26 17:09:05][ 19%RAM][ 21%CPU][Info]: Bund: 2/50 E: 0.1418960020(0.1418960020) dE: 0.0001069809 dX: 0.0000217855 d: 12.5000000000 atp: 0.1418960020 (0.9999720105)
[2016.05.26 17:09:05][ 19%RAM][ 21%CPU][Info]: Bund: 3/50 E: 0.1417350911(0.1417350911) dE: 0.0000251111 dX: 0.0000219357 d: 6.2500000000 atp: 0.1417350911 (0.9999714687)
[2016.05.26 17:09:05][ 19%RAM][ 21%CPU][Info]: Bund: 4/50 E: 0.1416017980(0.1416017980) dE: 0.0000152080 dX: 0.0000252406 d: 3.1250000000 atp: 0.1416017980 (0.9999704796)
[2016.05.26 17:09:05][ 19%RAM][ 21%CPU][Info]: Bund: 5/50 E: 0.1414838279(0.1414838279) dE: 0.0000080535 dX: 0.0000195742 d: 1.5625000000 atp: 0.1414838279 (0.9999692528)
[2016.05.26 17:09:05][ 19%RAM][ 21%CPU][Info]: Bund: 6/50 E: 0.1413725304(0.1413725304) dE: 0.0000045394 dX: 0.0000091590 d: 0.7812500000 atp: 0.1413725304 (0.9999680090)
[2016.05.26 17:09:05][ 19%RAM][ 21%CPU][Info]: Bund: 7/50 E: 0.1412708293(0.1412708293) dE: 0.0000033697 dX: 0.0000024562 d: 0.3906250000 atp: 0.1412708293 (0.9999667699)
[2016.05.26 17:09:05][ 19%RAM][ 21%CPU][Info]: Bund: 8/50 E: 0.1411798868(0.1411798868) dE: 0.0000026869 dX: 0.0000010831 d: 0.1953125000 atp: 0.1411798868 (0.9999655905)
[2016.05.26 17:09:05][ 19%RAM][ 21%CPU][Info]: Bund: 9/50 E: 0.1410957602(0.1410957602) dE: 0.0000022853 dX: 0.0000011301 d: 0.0976562500 atp: 0.1410957602 (0.9999645065)
[2016.05.26 17:09:05][ 19%RAM][ 21%CPU][Info]: Add error: 0.142667 nrProjections: 4336 nrTracks: 2116 trackSize: 2116 s0(0) s1(0) s2(2012) s3(104) s4(0) s5(0)
[2016.05.26 17:09:05][ 19%RAM][ 21%CPU][Info]: Updated 3/4 (6)  trackSize: 2116 nrAdd: 149
[2016.05.26 17:09:05][ 19%RAM][ 21%CPU][Info]: ***********************
[2016.05.26 17:09:05][ 19%RAM][ 21%CPU][Info]: Best image to add: DJI_0005.JPG with 159 match candidates
[2016.05.26 17:09:05][ 19%RAM][ 21%CPU][Info]: Add image: DJI_0005.JPG with: 166 matches and error: 0.294328
[2016.05.26 17:09:05][ 19%RAM][ 21%CPU][Info]: Bund: 0/50 E: 0.2276279206(0.2276279206) dE: 0.2266194671 dX: 0.0252056394 d: 0.5000000000 atp: 0.2276279206 (0.0000000000)
[2016.05.26 17:09:05][ 19%RAM][ 21%CPU][Info]: Bund: 1/50 E: 0.1113764074(0.1113764074) dE: 0.0973011832 dX: 0.0155834659 d: 0.2500000000 atp: 0.1113764074 (1.0000000000)
[2016.05.26 17:09:05][ 19%RAM][ 21%CPU][Info]: Bund: 2/50 E: 0.1019939842(0.1019939842) dE: 0.0636443846 dX: 0.0116470681 d: 0.1250000000 atp: 0.1019939842 (0.9936086625)
[2016.05.26 17:09:05][ 19%RAM][ 21%CPU][Info]: Bund: 3/50 E: 0.1008119114(0.1008119114) dE: 0.0584702878 dX: 0.0108717055 d: 0.0625000000 atp: 0.1008119114 (0.9932416628)
[2016.05.26 17:09:05][ 19%RAM][ 21%CPU][Info]: Bund: 4/50 E: 0.0999118794(0.0999118794) dE: 0.0080091851 dX: 0.0085725680 d: 0.0312500000 atp: 0.0999118794 (0.9932903228)
[2016.05.26 17:09:05][ 19%RAM][ 21%CPU][Info]: Bund: 5/50 E: 0.1005169348(0.1005169348) dE: 0.0286827066 dX: 0.0118056571 d: 0.0156250000 atp: 0.1005169348 (0.9933486388)
[2016.05.26 17:09:05][ 19%RAM][ 21%CPU][Info]: Bund: 6/50 E: 0.0962138898(0.0962138898) dE: 0.0247046484 dX: 0.0111422867 d: 0.0078125000 atp: 0.0962138898 (0.9935345103)
[2016.05.26 17:09:05][ 19%RAM][ 21%CPU][Info]: Bund: 7/50 E: 0.0961063690(0.0961063690) dE: 0.0014432876 dX: 0.0038317006 d: 0.0039062500 atp: 0.0961063690 (0.9933381683)
[2016.05.26 17:09:05][ 19%RAM][ 21%CPU][Info]: Bund: 8/50 E: 0.0960840448(0.0960840448) dE: 0.0005487680 dX: 0.0037450172 d: 0.0019531250 atp: 0.0960840448 (0.9932041686)
[2016.05.26 17:09:05][ 19%RAM][ 21%CPU][Info]: Bund: 9/50 E: 0.0960655592(0.0960655592) dE: 0.0002541294 dX: 0.0040276934 d: 0.0009765625 atp: 0.0960655592 (0.9932511649)
[2016.05.26 17:09:05][ 19%RAM][ 21%CPU][Info]: Add error: 0.0964005 nrProjections: 4555 nrTracks: 2186 trackSize: 2186 s0(0) s1(0) s2(2016) s3(157) s4(13) s5(0)
[2016.05.26 17:09:05][ 19%RAM][ 21%CPU][Info]: Updated 4/4 (6)  trackSize: 2186 nrAdd: 166
[2016.05.26 17:09:05][ 19%RAM][ 21%CPU][Info]: ***********************
[2016.05.26 17:09:05][ 19%RAM][ 21%CPU][Info]: Best image to add: DJI_0006.JPG with 161 match candidates
[2016.05.26 17:09:05][ 19%RAM][ 21%CPU][Info]: Add image: DJI_0006.JPG with: 310 matches and error: 0.651697
[2016.05.26 17:09:05][ 19%RAM][ 21%CPU][Info]: Bund: 0/50 E: 0.2324089425(0.2324089425) dE: 0.2086860104 dX: 0.0186366340 d: 0.5000000000 atp: 0.2324089425 (0.0000000000)
[2016.05.26 17:09:05][ 19%RAM][ 21%CPU][Info]: Bund: 1/50 E: 0.1092658562(0.1092658562) dE: 0.1080257004 dX: 0.0124543283 d: 0.2500000000 atp: 0.1092658562 (1.0000000000)
[2016.05.26 17:09:05][ 19%RAM][ 21%CPU][Info]: Bund: 2/50 E: 0.1048080237(0.1048080237) dE: 0.0326926883 dX: 0.0086551501 d: 0.1250000000 atp: 0.1048080237 (0.9961080464)
[2016.05.26 17:09:05][ 19%RAM][ 21%CPU][Info]: Bund: 3/50 E: 0.1043055335(0.1043055335) dE: 0.0026739985 dX: 0.0059787626 d: 0.0625000000 atp: 0.1043055335 (0.9958431331)
[2016.05.26 17:09:05][ 19%RAM][ 21%CPU][Info]: Bund: 4/50 E: 0.1041944965(0.1041944965) dE: 0.0010003213 dX: 0.0068877176 d: 0.0312500000 atp: 0.1041944965 (0.9957421112)
[2016.05.26 17:09:05][ 19%RAM][ 28%CPU][Info]: Bund: 5/50 E: 0.1041277415(0.1041277415) dE: 0.0006797735 dX: 0.0083317866 d: 0.0156250000 atp: 0.1041277415 (0.9957155821)
[2016.05.26 17:09:05][ 19%RAM][ 28%CPU][Info]: Bund: 6/50 E: 0.1040839480(0.1040839480) dE: 0.0004227551 dX: 0.0089069060 d: 0.0078125000 atp: 0.1040839480 (0.9957110833)
[2016.05.26 17:09:05][ 19%RAM][ 28%CPU][Info]: Bund: 7/50 E: 0.1040637888(0.1040637888) dE: 0.0001812169 dX: 0.0074666102 d: 0.0039062500 atp: 0.1040637888 (0.9957111003)
[2016.05.26 17:09:05][ 19%RAM][ 28%CPU][Info]: Bund: 8/50 E: 0.1040575416(0.1040575416) dE: 0.0000463594 dX: 0.0043428543 d: 0.0019531250 atp: 0.1040575416 (0.9957121579)
[2016.05.26 17:09:05][ 19%RAM][ 28%CPU][Info]: Bund: 9/50 E: 0.1040556850(0.1040556850) dE: 0.0000084838 dX: 0.0020144047 d: 0.0009765625 atp: 0.1040556850 (0.9957134491)
[2016.05.26 17:09:05][ 19%RAM][ 28%CPU][Info]: Add error: 0.104402 nrProjections: 5063 nrTracks: 2396 trackSize: 2396 s0(0) s1(0) s2(2175) s3(178) s4(36) s5(7)
[2016.05.26 17:09:05][ 19%RAM][ 28%CPU][Info]: Updated 5/4 (6)  trackSize: 2396 nrAdd: 310
[2016.05.26 17:09:05][ 19%RAM][ 28%CPU][Info]: ***********************
[2016.05.26 17:09:05][ 19%RAM][ 28%CPU][Info]: Best image to add: DJI_0004.JPG with 216 match candidates
[2016.05.26 17:09:05][ 19%RAM][ 28%CPU][Info]: Add image: DJI_0004.JPG with: 149 matches and error: 0.5215
[2016.05.26 17:09:05][ 19%RAM][ 28%CPU][Info]: Bund: 0/50 E: 0.4157705130(0.4157705130) dE: 0.2027404155 dX: 0.0432114284 d: 0.5000000000 atp: 0.4157705130 (0.0000000000)
[2016.05.26 17:09:05][ 19%RAM][ 28%CPU][Info]: Bund: 1/50 E: 0.2098687755(0.2098687755) dE: 0.1610411728 dX: 0.0293125945 d: 0.2500000000 atp: 0.2098687755 (1.0000000000)
[2016.05.26 17:09:05][ 19%RAM][ 28%CPU][Info]: Bund: 2/50 E: 0.2148937236(0.2148937236) dE: 0.0637529740 dX: 0.0297080387 d: 0.1250000000 atp: 0.2148937236 (0.9905648104)
[2016.05.26 17:09:05][ 19%RAM][ 28%CPU][Info]: Bund: 3/50 E: 0.1988198206(0.1988198206) dE: 0.0206520664 dX: 0.0280896415 d: 0.0625000000 atp: 0.1988198206 (0.9916175008)
[2016.05.26 17:09:05][ 19%RAM][ 28%CPU][Info]: Bund: 4/50 E: 0.2034526853(0.2034526853) dE: 0.0327058341 dX: 0.0302431150 d: 0.0312500000 atp: 0.2034526853 (0.9903545425)
[2016.05.26 17:09:05][ 19%RAM][ 28%CPU][Info]: Bund: 5/50 E: 0.2024377596(0.2024377596) dE: 0.0194868684 dX: 0.0426266854 d: 0.0156250000 atp: 0.2024377596 (0.9907542555)
[2016.05.26 17:09:05][ 19%RAM][ 28%CPU][Info]: Bund: 6/50 E: 0.1947178250(0.1947178250) dE: 0.0208111423 dX: 0.0455548631 d: 0.0078125000 atp: 0.1947178250 (0.9913066275)
[2016.05.26 17:09:05][ 19%RAM][ 28%CPU][Info]: Bund: 7/50 E: 0.2009479937(0.2009479937) dE: 0.0334528836 dX: 0.0447993261 d: 0.0039062500 atp: 0.2009479937 (0.9911044873)
[2016.05.26 17:09:05][ 19%RAM][ 28%CPU][Info]: Bund: 8/50 E: 0.2020648299(0.2020648299) dE: 0.0019732652 dX: 0.0288224824 d: 0.0019531250 atp: 0.2020648299 (0.9916276834)
[2016.05.26 17:09:05][ 19%RAM][ 28%CPU][Info]: Bund: 9/50 E: 0.1958079154(0.1958079154) dE: 0.0128569856 dX: 0.0122990028 d: 0.0009765625 atp: 0.1958079154 (0.9917806540)
[2016.05.26 17:09:05][ 19%RAM][ 28%CPU][Info]: Add error: 0.119717 nrProjections: 5232 nrTracks: 2421 trackSize: 2421 s0(0) s1(0) s2(2115) s3(245) s4(43) s5(18)
[2016.05.26 17:09:05][ 19%RAM][ 28%CPU][Info]: Updated 6/4 (6)  trackSize: 2421 nrAdd: 149
[2016.05.26 17:09:05][ 19%RAM][ 28%CPU][Info]: ***********************
[2016.05.26 17:09:05][ 19%RAM][ 28%CPU][Info]: ***********************
[2016.05.26 17:09:05][ 19%RAM][ 28%CPU][Info]: ****Cluster done*******
[2016.05.26 17:09:05][ 19%RAM][ 28%CPU][Info]: ***********************
[2016.05.26 17:09:05][ 19%RAM][ 28%CPU][Info]: Add points to tracks allSize: 8795 recSize: 2421 the: 0.513911, 16
[2016.05.26 17:09:06][ 19%RAM][ 28%CPU][Info]: NrNew: 3112 nrAdd: 5 from: 6 images
[2016.05.26 17:09:06][ 19%RAM][ 28%CPU][Info]: Find more tracks error: 0.131822 nrProjections: 11895 nrTracks: 5533 trackSize: 5533 s0(0) s1(0) s2(4804) s3(653) s4(57) s5(19)
[2016.05.26 17:09:06][ 19%RAM][ 28%CPU][Info]: Bund: 0/0 E: 0.1999009068(0.1999009068) dE: 0.0102856308 dX: 0.0006438871 d: 50.0000000000 atp: 0.1999009068 (0.0000000000)
[2016.05.26 17:09:06][ 19%RAM][ 28%CPU][Info]: Bund: 0/1 E: 0.1993147226(0.1993147226) dE: 0.0029323741 dX: 0.0008617731 d: 25.0000000000 atp: 0.1993147226 (0.0000000000)
[2016.05.26 17:09:06][ 19%RAM][ 28%CPU][Info]: Bund: 0/2 E: 0.1989023757(0.1989023757) dE: 0.0020688228 dX: 0.0011093222 d: 12.5000000000 atp: 0.1989023757 (0.0000000000)
[2016.05.26 17:09:06][ 19%RAM][ 28%CPU][Info]: Bund: 0/3 E: 0.1985749106(0.1985749106) dE: 0.0016463610 dX: 0.0013882142 d: 6.2500000000 atp: 0.1985749106 (0.0000000000)
[2016.05.26 17:09:06][ 19%RAM][ 28%CPU][Info]: Bund: 0/4 E: 0.1982873709(0.1982873709) dE: 0.0014480162 dX: 0.0018095001 d: 3.1250000000 atp: 0.1982873709 (0.0000000000)
[2016.05.26 17:09:06][ 19%RAM][ 28%CPU][Info]: Bund: 0/5 E: 0.1980284159(0.1980284159) dE: 0.0013059580 dX: 0.0025778222 d: 1.5625000000 atp: 0.1980284159 (0.0000000000)
[2016.05.26 17:09:06][ 19%RAM][ 28%CPU][Info]: Bund: 0/6 E: 0.1977932568(0.1977932568) dE: 0.0011875023 dX: 0.0037569575 d: 0.7812500000 atp: 0.1977932568 (0.0000000000)
[2016.05.26 17:09:06][ 19%RAM][ 28%CPU][Info]: Bund: 0/7 E: 0.1975613431(0.1975613431) dE: 0.0011725055 dX: 0.0052783152 d: 0.3906250000 atp: 0.1975613431 (0.0000000000)
[2016.05.26 17:09:06][ 19%RAM][ 28%CPU][Info]: Bund: 0/8 E: 0.1973246110(0.1973246110) dE: 0.0011982710 dX: 0.0071710032 d: 0.1953125000 atp: 0.1973246110 (0.0000000000)
[2016.05.26 17:09:06][ 19%RAM][ 28%CPU][Info]: Bund: 0/9 E: 0.1971053629(0.1971053629) dE: 0.0011111040 dX: 0.0095467896 d: 0.0976562500 atp: 0.1971053629 (0.0000000000)
[2016.05.26 17:09:06][ 19%RAM][ 28%CPU][Info]: Bund: 0/10 E: 0.1969298914(0.1969298914) dE: 0.0008902423 dX: 0.0121928749 d: 0.0488281250 atp: 0.1969298914 (0.0000000000)
[2016.05.26 17:09:06][ 19%RAM][ 28%CPU][Info]: Bund: 0/11 E: 0.1967999879(0.1967999879) dE: 0.0006596432 dX: 0.0146905234 d: 0.0244140625 atp: 0.1967999879 (0.0000000000)
[2016.05.26 17:09:06][ 19%RAM][ 28%CPU][Info]: Bund: 0/12 E: 0.1967127585(0.1967127585) dE: 0.0004432386 dX: 0.0161482793 d: 0.0122070312 atp: 0.1967127585 (0.0000000000)
[2016.05.26 17:09:06][ 19%RAM][ 28%CPU][Info]: Bund: 0/13 E: 0.1966649037(0.1966649037) dE: 0.0002432728 dX: 0.0152684103 d: 0.0061035156 atp: 0.1966649037 (0.0000000000)
[2016.05.26 17:09:06][ 19%RAM][ 28%CPU][Info]: Bund: 0/14 E: 0.1966331677(0.1966331677) dE: 0.0001613709 dX: 0.0170885599 d: 0.0030517578 atp: 0.1966331677 (0.0000000000)
[2016.05.26 17:09:06][ 19%RAM][ 28%CPU][Info]: Bund: 0/15 E: 0.1965909951(0.1965909951) dE: 0.0002144734 dX: 0.0268207732 d: 0.0015258789 atp: 0.1965909951 (0.0000000000)
[2016.05.26 17:09:06][ 19%RAM][ 28%CPU][Info]: Bund: 0/16 E: 0.1965247715(0.1965247715) dE: 0.0003368594 dX: 0.0472322173 d: 0.0007629395 atp: 0.1965247715 (0.0000000000)
[2016.05.26 17:09:06][ 19%RAM][ 28%CPU][Info]: Bund: 0/17 E: 0.1964358342(0.1964358342) dE: 0.0004525504 dX: 0.0762066084 d: 0.0003814697 atp: 0.1964358342 (0.0000000000)
[2016.05.26 17:09:06][ 19%RAM][ 28%CPU][Info]: Bund: 0/18 E: 0.1963452024(0.1963452024) dE: 0.0004613810 dX: 0.1040793269 d: 0.0001907349 atp: 0.1963452024 (0.0000000000)
[2016.05.26 17:09:06][ 19%RAM][ 28%CPU][Info]: Bund: 0/19 E: 0.1962744961(0.1962744961) dE: 0.0003601124 dX: 0.1179738647 d: 0.0000953674 atp: 0.1962744961 (0.0000000000)
[2016.05.26 17:09:06][ 19%RAM][ 28%CPU][Info]: Bund: 0/20 E: 0.1962096187(0.1962096187) dE: 0.0003305440 dX: 0.1330921381 d: 0.0000476837 atp: 0.1962096187 (0.0000000000)
[2016.05.26 17:09:06][ 19%RAM][ 28%CPU][Info]: Bund: 0/21 E: 0.1961184415(0.1961184415) dE: 0.0004646929 dX: 0.1781532020 d: 0.0000238419 atp: 0.1961184415 (0.0000000000)
[2016.05.26 17:09:06][ 19%RAM][ 28%CPU][Info]: Bund: 0/22 E: 0.1959903954(0.1959903954) dE: 0.0006529017 dX: 0.2702376677 d: 0.0000119209 atp: 0.1959903954 (0.0000000000)
[2016.05.26 17:09:06][ 19%RAM][ 28%CPU][Info]: Bund: 0/23 E: 0.1958526778(0.1958526778) dE: 0.0007026757 dX: 0.3697747761 d: 0.0000059605 atp: 0.1958526778 (0.0000000000)
[2016.05.26 17:09:06][ 19%RAM][ 28%CPU][Info]: Bund: 0/24 E: 0.1957587395(0.1957587395) dE: 0.0004796371 dX: 0.3854130017 d: 0.0000029802 atp: 0.1957587395 (0.0000000000)
[2016.05.26 17:09:06][ 19%RAM][ 28%CPU][Info]: Bund: 0/25 E: 0.1957253887(0.1957253887) dE: 0.0001703670 dX: 0.2684199560 d: 0.0000014901 atp: 0.1957253887 (0.0000000000)
[2016.05.26 17:09:06][ 19%RAM][ 28%CPU][Info]: Bund: 0/50 E: 0.1957205485(0.1957205485) dE: 0.0000247299 dX: 0.1131139463 d: 0.0000007451 atp: 0.1957205485 (0.0000000000)
[2016.05.26 17:09:06][ 19%RAM][ 28%CPU][Info]: Bund: 1/50 E: 0.1698359428(0.1698359428) dE: 0.0232106976 dX: 0.1396623984 d: 0.0000003725 atp: 0.1698359428 (1.0000000000)
[2016.05.26 17:09:06][ 19%RAM][ 28%CPU][Info]: Bund: 2/50 E: 0.1707181768(0.1707181768) dE: 0.0104490136 dX: 0.0260209574 d: 0.0000001863 atp: 0.1707181768 (0.9950426273)
[2016.05.26 17:09:06][ 19%RAM][ 28%CPU][Info]: final error: 0.118597 nrProjections: 11861 nrTracks: 5518 trackSize: 5518 s0(0) s1(0) s2(4792) s3(651) s4(56) s5(19)
[2016.05.26 17:09:06][ 19%RAM][ 28%CPU][Info]: Filter camera tracks min visible: 20 nrCameras: 6
[2016.05.26 17:09:06][ 19%RAM][ 28%CPU][Info]: Filter camera tracks remaining cameras: 6
[2016.05.26 17:09:06][ 19%RAM][ 28%CPU][Info]: Filter camera tracks: 0 cameras removed
[2016.05.26 17:09:06][ 19%RAM][ 28%CPU][Info]: final filtered error: 0.118597 nrProjections: 11861 nrTracks: 5518 trackSize: 5518 s0(0) s1(0) s2(4792) s3(651) s4(56) s5(19)
[2016.05.26 17:09:06][ 19%RAM][ 28%CPU][Info]: ***********************
[2016.05.26 17:09:06][ 19%RAM][ 28%CPU][Info]: Write camera tracks D:\APP_PHOTO\PiX4D\Projets/test/1_initial/project_data/result_clusters_full_1.p4b_000.p4drec
[2016.05.26 17:09:06][ 19%RAM][ 28%CPU][Info]: Write camera tracks 6 cams (6 w/ geo), 0 MTPs, 0 3D GCPs, 5518 tracks
[2016.05.26 17:09:06][ 19%RAM][ 28%CPU][Info]: ***********************
[2016.05.26 17:09:06][ 19%RAM][ 28%CPU][Info]: 6/6 images in this cluster
[2016.05.26 17:09:06][ 19%RAM][ 28%CPU][Info]: RESULT for time Calibrate processing 01s:506ms / 0.0251 min.
[2016.05.26 17:09:06][ 19%RAM][ 28%CPU][Info]: *******************************
[2016.05.26 17:09:06][ 19%RAM][ 28%CPU][Info]: *******GeoreferenceProcessing**
[2016.05.26 17:09:06][ 19%RAM][ 28%CPU][Info]: *******************************
[2016.05.26 17:09:06][ 19%RAM][ 28%CPU][Info]: Calculate GeoRigidTransform with 6 images
[2016.05.26 17:09:06][ 19%RAM][ 28%CPU][Info]: Estimate rigid transform with 6 from 6 images
[2016.05.26 17:09:06][ 19%RAM][ 28%CPU][Processing]: Transform init.
[2016.05.26 17:09:06][ 19%RAM][ 28%CPU][Info]: gauss noise bias: none outlier model cov: 0.0373666  0.418322  0.639743 outlier probability: 1e-005
[2016.05.26 17:09:06][ 19%RAM][ 28%CPU][Info]: gauss noise bias: none outlier model cov: 0.0433549  0.936915  0.246185 outlier probability: 1e-005
[2016.05.26 17:09:06][ 19%RAM][ 28%CPU][Info]: gauss noise bias: none outlier model cov: 0.0433549  0.936915  0.246185 outlier probability: 1e-005
[2016.05.26 17:09:06][ 19%RAM][ 28%CPU][Info]: final ref error: 0.118597 nrProjections: 11861 nrTracks: 5518 trackSize: 5518 s0(0) s1(0) s2(4792) s3(651) s4(56) s5(19)
[2016.05.26 17:09:06][ 19%RAM][ 28%CPU][Processing]: Substep Camera calibration finished.
[2016.05.26 17:09:06][ 19%RAM][ 28%CPU][Processing]: Substep Rematch started.
[2016.05.26 17:09:06][ 19%RAM][ 28%CPU][Info]: *******************************
[2016.05.26 17:09:06][ 19%RAM][ 28%CPU][Info]: ******* ReMatchProcessing *****
[2016.05.26 17:09:06][ 19%RAM][ 28%CPU][Info]: *******************************
[2016.05.26 17:09:06][ 19%RAM][ 28%CPU][Info]: Rematch 
[2016.05.26 17:09:06][ 19%RAM][ 28%CPU][Info]: Reading keypoints from <D:\APP_PHOTO\PiX4D\Projets/test/1_initial/project_data/feat_full_1.p4b>...
[2016.05.26 17:09:06][ 19%RAM][ 28%CPU][Processing]: Read keypoints.
[2016.05.26 17:09:06][ 19%RAM][ 28%CPU][Info]: Rematch camera positions
[2016.05.26 17:09:06][ 19%RAM][ 28%CPU][Info]: MatchSet: loading D:\APP_PHOTO\PiX4D\Projets/test/1_initial/project_data/mat_full_1.p4b...
[2016.05.26 17:09:06][ 19%RAM][ 28%CPU][Processing]: Read pairs.
[2016.05.26 17:09:06][ 19%RAM][ 28%CPU][Processing]: Read matches.
[2016.05.26 17:09:06][ 19%RAM][ 28%CPU][Info]: 14 pairs loaded
[2016.05.26 17:09:06][ 19%RAM][ 28%CPU][Info]: Number of existing pairs: 14
[2016.05.26 17:09:06][ 19%RAM][ 28%CPU][Processing]: Generating pairs
[2016.05.26 17:09:06][ 19%RAM][ 28%CPU][Info]: Add pairs triangle cam 18446744073709551615 (all) nrCorr 5 sigIm 20 pos min 1.79769e+308 1.79769e+308 max -1.79769e+308 -1.79769e+308
[2016.05.26 17:09:06][ 19%RAM][ 28%CPU][Info]: Add pairs triangle cam, nr vertices: 6 triangles: 5
[2016.05.26 17:09:06][ 19%RAM][ 28%CPU][Info]: Add pairs triangle cam, nr vertices: 6 triangles: 6
[2016.05.26 17:09:06][ 19%RAM][ 28%CPU][Info]: Add pairs triangle cam, nr vertices: 6 triangles: 6
[2016.05.26 17:09:06][ 19%RAM][ 28%CPU][Info]: Add pairs triangle cam, nr vertices: 6 triangles: 5
[2016.05.26 17:09:06][ 19%RAM][ 28%CPU][Info]: Add pairs triangle cam, nr vertices: 6 triangles: 6
[2016.05.26 17:09:06][ 19%RAM][ 28%CPU][Info]: Add pairs triangle cam 18446744073709551615 (all) medDist 100 nrPairs 0 nrRejected: 0/1
[2016.05.26 17:09:06][ 19%RAM][ 28%CPU][Info]: Add pairs from MTPs: 5 best correspondences 0 new pairs
[2016.05.26 17:09:06][ 19%RAM][ 28%CPU][Processing]: Generating pairs
[2016.05.26 17:09:06][ 19%RAM][ 28%CPU][Info]: Projection: 0 new pairs
[2016.05.26 17:09:06][ 19%RAM][ 28%CPU][Info]: Pair generator rematch nrPairs: 15
[2016.05.26 17:09:06][ 19%RAM][ 28%CPU][Info]: Need to rematch based on camera positions: 15 nr pairs
[2016.05.26 17:09:06][ 19%RAM][ 28%CPU][Processing]: Computing rematches
[2016.05.26 17:09:06][ 19%RAM][ 28%CPU][Info]: Matching: need to process 1 pairs
[2016.05.26 17:09:06][ 19%RAM][ 28%CPU][Info]: Computing rematches [0/0] elapsed 000ms ...
[2016.05.26 17:09:06][ 19%RAM][ 28%CPU][Info]: Matched pair 4: <DJI_0001.JPG(0,42336),DJI_0006.JPG(5,43511)>: nrMatches 552 | on GPU 1 GeForce GTX 670
[2016.05.26 17:09:06][ 19%RAM][ 28%CPU][Info]: >>>Computing rematches<<< done in 500ms / 0.00833333 min.
[2016.05.26 17:09:06][ 19%RAM][ 28%CPU][Info]: MatchSet: saving to D:\APP_PHOTO\PiX4D\Projets/test/1_initial/project_data/mat_full_1.p4b...
[2016.05.26 17:09:06][ 19%RAM][ 28%CPU][Processing]: Write pairs.
[2016.05.26 17:09:06][ 19%RAM][ 28%CPU][Processing]: Write matches.
[2016.05.26 17:09:06][ 19%RAM][ 28%CPU][Info]: Statistics before adding tracks  error: 0.118597 nrProjections: 11861 nrTracks: 5518 trackSize: 5518 s0(0) s1(0) s2(4792) s3(651) s4(56) s5(19)
[2016.05.26 17:09:06][ 19%RAM][ 28%CPU][Info]: Add tracks with error 2.5
[2016.05.26 17:09:06][ 19%RAM][ 28%CPU][Processing]: Add matches.
[2016.05.26 17:09:06][ 19%RAM][ 44%CPU][Info]: Statistics after adding tracks  error: 0.14111 nrProjections: 13338 nrTracks: 6158 trackSize: 6158 s0(0) s1(0) s2(5270) s3(787) s4(75) s5(26)
[2016.05.26 17:09:06][ 19%RAM][ 44%CPU][Info]: Rematch all calibrated cameras
[2016.05.26 17:09:06][ 19%RAM][ 44%CPU][Info]: Compute matches near track
[2016.05.26 17:09:06][ 19%RAM][ 44%CPU][Processing]: Rematch init.
[2016.05.26 17:09:06][ 19%RAM][ 44%CPU][Info]: Add pairs triangle points 2392 triangles 4759 for: G:/DCIM/100MEDIA/DJI_0001.JPG
[2016.05.26 17:09:06][ 19%RAM][ 44%CPU][Info]: Add pairs triangle points 2790 triangles 5558 for: G:/DCIM/100MEDIA/DJI_0002.JPG
[2016.05.26 17:09:06][ 19%RAM][ 44%CPU][Info]: Add pairs triangle points 987 triangles 1949 for: G:/DCIM/100MEDIA/DJI_0003.JPG
[2016.05.26 17:09:06][ 19%RAM][ 44%CPU][Info]: Add pairs triangle points 1867 triangles 3709 for: G:/DCIM/100MEDIA/DJI_0004.JPG
[2016.05.26 17:09:06][ 19%RAM][ 44%CPU][Info]: Add pairs triangle points 3200 triangles 6378 for: G:/DCIM/100MEDIA/DJI_0005.JPG
[2016.05.26 17:09:07][ 19%RAM][ 44%CPU][Info]: Add pairs triangle points 2411 triangles 4798 for: G:/DCIM/100MEDIA/DJI_0006.JPG
[2016.05.26 17:09:07][ 19%RAM][ 44%CPU][Processing]: Rematch images.
[2016.05.26 17:09:07][ 19%RAM][ 44%CPU][Info]: Statistics before adding tracks  error: 0.14111 nrProjections: 13338 nrTracks: 6158 trackSize: 6158 s0(0) s1(0) s2(5270) s3(787) s4(75) s5(26)
[2016.05.26 17:09:07][ 19%RAM][ 44%CPU][Info]: Add tracks with error 2.5
[2016.05.26 17:09:07][ 19%RAM][ 44%CPU][Processing]: Add matches.
[2016.05.26 17:09:07][ 19%RAM][ 44%CPU][Info]: Statistics after adding tracks  error: 0.188119 nrProjections: 21045 nrTracks: 9849 trackSize: 9849 s0(0) s1(0) s2(8651) s3(1085) s4(85) s5(28)
[2016.05.26 17:09:07][ 19%RAM][ 44%CPU][Info]: Compute noise distribution on gps with bias type 0.
[2016.05.26 17:09:07][ 19%RAM][ 44%CPU][Info]: gauss noise bias: none outlier model cov: 0 0 0 outlier probability: 0
[2016.05.26 17:09:07][ 19%RAM][ 44%CPU][Info]: gauss noise bias: none outlier model cov: 0.20801  3.1346 1.53368 outlier probability: 0
[2016.05.26 17:09:07][ 19%RAM][ 44%CPU][Info]: gauss noise bias: none outlier model cov: 0.20801  3.1346 1.53368 outlier probability: 1e-020
[2016.05.26 17:09:07][ 19%RAM][ 44%CPU][Info]: gauss noise bias: none outlier model cov: 0.20801  3.1346 1.53368 outlier probability: 1e-020
[2016.05.26 17:09:07][ 19%RAM][ 44%CPU][Info]: GCP's computeNoiseDistribution
[2016.05.26 17:09:07][ 19%RAM][ 44%CPU][Info]: Bundle with GPS GCP: int_all ext_all div: 40 tracks: 9849 gcps: 0 cams: 6
[2016.05.26 17:09:07][ 19%RAM][ 44%CPU][Info]: Estimated GPS bias: none 
[2016.05.26 17:09:07][ 19%RAM][ 44%CPU][Info]: Nr3DAtp: 604 nr3DMtp: 0 nr3DSkip: 9245 nrMeasAtp: 2992 nrMeasMtp: 0
[2016.05.26 17:09:07][ 19%RAM][ 44%CPU][Info]: NrMeasGPS: 18 nrMeasGCP: 0 nrMeasScale: 0 nrMeasOri: 0 nrMeasBias: 0 nrMeasPrior: 0
[2016.05.26 17:09:07][ 19%RAM][ 44%CPU][Info]: NrInternal: 8 nrMotion: 36 nrStructAtp: 1812 nrStructMtp: 0 nrCameras: 6 nrUseCameras: 6 nrBias: 0
[2016.05.26 17:09:07][ 19%RAM][ 44%CPU][Info]: NrInvalidMtp 0 nrInvalidAtp 0
[2016.05.26 17:09:07][ 19%RAM][ 44%CPU][Info]: ErrorGPS: 0.0627844 ratio GPS xyz: 0.02246 0.0871884 0.0609866 sumwei GPS: 6 6 6
[2016.05.26 17:09:07][ 19%RAM][ 44%CPU][Info]: A(50882,50882) nrMeas: 3010 3010 nrpar: 1856 1856 error 0.223617 maxErrAtp 3.70002 maxErrMtp 0
[2016.05.26 17:09:07][ 19%RAM][ 44%CPU][Processing]: Optimize with geoinformation.
[2016.05.26 17:09:07][ 19%RAM][ 44%CPU][Info]: Bund: 0/0 E: 0.1992923509(0.1992923509) dE: 0.1087777476 dX: 0.0022901961 d: 50.0000000000 atp: 0.0399503372 (1.0000000000) gps: 0.0010049399 (1.0000000000)
[2016.05.26 17:09:07][ 19%RAM][ 44%CPU][Info]: Bund: 0/1 E: 0.1965868692(0.1965868692) dE: 0.0135754420 dX: 0.0015014162 d: 25.0000000000 atp: 0.0388728035 (1.0000000000) gps: 0.0010126305 (1.0000000000)
[2016.05.26 17:09:07][ 19%RAM][ 44%CPU][Info]: Bund: 0/2 E: 0.1956406389(0.1956406389) dE: 0.0048132932 dX: 0.0014780544 d: 12.5000000000 atp: 0.0384993994 (1.0000000000) gps: 0.0010182427 (1.0000000000)
[2016.05.26 17:09:07][ 19%RAM][ 44%CPU][Info]: Bund: 0/3 E: 0.1950515361(0.1950515361) dE: 0.0030111473 dX: 0.0017367224 d: 6.2500000000 atp: 0.0382678206 (1.0000000000) gps: 0.0010242719 (1.0000000000)
[2016.05.26 17:09:07][ 19%RAM][ 44%CPU][Info]: Bund: 0/4 E: 0.1945730387(0.1945730387) dE: 0.0024531848 dX: 0.0021509287 d: 3.1250000000 atp: 0.0380802192 (1.0000000000) gps: 0.0010318338 (1.0000000000)
[2016.05.26 17:09:07][ 19%RAM][ 44%CPU][Info]: Bund: 0/5 E: 0.1941810307(0.1941810307) dE: 0.0020147086 dX: 0.0027075169 d: 1.5625000000 atp: 0.0379268532 (1.0000000000) gps: 0.0010408856 (1.0000000000)
[2016.05.26 17:09:07][ 19%RAM][ 44%CPU][Info]: Bund: 0/6 E: 0.1938784841(0.1938784841) dE: 0.0015580645 dX: 0.0033977225 d: 0.7812500000 atp: 0.0378086877 (1.0000000000) gps: 0.0010497228 (1.0000000000)
[2016.05.26 17:09:07][ 19%RAM][ 17%CPU][Info]: Bund: 0/7 E: 0.1936346904(0.1936346904) dE: 0.0012574563 dX: 0.0044238976 d: 0.3906250000 atp: 0.0377136018 (1.0000000000) gps: 0.0010570729 (1.0000000000)
[2016.05.26 17:09:07][ 19%RAM][ 17%CPU][Info]: Bund: 0/8 E: 0.1934500983(0.1934500983) dE: 0.0009533009 dX: 0.0053734366 d: 0.1953125000 atp: 0.0376416797 (1.0000000000) gps: 0.0010636277 (1.0000000000)
[2016.05.26 17:09:07][ 19%RAM][ 17%CPU][Info]: Bund: 0/9 E: 0.1933494116(0.1933494116) dE: 0.0005204788 dX: 0.0052872172 d: 0.0976562500 atp: 0.0376024658 (1.0000000000) gps: 0.0010692875 (1.0000000000)
[2016.05.26 17:09:07][ 19%RAM][ 17%CPU][Info]: Bund: 0/10 E: 0.1933128157(0.1933128157) dE: 0.0001892734 dX: 0.0037931002 d: 0.0488281250 atp: 0.0375882127 (1.0000000000) gps: 0.0010722285 (1.0000000000)
[2016.05.26 17:09:07][ 19%RAM][ 17%CPU][Info]: Bund: 0/11 E: 0.1932948309(0.1932948309) dE: 0.0000930345 dX: 0.0022322948 d: 0.0244140625 atp: 0.0375812193 (1.0000000000) gps: 0.0010719891 (1.0000000000)
[2016.05.26 17:09:07][ 19%RAM][ 17%CPU][Info]: Bund: 0/12 E: 0.1932734289(0.1932734289) dE: 0.0001107222 dX: 0.0018135570 d: 0.0122070312 atp: 0.0375729099 (1.0000000000) gps: 0.0010696999 (1.0000000000)
[2016.05.26 17:09:07][ 19%RAM][ 17%CPU][Info]: Bund: 0/13 E: 0.1932408375(0.1932408375) dE: 0.0001686287 dX: 0.0034002521 d: 0.0061035156 atp: 0.0375602605 (1.0000000000) gps: 0.0010658166 (1.0000000000)
[2016.05.26 17:09:07][ 19%RAM][ 17%CPU][Info]: Bund: 0/14 E: 0.1931882666(0.1931882666) dE: 0.0002720485 dX: 0.0070728163 d: 0.0030517578 atp: 0.0375398590 (1.0000000000) gps: 0.0010598819 (1.0000000000)
[2016.05.26 17:09:07][ 19%RAM][ 17%CPU][Info]: Bund: 0/15 E: 0.1930977924(0.1930977924) dE: 0.0004683212 dX: 0.0139393892 d: 0.0015258789 atp: 0.0375047451 (1.0000000000) gps: 0.0010523669 (1.0000000000)
[2016.05.26 17:09:07][ 19%RAM][ 17%CPU][Info]: Bund: 0/16 E: 0.1929347116(0.1929347116) dE: 0.0008445505 dX: 0.0269209035 d: 0.0007629395 atp: 0.0374414152 (1.0000000000) gps: 0.0010518046 (1.0000000000)
[2016.05.26 17:09:07][ 19%RAM][ 17%CPU][Info]: Bund: 0/17 E: 0.1926770215(0.1926770215) dE: 0.0013356334 dX: 0.0524339662 d: 0.0003814697 atp: 0.0373411497 (1.0000000000) gps: 0.0011015804 (1.0000000000)
[2016.05.26 17:09:07][ 19%RAM][ 17%CPU][Info]: Bund: 0/18 E: 0.1929240945(0.1926770215) dE: -0.0012823166 dX: 0.1016696475 d: 0.0007629395 atp: 0.0374354188 (1.0000000000) gps: 0.0013634815 (1.0000000000)
[2016.05.26 17:09:07][ 19%RAM][ 17%CPU][Info]: Bund: 0/19 E: 0.1923785644(0.1923785644) dE: 0.0015490023 dX: 0.0516872741 d: 0.0003814697 atp: 0.0372248755 (1.0000000000) gps: 0.0012113214 (1.0000000000)
[2016.05.26 17:09:07][ 19%RAM][ 17%CPU][Info]: Bund: 0/20 E: 0.1926212303(0.1923785644) dE: -0.0012613979 dX: 0.1015024123 d: 0.0007629395 atp: 0.0373166982 (1.0000000000) gps: 0.0015713028 (1.0000000000)
[2016.05.26 17:09:07][ 19%RAM][ 17%CPU][Info]: Bund: 0/21 E: 0.1920893275(0.1920893275) dE: 0.0015034779 dX: 0.0512533311 d: 0.0003814697 atp: 0.0371120267 (1.0000000000) gps: 0.0013738028 (1.0000000000)
[2016.05.26 17:09:07][ 19%RAM][ 17%CPU][Info]: Bund: 0/22 E: 0.1923179791(0.1920893275) dE: -0.0011903398 dX: 0.1019743993 d: 0.0007629395 atp: 0.0371977490 (1.0000000000) gps: 0.0018229031 (1.0000000000)
[2016.05.26 17:09:07][ 19%RAM][ 17%CPU][Info]: Bund: 0/23 E: 0.1918082626(0.1918082626) dE: 0.0014631990 dX: 0.0511853363 d: 0.0003814697 atp: 0.0370022138 (1.0000000000) gps: 0.0015838355 (1.0000000000)
[2016.05.26 17:09:07][ 19%RAM][ 17%CPU][Info]: Bund: 0/24 E: 0.1920175734(0.1918082626) dE: -0.0010912503 dX: 0.1028077355 d: 0.0007629395 atp: 0.0370798418 (1.0000000000) gps: 0.0021147978 (1.0000000000)
[2016.05.26 17:09:07][ 19%RAM][ 17%CPU][Info]: Bund: 0/25 E: 0.1915349359(0.1915349359) dE: 0.0014249994 dX: 0.0514147604 d: 0.0003814697 atp: 0.0368952803 (1.0000000000) gps: 0.0018373665 (1.0000000000)
[2016.05.26 17:09:07][ 19%RAM][ 17%CPU][Info]: Bund: 0/26 E: 0.1917219066(0.1915349359) dE: -0.0009761701 dX: 0.1034506840 d: 0.0007629395 atp: 0.0369637202 (1.0000000000) gps: 0.0024439090 (1.0000000000)
[2016.05.26 17:09:07][ 19%RAM][ 17%CPU][Info]: Bund: 0/27 E: 0.1912690883(0.1912690883) dE: 0.0013879851 dX: 0.0517870654 d: 0.0003814697 atp: 0.0367911340 (1.0000000000) gps: 0.0021310004 (1.0000000000)
[2016.05.26 17:09:07][ 19%RAM][ 17%CPU][Info]: Bund: 0/28 E: 0.1914322703(0.1912690883) dE: -0.0008531541 dX: 0.1040345602 d: 0.0007629395 atp: 0.0368498905 (1.0000000000) gps: 0.0028073879 (1.0000000000)
[2016.05.26 17:09:07][ 19%RAM][ 17%CPU][Info]: Bund: 0/29 E: 0.1910105755(0.1910105755) dE: 0.0013515657 dX: 0.0520714913 d: 0.0003814697 atp: 0.0366897258 (1.0000000000) gps: 0.0024617101 (1.0000000000)
[2016.05.26 17:09:08][ 19%RAM][ 17%CPU][Info]: Bund: 0/30 E: 0.1911495667(0.1910105755) dE: -0.0007276624 dX: 0.1046219522 d: 0.0007629395 atp: 0.0367387055 (1.0000000000) gps: 0.0032025178 (1.0000000000)
[2016.05.26 17:09:08][ 19%RAM][ 17%CPU][Info]: Bund: 0/31 E: 0.1907593123(0.1907593123) dE: 0.0013154417 dX: 0.0523303757 d: 0.0003814697 atp: 0.0365910283 (1.0000000000) gps: 0.0028266737 (1.0000000000)
[2016.05.26 17:09:08][ 19%RAM][ 17%CPU][Info]: Bund: 0/32 E: 0.1908744094(0.1907593123) dE: -0.0006033630 dX: 0.1051090660 d: 0.0007629395 atp: 0.0366304047 (1.0000000000) gps: 0.0036266650 (1.0000000000)
[2016.05.26 17:09:08][ 19%RAM][ 17%CPU][Info]: Bund: 0/33 E: 0.1905152363(0.1905152363) dE: 0.0012794970 dX: 0.0525941123 d: 0.0003814697 atp: 0.0364950230 (1.0000000000) gps: 0.0032231875 (1.0000000000)
[2016.05.26 17:09:08][ 19%RAM][ 17%CPU][Info]: Bund: 0/34 E: 0.1906071941(0.1905152363) dE: -0.0004826793 dX: 0.1054812756 d: 0.0007629395 atp: 0.0365251429 (1.0000000000) gps: 0.0040772566 (1.0000000000)
[2016.05.26 17:09:08][ 19%RAM][ 17%CPU][Info]: Bund: 0/35 E: 0.1902782901(0.1902782901) dE: 0.0012437128 dX: 0.0528126900 d: 0.0003814697 atp: 0.0364016932 (1.0000000000) gps: 0.0036486234 (1.0000000000)
[2016.05.26 17:09:08][ 19%RAM][ 17%CPU][Info]: Bund: 0/36 E: 0.1903481554(0.1902782901) dE: -0.0003671748 dX: 0.1057645286 d: 0.0007629395 atp: 0.0364230124 (1.0000000000) gps: 0.0045517730 (1.0000000000)
[2016.05.26 17:09:08][ 19%RAM][ 17%CPU][Info]: Bund: 0/37 E: 0.1900484114(0.1900484114) dE: 0.0012081180 dX: 0.0529763555 d: 0.0003814697 atp: 0.0363110203 (1.0000000000) gps: 0.0041004105 (1.0000000000)
[2016.05.26 17:09:08][ 19%RAM][ 17%CPU][Info]: Bund: 0/38 E: 0.1900974098(0.1900484114) dE: -0.0002578205 dX: 0.1059655967 d: 0.0007629395 atp: 0.0363240596 (1.0000000000) gps: 0.0050477490 (1.0000000000)
[2016.05.26 17:09:08][ 19%RAM][ 17%CPU][Info]: Bund: 0/39 E: 0.1898255300(0.1898255300) dE: 0.0011727612 dX: 0.0531003161 d: 0.0003814697 atp: 0.0362229827 (1.0000000000) gps: 0.0045760297 (1.0000000000)
[2016.05.26 17:09:08][ 19%RAM][ 17%CPU][Info]: Bund: 0/40 E: 0.1898549873(0.1898255300) dE: -0.0001551807 dX: 0.1060903588 d: 0.0007629395 atp: 0.0362282981 (1.0000000000) gps: 0.0055627774 (1.0000000000)
[2016.05.26 17:09:08][ 19%RAM][ 17%CPU][Info]: Bund: 0/41 E: 0.1896095659(0.1896095659) dE: 0.0011376980 dX: 0.0531839155 d: 0.0003814697 atp: 0.0361375555 (1.0000000000) gps: 0.0050730154 (1.0000000000)
[2016.05.26 17:09:08][ 19%RAM][ 17%CPU][Info]: Bund: 0/42 E: 0.1896208552(0.1896095659) dE: -0.0000595399 dX: 0.1061431823 d: 0.0007629395 atp: 0.0361357171 (1.0000000000) gps: 0.0060945154 (1.0000000000)
[2016.05.26 17:09:08][ 19%RAM][ 17%CPU][Info]: Bund: 0/43 E: 0.1894004296(0.1894004296) dE: 0.0011029840 dX: 0.0532322984 d: 0.0003814697 atp: 0.0360547099 (1.0000000000) gps: 0.0055889607 (1.0000000000)
[2016.05.26 17:09:08][ 19%RAM][ 17%CPU][Info]: Bund: 0/44 E: 0.1893949351(0.1893949351) dE: 0.0000290100 dX: 0.1061312650 d: 0.0001907349 atp: 0.0360462889 (1.0000000000) gps: 0.0066406904 (1.0000000000)
[2016.05.26 17:09:08][ 19%RAM][ 17%CPU][Info]: Bund: 0/45 E: 0.1929160813(0.1893949351) dE: -0.0185915543 dX: 0.2086306364 d: 0.0003814697 atp: 0.0373877937 (1.0000000000) gps: 0.0087628175 (1.0000000000)
[2016.05.26 17:09:08][ 19%RAM][ 17%CPU][Info]: Bund: 0/46 E: 0.1889684174(0.1889684174) dE: 0.0022520015 dX: 0.1056496941 d: 0.0001907349 atp: 0.0358773211 (1.0000000000) gps: 0.0077407948 (1.0000000000)
[2016.05.26 17:09:08][ 19%RAM][ 17%CPU][Info]: Bund: 0/47 E: 0.1919108612(0.1889684174) dE: -0.0155710877 dX: 0.2074844934 d: 0.0003814697 atp: 0.0369917405 (1.0000000000) gps: 0.0099081281 (1.0000000000)
[2016.05.26 17:09:08][ 19%RAM][ 17%CPU][Info]: Bund: 0/48 E: 0.1885773972(0.1885773972) dE: 0.0020692357 dX: 0.1051496353 d: 0.0001907349 atp: 0.0357220001 (1.0000000000) gps: 0.0088719005 (1.0000000000)
[2016.05.26 17:09:08][ 19%RAM][ 17%CPU][Info]: Bund: 0/49 E: 0.1910113756(0.1885773972) dE: -0.0129070527 dX: 0.2060552566 d: 0.0003814697 atp: 0.0366383175 (1.0000000000) gps: 0.0110580109 (1.0000000000)
[2016.05.26 17:09:08][ 19%RAM][ 17%CPU][Info]: Bund: 0/50 E: 0.1882155186(0.1882155186) dE: 0.0019189924 dX: 0.1045027403 d: 0.0001907349 atp: 0.0355779222 (1.0000000000) gps: 0.0100195594 (1.0000000000)
[2016.05.26 17:09:08][ 19%RAM][ 17%CPU][Info]: Bund: 1/0 E: 0.1900452851(0.1880528632) dE: -0.0105950097 dX: 0.2043267327 d: 0.0003814697 atp: 0.0362610988 (1.0000000000) gps: 0.0121997635 (1.0000000000)
[2016.05.26 17:09:08][ 19%RAM][ 17%CPU][Info]: Bund: 1/1 E: 0.1877163681(0.1877163681) dE: 0.0017893647 dX: 0.1037042802 d: 0.0001907349 atp: 0.0353822247 (1.0000000000) gps: 0.0111701341 (1.0000000000)
[2016.05.26 17:09:08][ 19%RAM][ 17%CPU][Info]: Bund: 1/2 E: 0.1893310995(0.1877163681) dE: -0.0086019744 dX: 0.2023764591 d: 0.0003814697 atp: 0.0359817572 (1.0000000000) gps: 0.0133244913 (1.0000000000)
[2016.05.26 17:09:08][ 19%RAM][ 17%CPU][Info]: Bund: 1/3 E: 0.1874075496(0.1874075496) dE: 0.0016451334 dX: 0.1027870209 d: 0.0001907349 atp: 0.0352588084 (1.0000000000) gps: 0.0123127887 (1.0000000000)
[2016.05.26 17:09:08][ 19%RAM][ 17%CPU][Info]: Bund: 1/4 E: 0.1887015038(0.1874075496) dE: -0.0069044937 dX: 0.2002080022 d: 0.0003814697 atp: 0.0357357111 (1.0000000000) gps: 0.0144226380 (1.0000000000)
[2016.05.26 17:09:08][ 19%RAM][ 17%CPU][Info]: Bund: 1/5 E: 0.1871234922(0.1871234922) dE: 0.0015157199 dX: 0.1017595661 d: 0.0001907349 atp: 0.0351450168 (1.0000000000) gps: 0.0134369837 (1.0000000000)
[2016.05.26 17:09:08][ 19%RAM][ 17%CPU][Info]: Bund: 1/6 E: 0.1881461376(0.1871234922) dE: -0.0054650829 dX: 0.1978234497 d: 0.0003814697 atp: 0.0355187630 (1.0000000000) gps: 0.0154865662 (1.0000000000)
[2016.05.26 17:09:08][ 19%RAM][ 17%CPU][Info]: Bund: 1/7 E: 0.1868622324(0.1868622324) dE: 0.0013961895 dX: 0.1006227550 d: 0.0001907349 atp: 0.0350401225 (1.0000000000) gps: 0.0145338937 (1.0000000000)
[2016.05.26 17:09:08][ 19%RAM][ 17%CPU][Info]: Bund: 1/8 E: 0.1876573090(0.1868622324) dE: -0.0042548814 dX: 0.1952431741 d: 0.0003814697 atp: 0.0353277984 (1.0000000000) gps: 0.0165098264 (1.0000000000)
[2016.05.26 17:09:08][ 19%RAM][ 17%CPU][Info]: Bund: 1/9 E: 0.1866221567(0.1866221567) dE: 0.0012847734 dX: 0.0993802731 d: 0.0001907349 atp: 0.0349435291 (1.0000000000) gps: 0.0155959596 (1.0000000000)
[2016.05.26 17:09:08][ 19%RAM][ 17%CPU][Info]: Bund: 1/10 E: 0.1872279901(0.1866221567) dE: -0.0032463100 dX: 0.1924796805 d: 0.0003814697 atp: 0.0351600053 (1.0000000000) gps: 0.0174871160 (1.0000000000)
[2016.05.26 17:09:08][ 19%RAM][ 17%CPU][Info]: Bund: 1/11 E: 0.1864017298(0.1864017298) dE: 0.0011811403 dX: 0.0980428535 d: 0.0001907349 atp: 0.0348546683 (1.0000000000) gps: 0.0166168343 (1.0000000000)
[2016.05.26 17:09:08][ 19%RAM][ 17%CPU][Info]: Bund: 1/12 E: 0.1868516205(0.1864017298) dE: -0.0024135542 dX: 0.1895523213 d: 0.0003814697 atp: 0.0350127888 (1.0000000000) gps: 0.0184141871 (1.0000000000)
[2016.05.26 17:09:08][ 19%RAM][ 17%CPU][Info]: Bund: 1/13 E: 0.1861994752(0.1861994752) dE: 0.0010850467 dX: 0.0966169364 d: 0.0001907349 atp: 0.0347729922 (1.0000000000) gps: 0.0175913053 (1.0000000000)
[2016.05.26 17:09:08][ 19%RAM][ 17%CPU][Info]: Bund: 1/14 E: 0.1865221088(0.1861994752) dE: -0.0017327309 dX: 0.1864876593 d: 0.0003814697 atp: 0.0348837622 (1.0000000000) gps: 0.0192877568 (1.0000000000)
[2016.05.26 17:09:08][ 19%RAM][ 17%CPU][Info]: Bund: 1/15 E: 0.1860139798(0.1860139798) dE: 0.0009962190 dX: 0.0951132161 d: 0.0001907349 atp: 0.0346979747 (1.0000000000) gps: 0.0185152086 (1.0000000000)
[2016.05.26 17:09:08][ 19%RAM][ 17%CPU][Info]: Bund: 1/16 E: 0.1862338529(0.1860139798) dE: -0.0011820248 dX: 0.1833076110 d: 0.0003814697 atp: 0.0347707476 (1.0000000000) gps: 0.0201054155 (1.0000000000)
[2016.05.26 17:09:08][ 19%RAM][ 17%CPU][Info]: Bund: 1/17 E: 0.1858438995(0.1858438995) dE: 0.0009143415 dX: 0.0935450322 d: 0.0001907349 atp: 0.0346291138 (1.0000000000) gps: 0.0193853375 (1.0000000000)
[2016.05.26 17:09:08][ 19%RAM][ 17%CPU][Info]: Bund: 1/18 E: 0.1859817498(0.1858438995) dE: -0.0007417533 dX: 0.1800290646 d: 0.0003814697 atp: 0.0346717735 (1.0000000000) gps: 0.0208655364 (1.0000000000)
[2016.05.26 17:09:08][ 19%RAM][ 17%CPU][Info]: Bund: 1/19 E: 0.1856879644(0.1856879644) dE: 0.0008390648 dX: 0.0919219828 d: 0.0001907349 atp: 0.0345659332 (1.0000000000) gps: 0.0201993512 (1.0000000000)
[2016.05.26 17:09:08][ 19%RAM][ 17%CPU][Info]: Bund: 1/20 E: 0.1857611934(0.1856879644) dE: -0.0003943661 dX: 0.1766726473 d: 0.0003814697 atp: 0.0345850688 (1.0000000000) gps: 0.0215671869 (1.0000000000)
[2016.05.26 17:09:08][ 19%RAM][ 17%CPU][Info]: Bund: 1/21 E: 0.1855449817(0.1855449817) dE: 0.0007700159 dX: 0.0902524933 d: 0.0001907349 atp: 0.0345079839 (1.0000000000) gps: 0.0209556834 (1.0000000000)
[2016.05.26 17:09:08][ 19%RAM][ 17%CPU][Info]: Bund: 1/22 E: 0.1855680612(0.1855449817) dE: -0.0001243875 dX: 0.1732721811 d: 0.0003814697 atp: 0.0345090542 (1.0000000000) gps: 0.0222100439 (1.0000000000)
[2016.05.26 17:09:08][ 19%RAM][ 17%CPU][Info]: Bund: 1/23 E: 0.1854138370(0.1854138370) dE: 0.0007068082 dX: 0.0885467224 d: 0.0001907349 atp: 0.0344548441 (1.0000000000) gps: 0.0216534548 (1.0000000000)
[2016.05.26 17:09:08][ 19%RAM][ 17%CPU][Info]: Bund: 1/24 E: 0.1853986918(0.1853986918) dE: 0.0000816833 dX: 0.1698421766 d: 0.0000953674 atp: 0.0344423308 (1.0000000000) gps: 0.0227943140 (1.0000000000)
[2016.05.26 17:09:08][ 19%RAM][ 17%CPU][Info]: Bund: 1/25 E: 0.1861155140(0.1853986918) dE: -0.0038663820 dX: 0.3106965104 d: 0.0001907349 atp: 0.0347017451 (1.0000000000) gps: 0.0242067913 (1.0000000000)
[2016.05.26 17:09:08][ 19%RAM][ 17%CPU][Info]: Bund: 1/26 E: 0.1851215756(0.1851215756) dE: 0.0014947044 dX: 0.1625957030 d: 0.0000953674 atp: 0.0343334931 (1.0000000000) gps: 0.0237156578 (1.0000000000)
[2016.05.26 17:09:08][ 19%RAM][ 17%CPU][Info]: Bund: 1/27 E: 0.1854408544(0.1851215756) dE: -0.0017246981 dX: 0.2979687647 d: 0.0001907349 atp: 0.0344462835 (1.0000000000) gps: 0.0247519132 (1.0000000000)
[2016.05.26 17:09:08][ 19%RAM][ 17%CPU][Info]: Bund: 1/28 E: 0.1849079392(0.1849079392) dE: 0.0011540326 dX: 0.1558277410 d: 0.0000953674 atp: 0.0342496656 (1.0000000000) gps: 0.0244304384 (1.0000000000)
[2016.05.26 17:09:08][ 19%RAM][ 17%CPU][Info]: Bund: 1/29 E: 0.1850004611(0.1849079392) dE: -0.0005003671 dX: 0.2860069153 d: 0.0001907349 atp: 0.0342799658 (1.0000000000) gps: 0.0251169941 (1.0000000000)
[2016.05.26 17:09:08][ 19%RAM][ 17%CPU][Info]: Bund: 1/30 E: 0.1847372762(0.1847372762) dE: 0.0009229622 dX: 0.1493474649 d: 0.0000953674 atp: 0.0341830663 (1.0000000000) gps: 0.0249515513 (1.0000000000)
[2016.05.26 17:09:08][ 19%RAM][ 17%CPU][Info]: Bund: 1/31 E: 0.1847119047(0.1847119047) dE: 0.0001373380 dX: 0.2750808967 d: 0.0000476837 atp: 0.0341714301 (1.0000000000) gps: 0.0253182863 (1.0000000000)
[2016.05.26 17:09:08][ 19%RAM][ 17%CPU][Info]: Bund: 1/32 E: 0.1849991679(0.1847119047) dE: -0.0015551958 dX: 0.4796969756 d: 0.0000953674 atp: 0.0342841945 (1.0000000000) gps: 0.0243340814 (1.0000000000)
[2016.05.26 17:09:08][ 19%RAM][ 17%CPU][Info]: Bund: 1/33 E: 0.1843974884(0.1843974884) dE: 0.0017021986 dX: 0.2545405533 d: 0.0000476837 atp: 0.0340556031 (1.0000000000) gps: 0.0251645062 (1.0000000000)
[2016.05.26 17:09:08][ 19%RAM][ 17%CPU][Info]: Bund: 1/34 E: 0.1848091307(0.1843974884) dE: -0.0022323641 dX: 0.4695188790 d: 0.0000953674 atp: 0.0342180758 (1.0000000000) gps: 0.0235725377 (1.0000000000)
[2016.05.26 17:09:08][ 19%RAM][ 17%CPU][Info]: Bund: 1/35 E: 0.1842312402(0.1842312402) dE: 0.0009015749 dX: 0.2413423965 d: 0.0000476837 atp: 0.0339972240 (1.0000000000) gps: 0.0246203906 (1.0000000000)
[2016.05.26 17:09:08][ 19%RAM][ 17%CPU][Info]: Bund: 1/36 E: 0.1847321500(0.1842312402) dE: -0.0027189185 dX: 0.4589281122 d: 0.0000953674 atp: 0.0341953618 (1.0000000000) gps: 0.0225910440 (1.0000000000)
[2016.05.26 17:09:08][ 19%RAM][ 17%CPU][Info]: Bund: 1/37 E: 0.1841198246(0.1841198246) dE: 0.0006047596 dX: 0.2361360227 d: 0.0000476837 atp: 0.0339609568 (1.0000000000) gps: 0.0237859973 (1.0000000000)
[2016.05.26 17:09:08][ 19%RAM][ 17%CPU][Info]: Bund: 1/38 E: 0.1846366032(0.1841198246) dE: -0.0028067516 dX: 0.4472788692 d: 0.0000953674 atp: 0.0341666465 (1.0000000000) gps: 0.0214625656 (1.0000000000)
[2016.05.26 17:09:08][ 19%RAM][ 17%CPU][Info]: Bund: 1/39 E: 0.1840310390(0.1840310390) dE: 0.0004822168 dX: 0.2304659235 d: 0.0000476837 atp: 0.0339343254 (1.0000000000) gps: 0.0227468148 (1.0000000000)
[2016.05.26 17:09:08][ 19%RAM][ 17%CPU][Info]: Bund: 1/40 E: 0.1845085423(0.1840310390) dE: -0.0025946892 dX: 0.4349310964 d: 0.0000953674 atp: 0.0341264097 (1.0000000000) gps: 0.0202457113 (1.0000000000)
[2016.05.26 17:09:08][ 19%RAM][ 17%CPU][Info]: Bund: 1/41 E: 0.1839537101(0.1839537101) dE: 0.0004201946 dX: 0.2243935081 d: 0.0000476837 atp: 0.0339127587 (1.0000000000) gps: 0.0215732214 (1.0000000000)
[2016.05.26 17:09:08][ 19%RAM][ 17%CPU][Info]: Bund: 1/42 E: 0.1843640844(0.1839537101) dE: -0.0022308564 dX: 0.4219907641 d: 0.0000953674 atp: 0.0340803790 (1.0000000000) gps: 0.0189863386 (1.0000000000)
[2016.05.26 17:09:08][ 19%RAM][ 17%CPU][Info]: Bund: 1/43 E: 0.1838843722(0.1838843722) dE: 0.0003769314 dX: 0.2179928363 d: 0.0000476837 atp: 0.0338946307 (1.0000000000) gps: 0.0203214708 (1.0000000000)
[2016.05.26 17:09:08][ 19%RAM][ 17%CPU][Info]: Bund: 1/44 E: 0.1842200653(0.1838843722) dE: -0.0018255662 dX: 0.4086253749 d: 0.0000953674 atp: 0.0340345982 (1.0000000000) gps: 0.0177194432 (1.0000000000)
[2016.05.26 17:09:08][ 19%RAM][ 17%CPU][Info]: Bund: 1/45 E: 0.1838219803(0.1838219803) dE: 0.0003392994 dX: 0.2113596617 d: 0.0000476837 atp: 0.0338792880 (1.0000000000) gps: 0.0190353837 (1.0000000000)
[2016.05.26 17:09:08][ 19%RAM][ 17%CPU][Info]: Bund: 1/46 E: 0.1840870892(0.1838219803) dE: -0.0014422043 dX: 0.3948964874 d: 0.0000953674 atp: 0.0339928379 (1.0000000000) gps: 0.0164710433 (1.0000000000)
[2016.05.26 17:09:08][ 19%RAM][ 17%CPU][Info]: Bund: 1/47 E: 0.1837660408(0.1837660408) dE: 0.0003043132 dX: 0.2045305305 d: 0.0000476837 atp: 0.0338663450 (1.0000000000) gps: 0.0177482540 (1.0000000000)
[2016.05.26 17:09:08][ 19%RAM][ 17%CPU][Info]: Bund: 1/48 E: 0.1839699264(0.1837660408) dE: -0.0011094847 dX: 0.3809407027 d: 0.0000953674 atp: 0.0339567422 (1.0000000000) gps: 0.0152599042 (1.0000000000)
[2016.05.26 17:09:08][ 19%RAM][ 17%CPU][Info]: Bund: 1/49 E: 0.1837160743(0.1837160743) dE: 0.0002719029 dX: 0.1975542430 d: 0.0000476837 atp: 0.0338554743 (1.0000000000) gps: 0.0164847086 (1.0000000000)
[2016.05.26 17:09:08][ 19%RAM][ 17%CPU][Info]: Bund: 2/0 E: 0.1838812768(0.1837276563) dE: -0.0008361319 dX: 0.3668493753 d: 0.0000953674 atp: 0.0339309149 (0.9999615426) gps: 0.0140998815 (1.0000000000)
[2016.05.26 17:09:08][ 19%RAM][ 17%CPU][Info]: Bund: 2/1 E: 0.1836831347(0.1836831347) dE: 0.0002423238 dX: 0.1904716794 d: 0.0000476837 atp: 0.0338506494 (0.9999615426) gps: 0.0152629972 (1.0000000000)
[2016.05.26 17:09:08][ 19%RAM][ 17%CPU][Info]: Bund: 2/2 E: 0.1837965233(0.1836831347) dE: -0.0006173056 dX: 0.3527736691 d: 0.0000953674 atp: 0.0339061935 (0.9999615426) gps: 0.0129981503 (1.0000000000)
[2016.05.26 17:09:08][ 19%RAM][ 17%CPU][Info]: Bund: 2/3 E: 0.1836434350(0.1836434350) dE: 0.0002161314 dX: 0.1833666754 d: 0.0000476837 atp: 0.0338430089 (0.9999615426) gps: 0.0140944465 (1.0000000000)
[2016.05.26 17:09:08][ 19%RAM][ 17%CPU][Info]: Bund: 2/4 E: 0.1837254872(0.1836434350) dE: -0.0004468018 dX: 0.3388027030 d: 0.0000953674 atp: 0.0338861741 (0.9999615426) gps: 0.0119600952 (1.0000000000)
[2016.05.26 17:09:08][ 19%RAM][ 17%CPU][Info]: Bund: 2/5 E: 0.1836080338(0.1836080338) dE: 0.0001927713 dX: 0.1762757479 d: 0.0000476837 atp: 0.0338365927 (0.9999615426) gps: 0.0129868859 (1.0000000000)
[2016.05.26 17:09:08][ 19%RAM][ 17%CPU][Info]: Bund: 2/6 E: 0.1836660336(0.1836080338) dE: -0.0003158893 dX: 0.3250063159 d: 0.0000953674 atp: 0.0338700464 (0.9999615426) gps: 0.0109882708 (1.0000000000)
[2016.05.26 17:09:08][ 19%RAM][ 17%CPU][Info]: Bund: 2/7 E: 0.1835764179(0.1835764179) dE: 0.0001721925 dX: 0.1692478820 d: 0.0000476837 atp: 0.0338311827 (0.9999615426) gps: 0.0119448881 (1.0000000000)
[2016.05.26 17:09:08][ 19%RAM][ 17%CPU][Info]: Bund: 2/8 E: 0.1836161820(0.1835764179) dE: -0.0002166078 dX: 0.3114469190 d: 0.0000953674 atp: 0.0338570715 (0.9999615426) gps: 0.0100832122 (1.0000000000)
[2016.05.26 17:09:08][ 19%RAM][ 17%CPU][Info]: Bund: 2/9 E: 0.1835481378(0.1835481378) dE: 0.0001540510 dX: 0.1623175628 d: 0.0000476837 atp: 0.0338265998 (0.9999615426) gps: 0.0109705112 (1.0000000000)
[2016.05.26 17:09:08][ 19%RAM][ 17%CPU][Info]: Bund: 2/10 E: 0.1835742107(0.1835481378) dE: -0.0001420498 dX: 0.2981762019 d: 0.0000953674 atp: 0.0338466160 (0.9999615426) gps: 0.0092440213 (1.0000000000)
[2016.05.26 17:09:08][ 19%RAM][ 17%CPU][Info]: Bund: 2/11 E: 0.1835228019(0.1835228019) dE: 0.0001380340 dX: 0.1555142182 d: 0.0000476837 atp: 0.0338226977 (0.9999615426) gps: 0.0100639479 (1.0000000000)
[2016.05.26 17:09:08][ 19%RAM][ 17%CPU][Info]: Bund: 2/12 E: 0.1835386884(0.1835228019) dE: -0.0000865641 dX: 0.2852347554 d: 0.0000953674 atp: 0.0338381607 (0.9999615426) gps: 0.0084687812 (1.0000000000)
[2016.05.26 17:09:08][ 19%RAM][ 17%CPU][Info]: Bund: 2/13 E: 0.1835000721(0.1835000721) dE: 0.0001238526 dX: 0.1488620860 d: 0.0000476837 atp: 0.0338193581 (0.9999615426) gps: 0.0092240361 (1.0000000000)
[2016.05.26 17:09:08][ 19%RAM][ 17%CPU][Info]: Bund: 2/14 E: 0.1835084518(0.1835000721) dE: -0.0000456662 dX: 0.2726505161 d: 0.0000953674 atp: 0.0338312906 (0.9999615426) gps: 0.0077548748 (1.0000000000)
[2016.05.26 17:09:08][ 19%RAM][ 17%CPU][Info]: Bund: 2/15 E: 0.1834796568(0.1834796568) dE: 0.0001112552 dX: 0.1423797423 d: 0.0000476837 atp: 0.0338164858 (0.9999615426) gps: 0.0084486540 (1.0000000000)
[2016.05.26 17:09:08][ 19%RAM][ 17%CPU][Info]: Bund: 2/16 E: 0.1834825673(0.1834796568) dE: -0.0000158632 dX: 0.2604481719 d: 0.0000953674 atp: 0.0338256785 (0.9999615426) gps: 0.0070992282 (1.0000000000)
[2016.05.26 17:09:08][ 19%RAM][ 17%CPU][Info]: Bund: 2/17 E: 0.1834613034(0.1834613034) dE: 0.0001000291 dX: 0.1360801581 d: 0.0000476837 atp: 0.0338140039 (0.9999615426) gps: 0.0077350265 (1.0000000000)
[2016.05.26 17:09:08][ 19%RAM][ 17%CPU][Info]: Bund: 2/18 E: 0.1834602879(0.1834602879) dE: 0.0000055353 dX: 0.2486408008 d: 0.0000238419 atp: 0.0338210680 (0.9999615426) gps: 0.0064984959 (1.0000000000)
[2016.05.26 17:09:08][ 19%RAM][ 17%CPU][Info]: Bund: 2/19 E: 0.1836041249(0.1834602879) dE: -0.0007840223 dX: 0.4147497731 d: 0.0000476837 atp: 0.0338852040 (0.9999615426) gps: 0.0046665771 (1.0000000000)
[2016.05.26 17:09:08][ 19%RAM][ 17%CPU][Info]: Bund: 2/20 E: 0.1834248451(0.1834248451) dE: 0.0001931910 dX: 0.2264107556 d: 0.0000238419 atp: 0.0338142055 (0.9999615426) gps: 0.0054647292 (1.0000000000)
[2016.05.26 17:09:08][ 19%RAM][ 17%CPU][Info]: Bund: 2/21 E: 0.1835156675(0.1834248451) dE: -0.0004951479 dX: 0.3768944577 d: 0.0000476837 atp: 0.0338568667 (0.9999615426) gps: 0.0039464206 (1.0000000000)
[2016.05.26 17:09:08][ 19%RAM][ 17%CPU][Info]: Bund: 2/22 E: 0.1833981679(0.1833981679) dE: 0.0001454393 dX: 0.2058913557 d: 0.0000238419 atp: 0.0338095251 (0.9999615426) gps: 0.0046063224 (1.0000000000)
[2016.05.26 17:09:08][ 19%RAM][ 17%CPU][Info]: Bund: 2/23 E: 0.1834541460(0.1833981679) dE: -0.0003052274 dX: 0.3421654682 d: 0.0000476837 atp: 0.0338377341 (0.9999615426) gps: 0.0033513897 (1.0000000000)
[2016.05.26 17:09:08][ 19%RAM][ 17%CPU][Info]: Bund: 2/24 E: 0.1833773563(0.1833773563) dE: 0.0001134775 dX: 0.1870525076 d: 0.0000238419 atp: 0.0338061218 (0.9999615426) gps: 0.0038955809 (1.0000000000)
[2016.05.26 17:09:08][ 19%RAM][ 17%CPU][Info]: Bund: 2/25 E: 0.1834109702(0.1833773563) dE: -0.0001833042 dX: 0.3103443020 d: 0.0000476837 atp: 0.0338247492 (0.9999615426) gps: 0.0028610060 (1.0000000000)
[2016.05.26 17:09:08][ 19%RAM][ 17%CPU][Info]: Bund: 2/26 E: 0.1833610062(0.1833610062) dE: 0.0000891610 dX: 0.1697685416 d: 0.0000238419 atp: 0.0338036200 (0.9999615426) gps: 0.0033087386 (1.0000000000)
[2016.05.26 17:09:08][ 19%RAM][ 17%CPU][Info]: Bund: 2/27 E: 0.1833803955(0.1833610062) dE: -0.0001057438 dX: 0.2812376396 d: 0.0000476837 atp: 0.0338158931 (0.9999615426) gps: 0.0024577696 (1.0000000000)
[2016.05.26 17:09:08][ 19%RAM][ 17%CPU][Info]: Bund: 2/28 E: 0.1833480886(0.1833480886) dE: 0.0000704490 dX: 0.1539378310 d: 0.0000238419 atp: 0.0338017623 (0.9999615426) gps: 0.0028253939 (1.0000000000)
[2016.05.26 17:09:08][ 19%RAM][ 17%CPU][Info]: Bund: 2/29 E: 0.1833585528(0.1833480886) dE: -0.0000570726 dX: 0.2546546225 d: 0.0000476837 atp: 0.0338098252 (0.9999615426) gps: 0.0021268448 (1.0000000000)
[2016.05.26 17:09:08][ 19%RAM][ 17%CPU][Info]: Bund: 2/30 E: 0.1833378367(0.1833378367) dE: 0.0000559149 dX: 0.1394642266 d: 0.0000238419 atp: 0.0338003703 (0.9999615426) gps: 0.0024281583 (1.0000000000)
[2016.05.26 17:09:08][ 19%RAM][ 17%CPU][Info]: Bund: 2/31 E: 0.1833428078(0.1833378367) dE: -0.0000271140 dX: 0.2304185713 d: 0.0000476837 atp: 0.0338056478 (0.9999615426) gps: 0.0018557304 (1.0000000000)
[2016.05.26 17:09:08][ 19%RAM][ 17%CPU][Info]: Bund: 2/32 E: 0.1833296704(0.1833296704) dE: 0.0000445428 dX: 0.1262517625 d: 0.0000238419 atp: 0.0337993182 (0.9999615426) gps: 0.0021023117 (1.0000000000)
[2016.05.26 17:09:08][ 19%RAM][ 17%CPU][Info]: Bund: 2/33 E: 0.1833313537(0.1833296704) dE: -0.0000091819 dX: 0.2083576695 d: 0.0000476837 atp: 0.0338027569 (0.9999615426) gps: 0.0016339490 (1.0000000000)
[2016.05.26 17:09:08][ 19%RAM][ 17%CPU][Info]: Bund: 2/34 E: 0.1833231455(0.1833231455) dE: 0.0000355911 dX: 0.1142115317 d: 0.0000238419 atp: 0.0337985168 (0.9999615426) gps: 0.0018354677 (1.0000000000)
[2016.05.26 17:09:08][ 19%RAM][ 17%CPU][Info]: Bund: 2/35 E: 0.1833229431(0.1833229431) dE: 0.0000011036 dX: 0.1883026471 d: 0.0000119209 atp: 0.0338007446 (0.9999615426) gps: 0.0014527600 (1.0000000000)
[2016.05.26 17:09:08][ 19%RAM][ 17%CPU][Info]: Bund: 2/36 E: 0.1833438595(0.1833229431) dE: -0.0001140959 dX: 0.2625543946 d: 0.0000238419 atp: 0.0338109275 (0.9999615426) gps: 0.0010426136 (1.0000000000)
[2016.05.26 17:09:08][ 19%RAM][ 17%CPU][Info]: Bund: 2/37 E: 0.1833123954(0.1833123954) dE: 0.0000575364 dX: 0.1548239610 d: 0.0000119209 atp: 0.0337984117 (0.9999615426) gps: 0.0011938651 (1.0000000000)
[2016.05.26 17:09:08][ 19%RAM][ 17%CPU][Info]: Bund: 2/38 E: 0.1833220163(0.1833123954) dE: -0.0000524837 dX: 0.2157216012 d: 0.0000238419 atp: 0.0338036227 (0.9999615426) gps: 0.0009175295 (1.0000000000)
[2016.05.26 17:09:08][ 19%RAM][ 17%CPU][Info]: Bund: 2/39 E: 0.1833063311(0.1833063311) dE: 0.0000330817 dX: 0.1272166417 d: 0.0000119209 atp: 0.0337972242 (0.9999615426) gps: 0.0010194608 (1.0000000000)
[2016.05.26 17:09:08][ 19%RAM][ 17%CPU][Info]: Bund: 2/40 E: 0.1833105476(0.1833063311) dE: -0.0000230022 dX: 0.1772058569 d: 0.0000238419 atp: 0.0337998994 (0.9999615426) gps: 0.0008332767 (1.0000000000)
[2016.05.26 17:09:08][ 19%RAM][ 17%CPU][Info]: Bund: 2/41 E: 0.1833026443(0.1833026443) dE: 0.0000201129 dX: 0.1045132220 d: 0.0000119209 atp: 0.0337965715 (0.9999615426) gps: 0.0009019407 (1.0000000000)
[2016.05.26 17:09:08][ 19%RAM][ 17%CPU][Info]: Bund: 2/42 E: 0.1833044015(0.1833026443) dE: -0.0000095864 dX: 0.1455423355 d: 0.0000238419 atp: 0.0337979739 (0.9999615426) gps: 0.0007765472 (1.0000000000)
[2016.05.26 17:09:08][ 19%RAM][ 17%CPU][Info]: Bund: 2/43 E: 0.1833003585(0.1833003585) dE: 0.0000124701 dX: 0.0858369401 d: 0.0000119209 atp: 0.0337962047 (0.9999615426) gps: 0.0008227844 (1.0000000000)
[2016.05.26 17:09:08][ 19%RAM][ 17%CPU][Info]: Bund: 2/44 E: 0.1833010165(0.1833003585) dE: -0.0000035900 dX: 0.1195362913 d: 0.0000238419 atp: 0.0337969553 (0.9999615426) gps: 0.0007383545 (1.0000000000)
[2016.05.26 17:09:08][ 19%RAM][ 17%CPU][Info]: Bund: 2/45 E: 0.1832989146(0.1832989146) dE: 0.0000078769 dX: 0.0704892607 d: 0.0000119209 atp: 0.0337959928 (0.9999615426) gps: 0.0007694877 (1.0000000000)
[2016.05.26 17:09:08][ 19%RAM][ 17%CPU][Info]: Bund: 2/46 E: 0.1832990977(0.1832989146) dE: -0.0000009984 dX: 0.0981979714 d: 0.0000238419 atp: 0.0337964023 (0.9999615426) gps: 0.0007126368 (1.0000000000)
[2016.05.26 17:09:08][ 19%RAM][ 17%CPU][Info]: Bund: 2/47 E: 0.1832979885(0.1832979885) dE: 0.0000050526 dX: 0.0578876360 d: 0.0000119209 atp: 0.0337958671 (0.9999615426) gps: 0.0007336073 (1.0000000000)
[2016.05.26 17:09:08][ 19%RAM][ 17%CPU][Info]: Bund: 2/48 E: 0.1832979794(0.1832979794) dE: 0.0000000498 dX: 0.0807099434 d: 0.0000059605 atp: 0.0337960941 (0.9999615426) gps: 0.0006953085 (1.0000000000)
[2016.05.26 17:09:08][ 19%RAM][ 17%CPU][Info]: Bund: 2/49 E: 0.1832991939(0.1832979794) dE: -0.0000066260 dX: 0.0869430150 d: 0.0000119209 atp: 0.0337966976 (0.9999615426) gps: 0.0006694604 (1.0000000000)
[2016.05.26 17:09:08][ 19%RAM][ 17%CPU][Info]: Bund: 2/50 E: 0.1832969552(0.1832969552) dE: 0.0000055875 dX: 0.0563700125 d: 0.0000059605 atp: 0.0337958279 (0.9999615426) gps: 0.0006767758 (1.0000000000)
[2016.05.26 17:09:08][ 19%RAM][ 17%CPU][Info]: Bund: 3/0 E: 0.1833049189(0.1833044841) dE: -0.0000023722 dX: 0.0616559409 d: 0.0000119209 atp: 0.0337988414 (0.9999632237) gps: 0.0006640832 (1.0000000000)
[2016.05.26 17:09:08][ 19%RAM][ 17%CPU][Info]: Bund: 3/1 E: 0.1833040550(0.1833040550) dE: 0.0000023411 dX: 0.0396775678 d: 0.0000059605 atp: 0.0337985007 (0.9999632237) gps: 0.0006677436 (1.0000000000)
[2016.05.26 17:09:08][ 19%RAM][ 17%CPU][Info]: Bund: 3/2 E: 0.1833042075(0.1833040550) dE: -0.0000008319 dX: 0.0444880498 d: 0.0000119209 atp: 0.0337985953 (0.9999632237) gps: 0.0006613626 (1.0000000000)
[2016.05.26 17:09:08][ 19%RAM][ 17%CPU][Info]: Bund: 3/3 E: 0.1833038731(0.1833038731) dE: 0.0000009924 dX: 0.0283027581 d: 0.0000059605 atp: 0.0337984607 (0.9999632237) gps: 0.0006632456 (1.0000000000)
[2016.05.26 17:09:08][ 19%RAM][ 17%CPU][Info]: Bund: 3/4 E: 0.1833039198(0.1833038731) dE: -0.0000002550 dX: 0.0328020619 d: 0.0000119209 atp: 0.0337984978 (0.9999632237) gps: 0.0006599397 (1.0000000000)
[2016.05.26 17:09:08][ 19%RAM][ 17%CPU][Info]: Bund: 3/5 E: 0.1833037913(0.1833037913) dE: 0.0000004459 dX: 0.0205610644 d: 0.0000059605 atp: 0.0337984443 (0.9999632237) gps: 0.0006609473 (1.0000000000)
[2016.05.26 17:09:08][ 19%RAM][ 17%CPU][Info]: Bund: 3/6 E: 0.1833038016(0.1833037913) dE: -0.0000000558 dX: 0.0248996463 d: 0.0000119209 atp: 0.0337984589 (0.9999632237) gps: 0.0006591602 (1.0000000000)
[2016.05.26 17:09:08][ 19%RAM][ 17%CPU][Info]: Bund: 3/7 E: 0.1833037532(0.1833037532) dE: 0.0000002081 dX: 0.0153102081 d: 0.0000059605 atp: 0.0337984376 (0.9999632237) gps: 0.0006597291 (1.0000000000)
[2016.05.26 17:09:08][ 19%RAM][ 17%CPU][Info]: Bund: 3/8 E: 0.1833037519(0.1833037519) dE: 0.0000000070 dX: 0.0194026756 d: 0.0000029802 atp: 0.0337984433 (0.9999632237) gps: 0.0006587066 (1.0000000000)
[2016.05.26 17:09:08][ 19%RAM][ 17%CPU][Info]: Bund: 3/9 E: 0.1833037427(0.1833037427) dE: 0.0000000502 dX: 0.0212363022 d: 0.0000014901 atp: 0.0337984438 (0.9999632237) gps: 0.0006580639 (1.0000000000)
[2016.05.26 17:09:08][ 19%RAM][ 17%CPU][Info]: Bund: 3/50 E: 0.1833037169(0.1833037169) dE: 0.0000001409 dX: 0.0204334404 d: 0.0000007451 atp: 0.0337984363 (0.9999632237) gps: 0.0006577246 (1.0000000000)
[2016.05.26 17:09:08][ 19%RAM][ 17%CPU][Info]: Bund: 4/50 E: 0.1833057523(0.1833057523) dE: 0.0000000590 dX: 0.0151936094 d: 0.0000003725 atp: 0.0337991877 (0.9999641565) gps: 0.0006575975 (1.0000000000)
[2016.05.26 17:09:08][ 19%RAM][ 17%CPU][Info]: Bund: 5/50 E: 0.1833063051(0.1833063051) dE: 0.0000000093 dX: 0.0074721362 d: 0.0000001863 atp: 0.0337993918 (0.9999644051) gps: 0.0006575723 (1.0000000000)
[2016.05.26 17:09:08][ 19%RAM][ 17%CPU][Info]: Bund: 6/50 E: 0.1833064611(0.1833064611) dE: 0.0000000006 dX: 0.0022466521 d: 0.0000000931 atp: 0.0337994493 (0.9999644723) gps: 0.0006575696 (1.0000000000)
[2016.05.26 17:09:08][ 19%RAM][ 17%CPU][Info]: Bund: 7/50 E: 0.1833065037(0.1833065037) dE: 0.0000000000 dX: 0.0004149461 d: 0.0000000466 atp: 0.0337994650 (0.9999644913) gps: 0.0006575694 (1.0000000000)
[2016.05.26 17:09:08][ 19%RAM][ 17%CPU][Info]: Bund: 8/50 E: 0.1833065150(0.1833065150) dE: 0.0000000000 dX: 0.0000499437 d: 0.0000000233 atp: 0.0337994692 (0.9999644965) gps: 0.0006575694 (1.0000000000)
[2016.05.26 17:09:08][ 19%RAM][ 17%CPU][Info]: Bund: 9/50 E: 0.1833065179(0.1833065179) dE: 0.0000000000 dX: 0.0000043256 d: 0.0000000116 atp: 0.0337994703 (0.9999644979) gps: 0.0006575693 (1.0000000000)
[2016.05.26 17:09:08][ 19%RAM][ 17%CPU][Info]: Compute inverse projection for camera FC330_0.0_4000x2250 (RGB) 0 0
[2016.05.26 17:09:08][ 19%RAM][ 17%CPU][Info]: PerspectiveCamera5 CAMERA nrCols*nrRows 4000*2250 sx*sy [mm]: 36*20.25
[2016.05.26 17:09:08][ 19%RAM][ 17%CPU][Info]: R [-0.354347791 -0.935113659 0.000297369 ] alpha [-3.146686903] t [-7.825584062]
[2016.05.26 17:09:08][ 19%RAM][ 17%CPU][Info]: R [-0.935028769 0.354311301 -0.013590529 ] beta [0.012603662] t [25.552856229]
[2016.05.26 17:09:08][ 19%RAM][ 17%CPU][Info]: R [0.012603328 -0.005093823 -0.999907600 ] gamma [1.933042936] t [-0.494152457]
[2016.05.26 17:09:08][ 19%RAM][ 17%CPU][Info]: 1 iParams: 0 0 0 0 0
[2016.05.26 17:09:08][ 19%RAM][ 17%CPU][Info]: focal: 2560.9 cx/cy: 1983.92 1116.7 rd: 0.00980686 -0.0133451 0.00379314 td: -0.000536797 0.000495709
[2016.05.26 17:09:08][ 19%RAM][ 17%CPU][Info]: Remove tracks error 12 removed from 9849
[2016.05.26 17:09:08][ 19%RAM][ 17%CPU][Processing]: Check consistency.
[2016.05.26 17:09:08][ 19%RAM][ 17%CPU][Info]: Compute consistent tracks with error 2.5
[2016.05.26 17:09:08][ 19%RAM][ 17%CPU][Info]: Statistics before consistent tracks error: 0.166017 nrProjections: 21017 nrTracks: 9837 trackSize: 9837 s0(0) s1(0) s2(8643) s3(1081) s4(85) s5(28)
[2016.05.26 17:09:08][ 19%RAM][ 17%CPU][Info]: Nr tracks: 9837 nr matches: 21017
[2016.05.26 17:09:08][ 19%RAM][ 17%CPU][Info]: Remove tracks size: 10 removed from 9837
[2016.05.26 17:09:08][ 19%RAM][ 17%CPU][Info]: Nr tracks: 9827 nr matches: 20995
[2016.05.26 17:09:08][ 19%RAM][ 17%CPU][Info]: Statistics after consistent tracks error: 0.166011 nrProjections: 20995 nrTracks: 9827 trackSize: 9827 s0(0) s1(0) s2(8635) s3(1079) s4(85) s5(28)
[2016.05.26 17:09:08][ 19%RAM][ 17%CPU][Info]: Remove tracks size: 29 removed from 9827
[2016.05.26 17:09:08][ 19%RAM][ 17%CPU][Info]: Statistics after remove inconsistent tracks error: 0.16559 nrProjections: 20908 nrTracks: 9798 trackSize: 9798 s0(0) s1(0) s2(8629) s3(1062) s4(79) s5(28)
[2016.05.26 17:09:08][ 19%RAM][ 17%CPU][Processing]: Filter automatic tie points
[2016.05.26 17:09:08][ 19%RAM][ 17%CPU][Info]: Filter camera tracks min visible tracks: 20 minVisibleGCP 4 nrCameras: 6
[2016.05.26 17:09:08][ 19%RAM][ 17%CPU][Info]: Filter camera tracks min visible tracks: remaining cameras: 6
[2016.05.26 17:09:08][ 19%RAM][ 17%CPU][Info]: Filter camera tracks min visible tracks: 0 tracks removed
[2016.05.26 17:09:08][ 19%RAM][ 17%CPU][Processing]: Substep Rematch finished.
[2016.05.26 17:09:08][ 19%RAM][ 17%CPU][Processing]: Substep Georeference the model started.
[2016.05.26 17:09:08][ 19%RAM][ 17%CPU][Info]: *******************************
[2016.05.26 17:09:08][ 19%RAM][ 17%CPU][Info]: ******* GCPProcessing *********
[2016.05.26 17:09:08][ 19%RAM][ 17%CPU][Info]: *******************************
[2016.05.26 17:09:08][ 19%RAM][ 17%CPU][Info]: Triangulate MTPs
[2016.05.26 17:09:08][ 19%RAM][ 17%CPU][Info]: Triangulate MTPs done.
[2016.05.26 17:09:08][ 19%RAM][ 17%CPU][Info]: Camera <DJI_0001.JPG> xyzoutT 703304.830364478 4820706.9620778 310.029998779297  xyzProc (as out) 703305.174415938 4820706.55285623 310.505847542519 3D error -0.344051460296965 0.40922156975828 -0.475848763222118
[2016.05.26 17:09:08][ 19%RAM][ 17%CPU][Info]: Camera <DJI_0002.JPG> xyzoutT 703322.738153429 4820698.18123303 310.329986572266  xyzProc (as out) 703322.8579388 4820698.41681915 310.444204780491 3D error -0.119785371196887 -0.235586118745022 -0.114218208225868
[2016.05.26 17:09:08][ 19%RAM][ 17%CPU][Info]: Camera <DJI_0003.JPG> xyzoutT 703339.65405106 4820689.94787289 310.529998779297  xyzProc (as out) 703339.856757385 4820690.25628085 309.962371988962 3D error -0.202706325334862 -0.308407963393361 0.567626790335333
[2016.05.26 17:09:08][ 19%RAM][ 17%CPU][Info]: Camera <DJI_0004.JPG> xyzoutT 703320.451008161 4820654.98598797 311.230010986328  xyzProc (as out) 703320.040890804 4820655.28712592 311.625927456304 3D error 0.410117356817296 -0.30113795270799 -0.395916469976
[2016.05.26 17:09:08][ 19%RAM][ 17%CPU][Info]: Camera <DJI_0005.JPG> xyzoutT 703303.19540755 4820665.08658886 310.630004882813  xyzProc (as out) 703303.135933483 4820665.00468677 310.767753417341 3D error 0.0594740665265512 0.0819020909158077 -0.137748534528715
[2016.05.26 17:09:08][ 19%RAM][ 17%CPU][Info]: Camera <DJI_0006.JPG> xyzoutT 703287.33142891 4820673.01835559 310.630004882813  xyzProc (as out) 703287.134477186 4820672.66434722 310.07389968947 3D error 0.196951724556268 0.354008368455574 0.556105193342187
[2016.05.26 17:09:08][ 19%RAM][ 17%CPU][Info]: Georeferenced with geotags: yes
[2016.05.26 17:09:08][ 19%RAM][ 17%CPU][Info]: Not enough GCPs present to transform (0).
[2016.05.26 17:09:08][ 19%RAM][ 17%CPU][Info]: Camera <DJI_0001.JPG> xyzoutT 703304.830364478 4820706.9620778 310.029998779297  xyzProc (as out) 703305.174415938 4820706.55285623 310.505847542519 3D error -0.344051460296965 0.40922156975828 -0.475848763222118
[2016.05.26 17:09:08][ 19%RAM][ 17%CPU][Info]: Camera <DJI_0002.JPG> xyzoutT 703322.738153429 4820698.18123303 310.329986572266  xyzProc (as out) 703322.8579388 4820698.41681915 310.444204780491 3D error -0.119785371196887 -0.235586118745022 -0.114218208225868
[2016.05.26 17:09:08][ 19%RAM][ 17%CPU][Info]: Camera <DJI_0003.JPG> xyzoutT 703339.65405106 4820689.94787289 310.529998779297  xyzProc (as out) 703339.856757385 4820690.25628085 309.962371988962 3D error -0.202706325334862 -0.308407963393361 0.567626790335333
[2016.05.26 17:09:08][ 19%RAM][ 17%CPU][Info]: Camera <DJI_0004.JPG> xyzoutT 703320.451008161 4820654.98598797 311.230010986328  xyzProc (as out) 703320.040890804 4820655.28712592 311.625927456304 3D error 0.410117356817296 -0.30113795270799 -0.395916469976
[2016.05.26 17:09:08][ 19%RAM][ 17%CPU][Info]: Camera <DJI_0005.JPG> xyzoutT 703303.19540755 4820665.08658886 310.630004882813  xyzProc (as out) 703303.135933483 4820665.00468677 310.767753417341 3D error 0.0594740665265512 0.0819020909158077 -0.137748534528715
[2016.05.26 17:09:08][ 19%RAM][ 17%CPU][Info]: Camera <DJI_0006.JPG> xyzoutT 703287.33142891 4820673.01835559 310.630004882813  xyzProc (as out) 703287.134477186 4820672.66434722 310.07389968947 3D error 0.196951724556268 0.354008368455574 0.556105193342187
[2016.05.26 17:09:08][ 19%RAM][ 17%CPU][Info]: GCP's computeNoiseDistribution
[2016.05.26 17:09:08][ 19%RAM][ 17%CPU][Info]: Compute noise distribution on gps with bias type 0.
[2016.05.26 17:09:08][ 19%RAM][ 17%CPU][Info]: gauss noise bias: none outlier model cov:  1.01441  1.42737 0.690637 outlier probability: 1e-020
[2016.05.26 17:09:08][ 19%RAM][ 17%CPU][Info]: gauss noise bias: none outlier model cov:  1.01441  1.42737 0.690637 outlier probability: 1e-020
[2016.05.26 17:09:08][ 19%RAM][ 17%CPU][Info]: gauss noise bias: none outlier model cov:  1.01441  1.42737 0.690637 outlier probability: 1e-020
[2016.05.26 17:09:08][ 19%RAM][ 17%CPU][Info]: gauss noise bias: none outlier model cov:  1.01441  1.42737 0.690637 outlier probability: 1e-020
[2016.05.26 17:09:08][ 19%RAM][ 17%CPU][Processing]: Optimizing with geoinformation
[2016.05.26 17:09:08][ 19%RAM][ 17%CPU][Info]: Bundle with GPS GCP: int_all ext_all div: 40 tracks: 9798 gcps: 0 cams: 6
[2016.05.26 17:09:08][ 19%RAM][ 17%CPU][Info]: Estimated GPS bias: none 
[2016.05.26 17:09:08][ 19%RAM][ 17%CPU][Info]: Nr3DAtp: 600 nr3DMtp: 0 nr3DSkip: 9198 nrMeasAtp: 2968 nrMeasMtp: 0
[2016.05.26 17:09:08][ 19%RAM][ 17%CPU][Info]: NrMeasGPS: 18 nrMeasGCP: 0 nrMeasScale: 0 nrMeasOri: 0 nrMeasBias: 0 nrMeasPrior: 0
[2016.05.26 17:09:08][ 19%RAM][ 17%CPU][Info]: NrInternal: 8 nrMotion: 36 nrStructAtp: 1800 nrStructMtp: 0 nrCameras: 6 nrUseCameras: 6 nrBias: 0
[2016.05.26 17:09:08][ 19%RAM][ 17%CPU][Info]: NrInvalidMtp 0 nrInvalidAtp 0
[2016.05.26 17:09:08][ 19%RAM][ 17%CPU][Info]: ErrorGPS: 0.0513547 ratio GPS xyz: 0.0506184 0.060044 0.0417663 sumwei GPS: 6 6 6
[2016.05.26 17:09:08][ 19%RAM][ 17%CPU][Info]: A(50474,50474) nrMeas: 2986 2986 nrpar: 1844 1844 error 0.181245 maxErrAtp 3.04923 maxErrMtp 0
[2016.05.26 17:09:08][ 19%RAM][ 17%CPU][Processing]: Optimizing with geoinformation
[2016.05.26 17:09:08][ 19%RAM][ 21%CPU][Info]: Bund: 0/0 E: 0.1811768153(0.1811768153) dE: 0.0003760431 dX: 0.0001526660 d: 50.0000000000 atp: 0.0330201443 (1.0000000000) gps: 0.0006542407 (1.0000000000)
[2016.05.26 17:09:08][ 19%RAM][ 21%CPU][Info]: Bund: 0/1 E: 0.1811654103(0.1811654103) dE: 0.0000629496 dX: 0.0001707366 d: 25.0000000000 atp: 0.0330159847 (1.0000000000) gps: 0.0006545806 (1.0000000000)
[2016.05.26 17:09:08][ 19%RAM][ 21%CPU][Info]: Bund: 0/2 E: 0.1811561363(0.1811561363) dE: 0.0000511909 dX: 0.0002104123 d: 12.5000000000 atp: 0.0330126027 (1.0000000000) gps: 0.0006548138 (1.0000000000)
[2016.05.26 17:09:08][ 19%RAM][ 21%CPU][Info]: Bund: 0/3 E: 0.1811485122(0.1811485122) dE: 0.0000420859 dX: 0.0002521690 d: 6.2500000000 atp: 0.0330098219 (1.0000000000) gps: 0.0006551191 (1.0000000000)
[2016.05.26 17:09:08][ 19%RAM][ 21%CPU][Info]: Bund: 0/4 E: 0.1811425279(0.1811425279) dE: 0.0000330351 dX: 0.0002945287 d: 3.1250000000 atp: 0.0330076380 (1.0000000000) gps: 0.0006555575 (1.0000000000)
[2016.05.26 17:09:08][ 19%RAM][ 21%CPU][Info]: Bund: 0/5 E: 0.1811378712(0.1811378712) dE: 0.0000257072 dX: 0.0003417737 d: 1.5625000000 atp: 0.0330059372 (1.0000000000) gps: 0.0006561478 (1.0000000000)
[2016.05.26 17:09:08][ 19%RAM][ 21%CPU][Info]: Bund: 0/6 E: 0.1811339896(0.1811339896) dE: 0.0000214294 dX: 0.0004095785 d: 0.7812500000 atp: 0.0330045180 (1.0000000000) gps: 0.0006568838 (1.0000000000)
[2016.05.26 17:09:08][ 19%RAM][ 21%CPU][Info]: Bund: 0/7 E: 0.1811306348(0.1811306348) dE: 0.0000185211 dX: 0.0004960792 d: 0.3906250000 atp: 0.0330032902 (1.0000000000) gps: 0.0006577188 (1.0000000000)
[2016.05.26 17:09:08][ 19%RAM][ 21%CPU][Info]: Bund: 0/8 E: 0.1811279800(0.1811279800) dE: 0.0000146569 dX: 0.0005335034 d: 0.1953125000 atp: 0.0330023178 (1.0000000000) gps: 0.0006585116 (1.0000000000)
[2016.05.26 17:09:08][ 19%RAM][ 21%CPU][Info]: Bund: 0/9 E: 0.1811258346(0.1811258346) dE: 0.0000118446 dX: 0.0004720203 d: 0.0976562500 atp: 0.0330015326 (1.0000000000) gps: 0.0006590582 (1.0000000000)
[2016.05.26 17:09:08][ 19%RAM][ 21%CPU][Info]: Bund: 0/10 E: 0.1811233673(0.1811233673) dE: 0.0000136216 dX: 0.0004303459 d: 0.0488281250 atp: 0.0330006322 (1.0000000000) gps: 0.0006592739 (1.0000000000)
[2016.05.26 17:09:08][ 19%RAM][ 21%CPU][Info]: Bund: 0/11 E: 0.1811199289(0.1811199289) dE: 0.0000189842 dX: 0.0006756876 d: 0.0244140625 atp: 0.0329993791 (1.0000000000) gps: 0.0006592676 (1.0000000000)
[2016.05.26 17:09:08][ 19%RAM][ 21%CPU][Info]: Bund: 0/12 E: 0.1811157277(0.1811157277) dE: 0.0000231955 dX: 0.0011915657 d: 0.0122070312 atp: 0.0329978482 (1.0000000000) gps: 0.0006592364 (1.0000000000)
[2016.05.26 17:09:08][ 19%RAM][ 21%CPU][Info]: Bund: 0/13 E: 0.1811117478(0.1811117478) dE: 0.0000219745 dX: 0.0019190468 d: 0.0061035156 atp: 0.0329963966 (1.0000000000) gps: 0.0006594358 (1.0000000000)
[2016.05.26 17:09:08][ 19%RAM][ 21%CPU][Info]: Bund: 0/14 E: 0.1811089651(0.1811089651) dE: 0.0000153641 dX: 0.0028956129 d: 0.0030517578 atp: 0.0329953778 (1.0000000000) gps: 0.0006602291 (1.0000000000)
[2016.05.26 17:09:08][ 19%RAM][ 21%CPU][Info]: Bund: 0/15 E: 0.1811073854(0.1811073854) dE: 0.0000087223 dX: 0.0043140136 d: 0.0015258789 atp: 0.0329947899 (1.0000000000) gps: 0.0006622401 (1.0000000000)
[2016.05.26 17:09:08][ 19%RAM][ 21%CPU][Info]: Bund: 0/16 E: 0.1811061379(0.1811061379) dE: 0.0000068882 dX: 0.0065637880 d: 0.0007629395 atp: 0.0329943068 (1.0000000000) gps: 0.0006669402 (1.0000000000)
[2016.05.26 17:09:08][ 19%RAM][ 21%CPU][Info]: Bund: 0/17 E: 0.1811047035(0.1811047035) dE: 0.0000079201 dX: 0.0097120163 d: 0.0003814697 atp: 0.0329937235 (1.0000000000) gps: 0.0006769399 (1.0000000000)
[2016.05.26 17:09:08][ 19%RAM][ 21%CPU][Info]: Bund: 0/18 E: 0.1811031503(0.1811031503) dE: 0.0000085764 dX: 0.0133436740 d: 0.0001907349 atp: 0.0329930631 (1.0000000000) gps: 0.0006925046 (1.0000000000)
[2016.05.26 17:09:08][ 19%RAM][ 21%CPU][Info]: Bund: 0/19 E: 0.1811016056(0.1811016056) dE: 0.0000085293 dX: 0.0156596970 d: 0.0000953674 atp: 0.0329924327 (1.0000000000) gps: 0.0007036374 (1.0000000000)
[2016.05.26 17:09:08][ 19%RAM][ 21%CPU][Info]: Bund: 0/20 E: 0.1811001123(0.1811001123) dE: 0.0000082461 dX: 0.0208829383 d: 0.0000476837 atp: 0.0329919322 (1.0000000000) gps: 0.0006964340 (1.0000000000)
[2016.05.26 17:09:09][ 19%RAM][ 21%CPU][Info]: Bund: 0/21 E: 0.1810990112(0.1810990112) dE: 0.0000060798 dX: 0.0310723877 d: 0.0000238419 atp: 0.0329916460 (1.0000000000) gps: 0.0006774662 (1.0000000000)
[2016.05.26 17:09:09][ 19%RAM][ 21%CPU][Info]: Bund: 0/22 E: 0.1810984273(0.1810984273) dE: 0.0000032242 dX: 0.0285243477 d: 0.0000119209 atp: 0.0329915125 (1.0000000000) gps: 0.0006643974 (1.0000000000)
[2016.05.26 17:09:09][ 19%RAM][ 21%CPU][Info]: Bund: 0/23 E: 0.1810980679(0.1810980679) dE: 0.0000019847 dX: 0.0152575512 d: 0.0000059605 atp: 0.0329914092 (1.0000000000) gps: 0.0006598322 (1.0000000000)
[2016.05.26 17:09:09][ 19%RAM][ 21%CPU][Info]: Bund: 0/24 E: 0.1810979736(0.1810979736) dE: 0.0000005208 dX: 0.0127064628 d: 0.0000029802 atp: 0.0329913819 (1.0000000000) gps: 0.0006586717 (1.0000000000)
[2016.05.26 17:09:09][ 19%RAM][ 21%CPU][Info]: Bund: 0/25 E: 0.1810979656(0.1810979656) dE: 0.0000000441 dX: 0.0093280143 d: 0.0000014901 atp: 0.0329913804 (1.0000000000) gps: 0.0006584364 (1.0000000000)
[2016.05.26 17:09:09][ 19%RAM][ 21%CPU][Info]: Bund: 0/50 E: 0.1810979644(0.1810979644) dE: 0.0000000066 dX: 0.0052665495 d: 0.0000007451 atp: 0.0329913801 (1.0000000000) gps: 0.0006584063 (1.0000000000)
[2016.05.26 17:09:09][ 19%RAM][ 21%CPU][Info]: Bund: 1/50 E: 0.1711837456(0.1711837456) dE: 0.0232133274 dX: 0.0647022366 d: 0.0000003725 atp: 0.0294775639 (1.0000000000) gps: 0.0006644610 (1.0000000000)
[2016.05.26 17:09:09][ 19%RAM][ 21%CPU][Info]: Bund: 2/50 E: 0.1709406349(0.1709406349) dE: 0.0000401725 dX: 0.0252514789 d: 0.0000001863 atp: 0.0293938835 (0.9986729370) gps: 0.0006647773 (1.0000000000)
[2016.05.26 17:09:09][ 19%RAM][ 21%CPU][Info]: Bund: 3/50 E: 0.1709328424(0.1709328424) dE: 0.0000003765 dX: 0.0058765931 d: 0.0000000931 atp: 0.0293912031 (0.9986026223) gps: 0.0006648084 (1.0000000000)
[2016.05.26 17:09:09][ 19%RAM][ 21%CPU][Info]: Bund: 4/50 E: 0.1709277795(0.1709277795) dE: 0.0000000523 dX: 0.0009915148 d: 0.0000000466 atp: 0.0293894618 (0.9986009025) gps: 0.0006648095 (1.0000000000)
[2016.05.26 17:09:09][ 19%RAM][ 21%CPU][Info]: Bund: 5/50 E: 0.1709251472(0.1709251472) dE: 0.0000000128 dX: 0.0001296315 d: 0.0000000233 atp: 0.0293885565 (0.9985997657) gps: 0.0006648074 (1.0000000000)
[2016.05.26 17:09:09][ 19%RAM][ 21%CPU][Info]: Bund: 6/50 E: 0.1709237789(0.1709237789) dE: 0.0000000034 dX: 0.0000303862 d: 0.0000000116 atp: 0.0293880859 (0.9985991742) gps: 0.0006648055 (1.0000000000)
[2016.05.26 17:09:09][ 19%RAM][ 21%CPU][Info]: Bund: 7/50 E: 0.1709230623(0.1709230623) dE: 0.0000000009 dX: 0.0000284632 d: 0.0000000058 atp: 0.0293878395 (0.9985988666) gps: 0.0006648044 (1.0000000000)
[2016.05.26 17:09:09][ 19%RAM][ 21%CPU][Info]: Bund: 8/50 E: 0.1709226851(0.1709226851) dE: 0.0000000003 dX: 0.0000178691 d: 0.0000000029 atp: 0.0293877097 (0.9985987055) gps: 0.0006648038 (1.0000000000)
[2016.05.26 17:09:09][ 19%RAM][ 21%CPU][Info]: Bund: 9/50 E: 0.1709224861(0.1709224861) dE: 0.0000000001 dX: 0.0000099732 d: 0.0000000015 atp: 0.0293876413 (0.9985986207) gps: 0.0006648034 (1.0000000000)
[2016.05.26 17:09:09][ 19%RAM][ 21%CPU][Info]: Compute inverse projection for camera FC330_0.0_4000x2250 (RGB) 0 0
[2016.05.26 17:09:09][ 19%RAM][ 21%CPU][Info]: PerspectiveCamera5 CAMERA nrCols*nrRows 4000*2250 sx*sy [mm]: 36*20.25
[2016.05.26 17:09:09][ 19%RAM][ 21%CPU][Info]: R [-0.354346046 -0.935114230 0.000506480 ] alpha [-3.146815843] t [-7.819747958]
[2016.05.26 17:09:09][ 19%RAM][ 21%CPU][Info]: R [-0.935032763 0.354307916 -0.013402693 ] beta [0.012353914] t [25.552689272]
[2016.05.26 17:09:09][ 19%RAM][ 21%CPU][Info]: R [0.012353599 -0.005222767 -0.999910052 ] gamma [1.933039889] t [-0.497101009]
[2016.05.26 17:09:09][ 19%RAM][ 21%CPU][Info]: 1 iParams: -0.00989849 0.013518 -0.003855 0.000543562 -0.000502059
[2016.05.26 17:09:09][ 19%RAM][ 21%CPU][Info]: focal: 2561.99 cx/cy: 1984.47 1115.45 rd: 0.00974323 -0.0148813 0.0046085 td: -0.00067197 0.00054624
[2016.05.26 17:09:09][ 19%RAM][ 21%CPU][Processing]: Analyzing geoinformation
[2016.05.26 17:09:09][ 19%RAM][ 21%CPU][Processing]: Check consistency.
[2016.05.26 17:09:09][ 19%RAM][ 21%CPU][Info]: Compute consistent tracks with error 2.5
[2016.05.26 17:09:09][ 19%RAM][ 21%CPU][Info]: Statistics before consistent tracks error: 0.150114 nrProjections: 20839 nrTracks: 9771 trackSize: 9771 s0(0) s1(0) s2(8615) s3(1051) s4(77) s5(28)
[2016.05.26 17:09:09][ 19%RAM][ 21%CPU][Info]: Nr tracks: 9771 nr matches: 20839
[2016.05.26 17:09:09][ 19%RAM][ 21%CPU][Info]: Nr tracks: 9771 nr matches: 20839
[2016.05.26 17:09:09][ 19%RAM][ 21%CPU][Info]: Statistics after consistent tracks error: 0.150114 nrProjections: 20839 nrTracks: 9771 trackSize: 9771 s0(0) s1(0) s2(8615) s3(1051) s4(77) s5(28)
[2016.05.26 17:09:09][ 19%RAM][ 21%CPU][Info]: Statistics after remove inconsistent tracks error: 0.150114 nrProjections: 20839 nrTracks: 9771 trackSize: 9771 s0(0) s1(0) s2(8615) s3(1051) s4(77) s5(28)
[2016.05.26 17:09:09][ 19%RAM][ 21%CPU][Info]: Filter camera tracks min visible tracks: 20 minVisibleGCP 4 nrCameras: 6
[2016.05.26 17:09:09][ 19%RAM][ 21%CPU][Info]: Filter camera tracks min visible tracks: remaining cameras: 6
[2016.05.26 17:09:09][ 19%RAM][ 21%CPU][Info]: Filter camera tracks min visible tracks: 0 tracks removed
[2016.05.26 17:09:09][ 19%RAM][ 21%CPU][Info]: Tracks error: 0.150114 nrProjections: 20839 nrTracks: 9771 trackSize: 9771 s0(0) s1(0) s2(8615) s3(1051) s4(77) s5(28)
[2016.05.26 17:09:09][ 19%RAM][ 21%CPU][Info]: GPS bias after bundle none
[2016.05.26 17:09:09][ 19%RAM][ 21%CPU][Info]: Camera position after bundle
[2016.05.26 17:09:09][ 19%RAM][ 21%CPU][Info]: Camera <DJI_0001.JPG> xyzoutT 703304.830364478 4820706.9620778 310.029998779297  xyzProc (as out) 703305.180252042 4820706.55268927 310.502898990973 3D error -0.349887563840377 0.409388527675478 -0.472900211676545
[2016.05.26 17:09:09][ 19%RAM][ 21%CPU][Info]: Camera <DJI_0002.JPG> xyzoutT 703322.738153429 4820698.18123303 310.329986572266  xyzProc (as out) 703322.861170259 4820698.42333876 310.443832187925 3D error -0.123016830169474 -0.242105726967154 -0.11384561565947
[2016.05.26 17:09:09][ 19%RAM][ 21%CPU][Info]: Camera <DJI_0003.JPG> xyzoutT 703339.65405106 4820689.94787289 310.529998779297  xyzProc (as out) 703339.855871992 4820690.26117047 309.964943899588 3D error -0.201820932354703 -0.313297585717224 0.565054879708952
[2016.05.26 17:09:09][ 19%RAM][ 21%CPU][Info]: Camera <DJI_0004.JPG> xyzoutT 703320.451008161 4820654.98598797 311.230010986328  xyzProc (as out) 703320.029894072 4820655.28878539 311.62291945476 3D error 0.421114088586294 -0.302797424295999 -0.39290846843207
[2016.05.26 17:09:09][ 19%RAM][ 21%CPU][Info]: Camera <DJI_0005.JPG> xyzoutT 703303.19540755 4820665.08658886 310.630004882813  xyzProc (as out) 703303.132002147 4820665.00186192 310.765873608451 3D error 0.0634054023290265 0.0847269403012163 -0.13586872563804
[2016.05.26 17:09:09][ 19%RAM][ 21%CPU][Info]: Camera <DJI_0006.JPG> xyzoutT 703287.33142891 4820673.01835559 310.630004882813  xyzProc (as out) 703287.141223075 4820672.65427032 310.079536724028 3D error 0.190205835525656 0.364085268715762 0.550468158784111
[2016.05.26 17:09:09][ 19%RAM][ 21%CPU][Processing]: Compute number of matches.
[2016.05.26 17:09:09][ 19%RAM][ 21%CPU][Processing]: Substep Georeference the model finished.
[2016.05.26 17:09:09][ 19%RAM][ 21%CPU][Processing]: Substep Camera calibration started.
[2016.05.26 17:09:09][ 19%RAM][ 21%CPU][Processing]: Substep Camera calibration finished.
[2016.05.26 17:09:09][ 19%RAM][ 21%CPU][Processing]: Color automatic tie points...
[2016.05.26 17:09:09][ 19%RAM][ 21%CPU][Info]: image: G:/DCIM/100MEDIA/DJI_0001.JPG
[2016.05.26 17:09:09][ 19%RAM][ 21%CPU][Info]: image: G:/DCIM/100MEDIA/DJI_0002.JPG
[2016.05.26 17:09:09][ 19%RAM][ 21%CPU][Info]: image: G:/DCIM/100MEDIA/DJI_0003.JPG
[2016.05.26 17:09:09][ 19%RAM][ 21%CPU][Info]: image: G:/DCIM/100MEDIA/DJI_0004.JPG
[2016.05.26 17:09:09][ 19%RAM][ 21%CPU][Info]: image: G:/DCIM/100MEDIA/DJI_0005.JPG
[2016.05.26 17:09:09][ 19%RAM][ 21%CPU][Info]: image: G:/DCIM/100MEDIA/DJI_0006.JPG
[2016.05.26 17:09:09][ 19%RAM][ 21%CPU][Info]: InitialProcessing: mean resolution is 2.11541cm / 0.0211541m.
[2016.05.26 17:09:09][ 19%RAM][ 21%CPU][Info]: *******************************
[2016.05.26 17:09:09][ 19%RAM][ 21%CPU][Info]: *******InitialReport********
[2016.05.26 17:09:09][ 19%RAM][ 21%CPU][Info]: *******************************
[2016.05.26 17:09:09][ 19%RAM][ 21%CPU][Processing]: Substep Report generation started.
[2016.05.26 17:09:09][ 19%RAM][ 21%CPU][Info]: Reading keypoints header from <D:\APP_PHOTO\PiX4D\Projets/test/1_initial/project_data/feat_full_1.p4b> ...
[2016.05.26 17:09:09][ 19%RAM][ 21%CPU][Processing]: Load point cloud
[2016.05.26 17:09:09][ 19%RAM][ 21%CPU][Info]: Load point cloud [0/0] elapsed 000ms ...
[2016.05.26 17:09:09][ 19%RAM][ 21%CPU][Info]: Load point cloud: mean =       703313 4.82068e+006          311.
[2016.05.26 17:09:09][ 19%RAM][ 21%CPU][Info]: Load point cloud: range = [703276, 703324] x [4.82063e+006, 4.8207e+006] x [244.627, 258.95].
[2016.05.26 17:09:09][ 19%RAM][ 21%CPU][Info]: Load point cloud: workspace = {x = [70327568547, 70332545569], y = [-482070049781, -482062460764], res = 2115, pixels = 2353 x 3588}.
[2016.05.26 17:09:09][ 19%RAM][ 21%CPU][Info]: Load point cloud: loading tracks ...
[2016.05.26 17:09:09][ 19%RAM][ 21%CPU][Info]: Load point cloud: [1155 points] processed step in 000ms.
[2016.05.26 17:09:09][ 19%RAM][ 21%CPU][Info]: Load point cloud: sorting points ...
[2016.05.26 17:09:09][ 19%RAM][ 21%CPU][Info]: Load point cloud: [1155 points] processed step in 000ms.
[2016.05.26 17:09:09][ 19%RAM][ 21%CPU][Info]: Load point cloud: low-res version ...
[2016.05.26 17:09:09][ 19%RAM][ 21%CPU][Info]: PointCloud: using 937 low-resolution points.
[2016.05.26 17:09:09][ 19%RAM][ 21%CPU][Info]: Load point cloud: [1155 points] processed step in 001ms.
[2016.05.26 17:09:09][ 19%RAM][ 21%CPU][Info]: >>>Load point cloud<<< done in 500ms / 0.00833333 min.
[2016.05.26 17:09:09][ 19%RAM][ 21%CPU][Info]: Report: PCL {x = [70327568547, 70332545569], y = [-482070049781, -482062460764], res = 2115, pixels = 2353 x 3588}.
[2016.05.26 17:09:09][ 19%RAM][ 21%CPU][Info]: Report: orthomosaic size 1176x1794@0.0423082m / 2353x3588@0.0211541m.
[2016.05.26 17:09:09][ 19%RAM][ 21%CPU][Processing]: Generate Quality Report
[2016.05.26 17:09:11][ 19%RAM][ 62%CPU][Processing]: Loading ortho images [group1]
[2016.05.26 17:09:11][ 19%RAM][ 62%CPU][Info]: Loading ortho images [group1] [0/0] elapsed 001ms ...
[2016.05.26 17:09:11][ 19%RAM][ 62%CPU][Info]: Load ortho: visibility [no], color balancing [no].
[2016.05.26 17:09:11][ 19%RAM][ 62%CPU][Info]: Load ortho: {x = [70327568547, 70332545569], y = [-482070049781, -482062460764], res = 4231, pixels = 1176 x 1793}.
[2016.05.26 17:09:11][ 19%RAM][ 62%CPU][Info]: Load ortho: to process 6 images of type 3x[byte] using 1 tile(s) of 5000x5000.
[2016.05.26 17:09:11][ 19%RAM][ 62%CPU][Info]: Load ortho: NA [closed], WA [opened].
[2016.05.26 17:09:11][ 19%RAM][ 62%CPU][Info]: >>>Loading ortho images [group1]<<< done in 501ms / 0.00835 min.
[2016.05.26 17:09:11][ 19%RAM][ 62%CPU][Info]: Blending: estimated memory usage [image] 72MB.
[2016.05.26 17:09:11][ 19%RAM][ 62%CPU][Info]: Blending: estimated memory usage [tile] 882MB.
[2016.05.26 17:09:11][ 19%RAM][ 62%CPU][Info]: Blending: processing 1 tiles in parallel.
[2016.05.26 17:09:11][ 19%RAM][ 62%CPU][Processing]: Generate Quality Report (orthomosaic) [group1]
[2016.05.26 17:09:11][ 19%RAM][ 62%CPU][Info]: Generate Quality Report (orthomosaic) [group1] [0/1] elapsed 001ms ...
[2016.05.26 17:09:13][ 19%RAM][ 70%CPU][Info]: >>>Generate Quality Report (orthomosaic) [group1]<<< done in 02s:004ms / 0.0334 min.
[2016.05.26 17:09:14][ 19%RAM][ 27%CPU][Info]: writeFlightPlan D:\APP_PHOTO\PiX4D\Projets/test/1_initial/report/html/geotag_position.png 6
[2016.05.26 17:09:14][ 19%RAM][ 27%CPU][Processing]: Compute number of matches.
[2016.05.26 17:09:14][ 19%RAM][ 27%CPU][Processing]: Compute number of matches.
[2016.05.26 17:09:14][ 19%RAM][ 27%CPU][Info]: writeMatches D:\APP_PHOTO\PiX4D\Projets/test/1_initial/report/html/matches_graph.png 985 1000
[2016.05.26 17:09:14][ 19%RAM][ 27%CPU][Info]: RESULT for Image quality: 43946
[2016.05.26 17:09:14][ 19%RAM][ 27%CPU][Info]: RESULT for completeness: 6/6
[2016.05.26 17:09:14][ 19%RAM][ 27%CPU][Info]: RESULT for Camera calibration: 23.14
[2016.05.26 17:09:14][ 19%RAM][ 27%CPU][Info]: RESULT for Matching quality: 3661
[2016.05.26 17:09:14][ 19%RAM][ 27%CPU][Info]: RESULT 2D Keypoints per Image: median 43946, mean 43845.2, min 42336, max 45249
[2016.05.26 17:09:14][ 19%RAM][ 27%CPU][Info]: RESULT Matched 2D Keypoints per Image: median 3661, mean 3473.17, min 1169, max 5198
[2016.05.26 17:09:14][ 19%RAM][ 27%CPU][Info]: RESULT for Average Ground Sampling Distances: 2.11 cm / 0.83 in
[2016.05.26 17:09:14][ 19%RAM][ 27%CPU][Info]: RESULT for Area covered : 0.0019 sq. km / 0.0007sq. mi.
[2016.05.26 17:09:14][ 19%RAM][ 27%CPU][Info]: RESULT for time Initial Processing 12s
[2016.05.26 17:09:14][ 19%RAM][ 27%CPU][Info]: RESULT for optimized camera parameters: 0
[2016.05.26 17:09:14][ 19%RAM][ 27%CPU][Info]: PerspectiveCamera5 CAMERA nrCols*nrRows 4000*2250 sx*sy [mm]: 36*20.25
[2016.05.26 17:09:14][ 19%RAM][ 27%CPU][Info]: R [-0.354346046 -0.935114230 0.000506480 ] alpha [-3.146815843] t [-7.819747958]
[2016.05.26 17:09:14][ 19%RAM][ 27%CPU][Info]: R [-0.935032763 0.354307916 -0.013402693 ] beta [0.012353914] t [25.552689272]
[2016.05.26 17:09:14][ 19%RAM][ 27%CPU][Info]: R [0.012353599 -0.005222767 -0.999910052 ] gamma [1.933039889] t [-0.497101009]
[2016.05.26 17:09:14][ 19%RAM][ 27%CPU][Info]: 0 iParams: -0.00990051 0.0151878 -0.00472621 0.000677799 -0.000550987
[2016.05.26 17:09:14][ 19%RAM][ 27%CPU][Info]: focal: 2561.99 cx/cy: 1984.47 1115.45 rd: 0.00974323 -0.0148813 0.0046085 td: -0.00067197 0.00054624
[2016.05.26 17:09:14][ 19%RAM][ 27%CPU][Info]: OS Power Save: Enable
[2016.05.26 17:09:14][ 19%RAM][ 27%CPU][Info]: >>>Step1<<< done in 18s:382ms / 0.306367 min.
[2016.05.26 17:09:14][ 19%RAM][ 27%CPU][Processing]: Substep Report generation finished.
[2016.05.26 17:09:14][ 19%RAM][ 27%CPU][Processing]: Step1Done
[2016.05.26 17:09:14][ 19%RAM][ 27%CPU][UI]: Show Quality Report clicked.
[2016.05.26 17:09:14][ 19%RAM][ 27%CPU][Info]: OS Power Save: Disable
[2016.05.26 17:09:14][ 19%RAM][ 27%CPU][Info]: Running PDF conversion utility: <C:/Program Files/Pix4Dmapper/wkhtmltopdf.exe> ...
[2016.05.26 17:09:14][ 19%RAM][ 27%CPU][Info]:  ... with url <D:\APP_PHOTO\PiX4D\Projets/test/1_initial/report/html/index.html>.
[2016.05.26 17:09:14][ 19%RAM][ 27%CPU][Info]:  ... with pdf <D:\APP_PHOTO\PiX4D\Projets/test/1_initial/report/test_report.pdf>.
[2016.05.26 17:09:14][ 19%RAM][ 27%CPU][Info]: DataProvider: closing
[2016.05.26 17:09:15][ 19%RAM][ 27%CPU][Info]: Project results: loading ...
[2016.05.26 17:09:15][ 19%RAM][ 27%CPU][Info]: Coordinate systems loaded
[2016.05.26 17:09:15][ 19%RAM][ 27%CPU][Info]: PerspectiveCamera5 CAMERA nrCols*nrRows 4000*2250 sx*sy [mm]: 36*20.25
[2016.05.26 17:09:15][ 19%RAM][ 27%CPU][Info]: R [1.000000000 0.000000000 0.000000000 ] alpha [0.000000000] t [0.000000000]
[2016.05.26 17:09:15][ 19%RAM][ 27%CPU][Info]: R [-0.000000000 1.000000000 0.000000000 ] beta [0.000000000] t [0.000000000]
[2016.05.26 17:09:15][ 19%RAM][ 27%CPU][Info]: R [0.000000000 -0.000000000 1.000000000 ] gamma [0.000000000] t [0.000000000]
[2016.05.26 17:09:15][ 19%RAM][ 27%CPU][Info]: 1 iParams: 0 0 0 0 0
[2016.05.26 17:09:15][ 19%RAM][ 27%CPU][Info]: focal: 3333.33 cx/cy: 2000 1125 rd: 0 0 0 td: 0 0
[2016.05.26 17:09:15][ 19%RAM][ 27%CPU][Info]: PerspectiveCamera5 CAMERA nrCols*nrRows 4000*2250 sx*sy [mm]: 36*20.25
[2016.05.26 17:09:15][ 19%RAM][ 27%CPU][Info]: R [1.000000000 0.000000000 0.000000000 ] alpha [0.000000000] t [0.000000000]
[2016.05.26 17:09:15][ 19%RAM][ 27%CPU][Info]: R [-0.000000000 1.000000000 0.000000000 ] beta [0.000000000] t [0.000000000]
[2016.05.26 17:09:15][ 19%RAM][ 27%CPU][Info]: R [0.000000000 -0.000000000 1.000000000 ] gamma [0.000000000] t [0.000000000]
[2016.05.26 17:09:15][ 19%RAM][ 27%CPU][Info]: 0 iParams: 0 0 0 0 0
[2016.05.26 17:09:15][ 19%RAM][ 27%CPU][Info]: focal: 3333.33 cx/cy: 2000 1125 rd: 0 0 0 td: 0 0
[2016.05.26 17:09:15][ 19%RAM][ 27%CPU][Info]: Project: Cameras updated
[2016.05.26 17:09:15][ 19%RAM][ 27%CPU][Info]: Project: Cameras loaded
[2016.05.26 17:09:15][ 19%RAM][ 27%CPU][Info]: Project: Calibrated tracks loaded
[2016.05.26 17:09:15][ 19%RAM][ 27%CPU][Info]: Coordinate systems loaded
[2016.05.26 17:09:15][ 19%RAM][ 27%CPU][Info]: Cameras with 1 different camera model(s)
[2016.05.26 17:09:15][ 19%RAM][ 27%CPU][Info]: Cameras with 6 different images
[2016.05.26 17:09:15][ 19%RAM][ 27%CPU][Info]: PerspectiveCamera5 CAMERA nrCols*nrRows 4000*2250 sx*sy [mm]: 36*20.25
[2016.05.26 17:09:15][ 19%RAM][ 27%CPU][Info]: R [1.000000000 0.000000000 0.000000000 ] alpha [0.000000000] t [0.000000000]
[2016.05.26 17:09:15][ 19%RAM][ 27%CPU][Info]: R [-0.000000000 1.000000000 0.000000000 ] beta [0.000000000] t [0.000000000]
[2016.05.26 17:09:15][ 19%RAM][ 27%CPU][Info]: R [0.000000000 -0.000000000 1.000000000 ] gamma [0.000000000] t [0.000000000]
[2016.05.26 17:09:15][ 19%RAM][ 27%CPU][Info]: 1 iParams: 0 0 0 0 0
[2016.05.26 17:09:15][ 19%RAM][ 27%CPU][Info]: focal: 3333.33 cx/cy: 2000 1125 rd: 0 0 0 td: 0 0
[2016.05.26 17:09:15][ 19%RAM][ 27%CPU][Info]: PerspectiveCamera5 CAMERA nrCols*nrRows 4000*2250 sx*sy [mm]: 36*20.25
[2016.05.26 17:09:15][ 19%RAM][ 27%CPU][Info]: R [1.000000000 0.000000000 0.000000000 ] alpha [0.000000000] t [0.000000000]
[2016.05.26 17:09:15][ 19%RAM][ 27%CPU][Info]: R [-0.000000000 1.000000000 0.000000000 ] beta [0.000000000] t [0.000000000]
[2016.05.26 17:09:15][ 19%RAM][ 27%CPU][Info]: R [0.000000000 -0.000000000 1.000000000 ] gamma [0.000000000] t [0.000000000]
[2016.05.26 17:09:15][ 19%RAM][ 27%CPU][Info]: 0 iParams: 0 0 0 0 0
[2016.05.26 17:09:15][ 19%RAM][ 27%CPU][Info]: focal: 3333.33 cx/cy: 2000 1125 rd: 0 0 0 td: 0 0
[2016.05.26 17:09:15][ 19%RAM][ 27%CPU][Info]: Cameras created: 1
[2016.05.26 17:09:15][ 19%RAM][ 27%CPU][Info]: 0 rigs:
[2016.05.26 17:09:15][ 19%RAM][ 27%CPU][Info]: Image 0 <G:/DCIM/100MEDIA/DJI_0001.JPG> camera model <FC330_0.0_4000x2250 (RGB)(1)> group <group1> GPS tol xy 5 z 10
[2016.05.26 17:09:15][ 19%RAM][ 27%CPU][Info]: Image 1 <G:/DCIM/100MEDIA/DJI_0002.JPG> camera model <FC330_0.0_4000x2250 (RGB)(1)> group <group1> GPS tol xy 5 z 10
[2016.05.26 17:09:15][ 19%RAM][ 27%CPU][Info]: Image 2 <G:/DCIM/100MEDIA/DJI_0003.JPG> camera model <FC330_0.0_4000x2250 (RGB)(1)> group <group1> GPS tol xy 5 z 10
[2016.05.26 17:09:15][ 19%RAM][ 27%CPU][Info]: Image 3 <G:/DCIM/100MEDIA/DJI_0004.JPG> camera model <FC330_0.0_4000x2250 (RGB)(1)> group <group1> GPS tol xy 5 z 10
[2016.05.26 17:09:15][ 19%RAM][ 27%CPU][Info]: Image 4 <G:/DCIM/100MEDIA/DJI_0005.JPG> camera model <FC330_0.0_4000x2250 (RGB)(1)> group <group1> GPS tol xy 5 z 10
[2016.05.26 17:09:15][ 19%RAM][ 27%CPU][Info]: Image 5 <G:/DCIM/100MEDIA/DJI_0006.JPG> camera model <FC330_0.0_4000x2250 (RGB)(1)> group <group1> GPS tol xy 5 z 10
[2016.05.26 17:09:15][ 19%RAM][ 27%CPU][Info]: nrImages with GEO 6
[2016.05.26 17:09:15][ 19%RAM][ 27%CPU][Info]: nrTotal images 6
[2016.05.26 17:09:15][ 19%RAM][ 27%CPU][Info]: Project: loading done.
[2016.05.26 17:09:16][ 19%RAM][ 14%CPU][Info]:  ... finished correctly.
[2016.05.26 17:09:16][ 19%RAM][ 14%CPU][Info]: OS Power Save: Enable
[2016.05.26 17:09:17][ 19%RAM][ 14%CPU][Info]: Time spent building the tree: 000ms, total number of points = 1156
[2016.05.26 17:09:17][ 19%RAM][ 14%CPU][Info]: Finished loading tracks layer with 1156 points
[2016.05.26 17:09:17][ 19%RAM][ 14%CPU][Info]: --------------------------------------------
[2016.05.26 17:09:17][ 19%RAM][ 14%CPU][Info]: ---------------------------------------------------------------------------
[2016.05.26 17:09:17][ 19%RAM][ 14%CPU][Info]: Version                 = <2.1.53>
[2016.05.26 17:09:17][ 19%RAM][ 14%CPU][Info]: Name                    = <test>
[2016.05.26 17:09:17][ 19%RAM][ 14%CPU][Info]: Workspace               = <D:\APP_PHOTO\PiX4D\Projets/>
[2016.05.26 17:09:17][ 19%RAM][ 14%CPU][Info]: ---------------------------------------------------------------------------
[2016.05.26 17:09:17][ 19%RAM][ 14%CPU][Info]: WKT Output              = <PROJCS["WGS84 / UTM zone 31N",GEOGCS["WGS 84",DATUM["WGS_1984",SPHEROID["WGS 84",6378137,298.257223563,AUTHORITY["EPSG","7030"]],TOWGS84[0,0,0,0,0,0,0],AUTHORITY["EPSG","6326"]],PRIMEM["Greenwich",0,AUTHORITY["EPSG","8901"]],UNIT["degree",0.0174532925199433,AUTHORITY["EPSG","9108"]],AUTHORITY["EPSG","4326"]],PROJECTION["Transverse_Mercator"],PARAMETER["latitude_of_origin",0],PARAMETER["central_meridian",3],PARAMETER["scale_factor",0.9996],PARAMETER["false_easting",500000],PARAMETER["false_northing",0],UNIT["Meter",1],AUTHORITY["EPSG","32631"]]>
[2016.05.26 17:09:17][ 19%RAM][ 14%CPU][Info]: WKT GCP                 = <PROJCS["WGS84 / UTM zone 31N",GEOGCS["WGS 84",DATUM["WGS_1984",SPHEROID["WGS 84",6378137,298.257223563,AUTHORITY["EPSG","7030"]],TOWGS84[0,0,0,0,0,0,0],AUTHORITY["EPSG","6326"]],PRIMEM["Greenwich",0,AUTHORITY["EPSG","8901"]],UNIT["degree",0.0174532925199433,AUTHORITY["EPSG","9108"]],AUTHORITY["EPSG","4326"]],PROJECTION["Transverse_Mercator"],PARAMETER["latitude_of_origin",0],PARAMETER["central_meridian",3],PARAMETER["scale_factor",0.9996],PARAMETER["false_easting",500000],PARAMETER["false_northing",0],UNIT["Meter",1],AUTHORITY["EPSG","32631"]]>
[2016.05.26 17:09:17][ 19%RAM][ 14%CPU][Info]: WKT IMG                 = <GEOGCS["WGS 84",DATUM["WGS_1984",SPHEROID["WGS 84",6378137,298.257223563,AUTHORITY["EPSG","7030"]],TOWGS84[0,0,0,0,0,0,0],AUTHORITY["EPSG","6326"]],PRIMEM["Greenwich",0,AUTHORITY["EPSG","8901"]],UNIT["degree",0.01745329251994328,AUTHORITY["EPSG","9122"]],AUTHORITY["EPSG","4326"]]>
[2016.05.26 17:09:17][ 19%RAM][ 14%CPU][Info]: Linear unit             = <m>
[2016.05.26 17:09:17][ 19%RAM][ 14%CPU][Info]: ---------------------------------------------------------------------------
[2016.05.26 17:09:17][ 19%RAM][ 14%CPU][Info]: Vert.model Output       = <egm96 0>
[2016.05.26 17:09:17][ 19%RAM][ 14%CPU][Info]: Vert.model GCP          = <egm96 0>
[2016.05.26 17:09:17][ 19%RAM][ 14%CPU][Info]: Vert.model IMG          = <egm96 0>
[2016.05.26 17:09:17][ 19%RAM][ 14%CPU][Info]: ---------------------------------------------------------------------------
[2016.05.26 17:09:17][ 19%RAM][ 14%CPU][Info]: ------------------------------------------------------------------------
[2016.05.26 17:09:17][ 19%RAM][ 14%CPU][Info]: ResultDir               = <D:\APP_PHOTO\PiX4D\Projets/test/>
[2016.05.26 17:09:17][ 19%RAM][ 14%CPU][Info]: ReportDir               = <D:\APP_PHOTO\PiX4D\Projets/test/1_initial/report/>
[2016.05.26 17:09:17][ 19%RAM][ 14%CPU][Info]: ------------------------------------------------------------------------
[2016.05.26 17:09:17][ 19%RAM][ 14%CPU][Info]: Initial processing options
[2016.05.26 17:09:17][ 19%RAM][ 14%CPU][Info]: Processing
[2016.05.26 17:09:17][ 19%RAM][ 14%CPU][Info]: Keypoint extraction
[2016.05.26 17:09:17][ 19%RAM][ 14%CPU][Info]: Keypoint scale strategy    = <Full>
[2016.05.26 17:09:17][ 19%RAM][ 14%CPU][Info]: Image keypoint scale       = <1>
[2016.05.26 17:09:17][ 19%RAM][ 14%CPU][Info]: Descriptor type            = <0>
[2016.05.26 17:09:17][ 19%RAM][ 14%CPU][Info]: Matching
[2016.05.26 17:09:17][ 19%RAM][ 14%CPU][Info]: Strategy                   = <AutoAerial>
[2016.05.26 17:09:17][ 19%RAM][ 14%CPU][Info]: Advanced                   = <no>
[2016.05.26 17:09:17][ 19%RAM][ 14%CPU][Info]: Sequential                 = <2>
[2016.05.26 17:09:17][ 19%RAM][ 14%CPU][Info]: Triangle                   = <yes>
[2016.05.26 17:09:17][ 19%RAM][ 14%CPU][Info]: Distance                   = <0 absolute>
[2016.05.26 17:09:17][ 19%RAM][ 14%CPU][Info]: MTP                        = <5>
[2016.05.26 17:09:17][ 19%RAM][ 14%CPU][Info]: Similarity                 = <1>
[2016.05.26 17:09:17][ 19%RAM][ 14%CPU][Info]: Optimization
[2016.05.26 17:09:17][ 19%RAM][ 14%CPU][Info]: Calibration method         = <standard>
[2016.05.26 17:09:17][ 19%RAM][ 14%CPU][Info]: Optimize internals         = <int_all>
[2016.05.26 17:09:17][ 19%RAM][ 14%CPU][Info]: Optimize externals         = <ext_all>
[2016.05.26 17:09:17][ 19%RAM][ 14%CPU][Info]: Rematch strategy           = <Auto>
[2016.05.26 17:09:17][ 19%RAM][ 14%CPU][Info]: Rematch images             = <yes>
[2016.05.26 17:09:17][ 19%RAM][ 14%CPU][Info]: Output
[2016.05.26 17:09:17][ 19%RAM][ 14%CPU][Info]: Save camera internals and external, AAT, BBA = <no>
[2016.05.26 17:09:17][ 19%RAM][ 14%CPU][Info]: Save undistorted images         = <no>
[2016.05.26 17:09:17][ 19%RAM][ 14%CPU][Info]: Generate orthomosaic for report = <yes>
[2016.05.26 17:09:17][ 19%RAM][ 14%CPU][Info]: Create thumbnails               = <yes>
[2016.05.26 17:09:17][ 19%RAM][ 14%CPU][Info]: ------------------------------------------------------------------------
[2016.05.26 17:09:17][ 19%RAM][ 14%CPU][Info]: Point Cloud options
[2016.05.26 17:09:17][ 19%RAM][ 14%CPU][Info]: Point Cloud Densification
[2016.05.26 17:09:17][ 19%RAM][ 14%CPU][Info]: Image scale               = <1/2 (Half image size, Default)>
[2016.05.26 17:09:17][ 19%RAM][ 14%CPU][Info]: Multiscale                = <yes>
[2016.05.26 17:09:17][ 19%RAM][ 14%CPU][Info]: Point density             = <Optimal>
[2016.05.26 17:09:17][ 19%RAM][ 14%CPU][Info]: Minimum number of matches = <3>
[2016.05.26 17:09:17][ 19%RAM][ 14%CPU][Info]: Matching window size      = <7x7 pixels>
[2016.05.26 17:09:17][ 19%RAM][ 14%CPU][Info]: Add-ons
[2016.05.26 17:09:17][ 19%RAM][ 14%CPU][Info]: Use SGM                   = <no>
[2016.05.26 17:09:17][ 19%RAM][ 14%CPU][Info]: Point Cloud Filters
[2016.05.26 17:09:17][ 19%RAM][ 14%CPU][Info]: Use densification area    = <yes>
[2016.05.26 17:09:17][ 19%RAM][ 14%CPU][Info]: Use annotations           = <yes>
[2016.05.26 17:09:17][ 19%RAM][ 14%CPU][Info]: Limit camera depth        = <no>
[2016.05.26 17:09:17][ 19%RAM][ 14%CPU][Info]: Output
[2016.05.26 17:09:17][ 19%RAM][ 14%CPU][Info]: Save PLY                  = <no>
[2016.05.26 17:09:17][ 19%RAM][ 14%CPU][Info]: Save XYZ                  = <no>
[2016.05.26 17:09:17][ 19%RAM][ 14%CPU][Info]: XYZ delimiter             = <Space>
[2016.05.26 17:09:17][ 19%RAM][ 14%CPU][Info]: Save LAS                  = <no>
[2016.05.26 17:09:17][ 19%RAM][ 14%CPU][Info]: Save LAZ                  = <no>
[2016.05.26 17:09:17][ 19%RAM][ 14%CPU][Info]: Point Cloud Classification
[2016.05.26 17:09:17][ 19%RAM][ 14%CPU][Info]: Terrain Classifier        = <no>
[2016.05.26 17:09:17][ 19%RAM][ 14%CPU][Info]: Minimum object length (in linearUnit) <0.1>
[2016.05.26 17:09:17][ 19%RAM][ 14%CPU][Info]: Minimum object length (in linearUnit) <400>
[2016.05.26 17:09:17][ 19%RAM][ 14%CPU][Info]: Minimum object length (in linearUnit) <0.1>
[2016.05.26 17:09:17][ 19%RAM][ 14%CPU][Info]: 3D Triangle Mesh
[2016.05.26 17:09:17][ 19%RAM][ 14%CPU][Info]: Generate 3D textured mesh = <yes>
[2016.05.26 17:09:17][ 19%RAM][ 14%CPU][Info]: Texture size              = <8192x8192>
[2016.05.26 17:09:17][ 19%RAM][ 14%CPU][Info]: Maximum number of triangles = <1000000>
[2016.05.26 17:09:17][ 19%RAM][ 14%CPU][Info]: Save PLY                  = <no>
[2016.05.26 17:09:17][ 19%RAM][ 14%CPU][Info]: Save OBJ                  = <no>
[2016.05.26 17:09:17][ 19%RAM][ 14%CPU][Info]: Save Zipped OBJ           = <no>
[2016.05.26 17:09:17][ 19%RAM][ 14%CPU][Info]: Save FBX                  = <no>
[2016.05.26 17:09:17][ 19%RAM][ 14%CPU][Info]: Save DXF                  = <no>
[2016.05.26 17:09:17][ 19%RAM][ 14%CPU][Info]: Save PDF3D                = <no>
[2016.05.26 17:09:17][ 19%RAM][ 14%CPU][Info]: PDF3D Logo                = <>
[2016.05.26 17:09:17][ 19%RAM][ 14%CPU][Info]: ------------------------------------------------------------------------
[2016.05.26 17:09:17][ 19%RAM][ 14%CPU][Info]: Index options
[2016.05.26 17:09:17][ 19%RAM][ 14%CPU][Info]: Save reflectance map TIFF   = <no>
[2016.05.26 17:09:17][ 19%RAM][ 14%CPU][Info]: Merge Reflectance Tiles     = <no>
[2016.05.26 17:09:17][ 19%RAM][ 14%CPU][Info]: Save Index Grid             = <no>
[2016.05.26 17:09:17][ 19%RAM][ 14%CPU][Info]: Save Index grid resolution  = <200>
[2016.05.26 17:09:17][ 19%RAM][ 14%CPU][Info]: Save Index Range            = <no>
[2016.05.26 17:09:17][ 19%RAM][ 14%CPU][Info]: Save Index Range resolution = <400>
[2016.05.26 17:09:17][ 19%RAM][ 14%CPU][Info]: Downsampling strategy       = <Gauss>
[2016.05.26 17:09:17][ 19%RAM][ 14%CPU][Info]: Indices to generate         = <[ ]>
[2016.05.26 17:09:17][ 19%RAM][ 14%CPU][Info]: Has Regions                 = <no>
[2016.05.26 17:09:17][ 19%RAM][ 14%CPU][Info]: Radiometric Calibration     = <no>
[2016.05.26 17:09:17][ 19%RAM][ 14%CPU][Info]: ------------------------------------------------------------------------
[2016.05.26 17:09:17][ 19%RAM][ 14%CPU][Info]: DSM and Orthomosaic options
[2016.05.26 17:09:17][ 19%RAM][ 14%CPU][Info]: Resolution [cm/pixel]    = <2.11541>
[2016.05.26 17:09:17][ 19%RAM][ 14%CPU][Info]: Filters
[2016.05.26 17:09:17][ 19%RAM][ 14%CPU][Info]: Use noise filtering      = <yes>
[2016.05.26 17:09:17][ 19%RAM][ 14%CPU][Info]: Use surface smoothing    = <yes>
[2016.05.26 17:09:17][ 19%RAM][ 14%CPU][Info]: Surface smoothing type   = <Sharp>
[2016.05.26 17:09:17][ 19%RAM][ 14%CPU][Info]: Raster DSM
[2016.05.26 17:09:17][ 19%RAM][ 14%CPU][Info]: Processing Type          = <Inverse Distance Weighting>
[2016.05.26 17:09:17][ 19%RAM][ 14%CPU][Info]: Save DSM TIFF            = <no>
[2016.05.26 17:09:17][ 19%RAM][ 14%CPU][Info]: DSM TIFF merge tiles     = <no>
[2016.05.26 17:09:17][ 19%RAM][ 14%CPU][Info]: GridDSM
[2016.05.26 17:09:17][ 19%RAM][ 14%CPU][Info]: Save grid DSM XYZ        = <no>
[2016.05.26 17:09:17][ 19%RAM][ 14%CPU][Info]: XYZ delimiter            = <Space>
[2016.05.26 17:09:17][ 19%RAM][ 14%CPU][Info]: Save grid DSM LAS        = <no>
[2016.05.26 17:09:17][ 19%RAM][ 14%CPU][Info]: Save grid DSM LAZ        = <no>
[2016.05.26 17:09:17][ 19%RAM][ 14%CPU][Info]: Grid DSM spacing [cm]    = <100>
[2016.05.26 17:09:17][ 19%RAM][ 14%CPU][Info]: Orthomosaic
[2016.05.26 17:09:17][ 19%RAM][ 14%CPU][Info]: Save orthomosaic TIFF    = <no>
[2016.05.26 17:09:17][ 19%RAM][ 14%CPU][Info]: Use visibility           = <yes>
[2016.05.26 17:09:17][ 19%RAM][ 14%CPU][Info]: Use color balancing      = <yes>
[2016.05.26 17:09:17][ 19%RAM][ 14%CPU][Info]: Save orthomosaic TIFF merge tiles = <yes>
[2016.05.26 17:09:17][ 19%RAM][ 14%CPU][Info]: Save orthomosaic TIFF without transparency = <no>
[2016.05.26 17:09:17][ 19%RAM][ 14%CPU][Info]: Save KML                 = <no>
[2016.05.26 17:09:17][ 19%RAM][ 14%CPU][Info]: Save Mapbox tiles        = <no>
[2016.05.26 17:09:17][ 19%RAM][ 14%CPU][Info]: ------------------------------------------------------------------------
[2016.05.26 17:09:17][ 19%RAM][ 14%CPU][Info]: Additional outputs options
[2016.05.26 17:09:17][ 19%RAM][ 14%CPU][Info]: Contour lines
[2016.05.26 17:09:17][ 19%RAM][ 14%CPU][Info]: Save contour SHP          = <no>
[2016.05.26 17:09:17][ 19%RAM][ 14%CPU][Info]: Save contour PDF          = <no>
[2016.05.26 17:09:17][ 19%RAM][ 14%CPU][Info]: Save contour DXF          = <no>
[2016.05.26 17:09:17][ 19%RAM][ 14%CPU][Info]: Contour base (in LinearUnit) = <0>
[2016.05.26 17:09:17][ 19%RAM][ 14%CPU][Info]: Elevation interval (in LinearUnit) = <10>
[2016.05.26 17:09:17][ 19%RAM][ 14%CPU][Info]: Resolution [cm]            = <100>
[2016.05.26 17:09:17][ 19%RAM][ 14%CPU][Info]: Minimum line size [points] = <20>
[2016.05.26 17:09:17][ 19%RAM][ 14%CPU][Info]: ------------------------------------------------------------------------
[2016.05.26 17:09:17][ 19%RAM][ 14%CPU][Info]: Cuda capable devices      = <2>
[2016.05.26 17:09:17][ 19%RAM][ 14%CPU][Info]:   Id                      = <0>
[2016.05.26 17:09:17][ 19%RAM][ 14%CPU][Info]:     Name                  = <GeForce GTX 670>
[2016.05.26 17:09:17][ 19%RAM][ 14%CPU][Info]:     Enabled               = <yes>
[2016.05.26 17:09:17][ 19%RAM][ 14%CPU][Info]:   Id                      = <1>
[2016.05.26 17:09:17][ 19%RAM][ 14%CPU][Info]:     Name                  = <GeForce GTX 670>
[2016.05.26 17:09:17][ 19%RAM][ 14%CPU][Info]:     Enabled               = <yes>
[2016.05.26 17:09:17][ 19%RAM][ 14%CPU][Info]: ------------------------------------------------------------------------
[2016.05.26 17:09:17][ 19%RAM][ 14%CPU][Info]: --------------------------------------------
[2016.05.26 17:09:17][ 19%RAM][ 14%CPU][Info]: OS Power Save: Disable
[2016.05.26 17:09:17][ 19%RAM][ 14%CPU][Info]: *****************************************************
[2016.05.26 17:09:17][ 19%RAM][ 14%CPU][Info]: ************* do dense ******************************
[2016.05.26 17:09:17][ 19%RAM][ 14%CPU][Info]: *****************************************************
[2016.05.26 17:09:17][ 19%RAM][ 14%CPU][Info]: ---------------------------------------------------------------------------
[2016.05.26 17:09:17][ 19%RAM][ 14%CPU][Info]: Version                 = <2.1.53>
[2016.05.26 17:09:17][ 19%RAM][ 14%CPU][Info]: Name                    = <test>
[2016.05.26 17:09:17][ 19%RAM][ 14%CPU][Info]: Workspace               = <D:\APP_PHOTO\PiX4D\Projets/>
[2016.05.26 17:09:17][ 19%RAM][ 14%CPU][Info]: ---------------------------------------------------------------------------
[2016.05.26 17:09:17][ 19%RAM][ 14%CPU][Info]: WKT Output              = <PROJCS["WGS84 / UTM zone 31N",GEOGCS["WGS 84",DATUM["WGS_1984",SPHEROID["WGS 84",6378137,298.257223563,AUTHORITY["EPSG","7030"]],TOWGS84[0,0,0,0,0,0,0],AUTHORITY["EPSG","6326"]],PRIMEM["Greenwich",0,AUTHORITY["EPSG","8901"]],UNIT["degree",0.0174532925199433,AUTHORITY["EPSG","9108"]],AUTHORITY["EPSG","4326"]],PROJECTION["Transverse_Mercator"],PARAMETER["latitude_of_origin",0],PARAMETER["central_meridian",3],PARAMETER["scale_factor",0.9996],PARAMETER["false_easting",500000],PARAMETER["false_northing",0],UNIT["Meter",1],AUTHORITY["EPSG","32631"]]>
[2016.05.26 17:09:17][ 19%RAM][ 14%CPU][Info]: WKT GCP                 = <PROJCS["WGS84 / UTM zone 31N",GEOGCS["WGS 84",DATUM["WGS_1984",SPHEROID["WGS 84",6378137,298.257223563,AUTHORITY["EPSG","7030"]],TOWGS84[0,0,0,0,0,0,0],AUTHORITY["EPSG","6326"]],PRIMEM["Greenwich",0,AUTHORITY["EPSG","8901"]],UNIT["degree",0.0174532925199433,AUTHORITY["EPSG","9108"]],AUTHORITY["EPSG","4326"]],PROJECTION["Transverse_Mercator"],PARAMETER["latitude_of_origin",0],PARAMETER["central_meridian",3],PARAMETER["scale_factor",0.9996],PARAMETER["false_easting",500000],PARAMETER["false_northing",0],UNIT["Meter",1],AUTHORITY["EPSG","32631"]]>
[2016.05.26 17:09:17][ 19%RAM][ 14%CPU][Info]: WKT IMG                 = <GEOGCS["WGS 84",DATUM["WGS_1984",SPHEROID["WGS 84",6378137,298.257223563,AUTHORITY["EPSG","7030"]],TOWGS84[0,0,0,0,0,0,0],AUTHORITY["EPSG","6326"]],PRIMEM["Greenwich",0,AUTHORITY["EPSG","8901"]],UNIT["degree",0.01745329251994328,AUTHORITY["EPSG","9122"]],AUTHORITY["EPSG","4326"]]>
[2016.05.26 17:09:17][ 19%RAM][ 14%CPU][Info]: Linear unit             = <m>
[2016.05.26 17:09:17][ 19%RAM][ 14%CPU][Info]: ---------------------------------------------------------------------------
[2016.05.26 17:09:17][ 19%RAM][ 14%CPU][Info]: Vert.model Output       = <egm96 0>
[2016.05.26 17:09:17][ 19%RAM][ 14%CPU][Info]: Vert.model GCP          = <egm96 0>
[2016.05.26 17:09:17][ 19%RAM][ 14%CPU][Info]: Vert.model IMG          = <egm96 0>
[2016.05.26 17:09:17][ 19%RAM][ 14%CPU][Info]: ---------------------------------------------------------------------------
[2016.05.26 17:09:17][ 19%RAM][ 14%CPU][Info]: ------------------------------------------------------------------------
[2016.05.26 17:09:17][ 19%RAM][ 14%CPU][Info]: ResultDir               = <D:\APP_PHOTO\PiX4D\Projets/test/>
[2016.05.26 17:09:17][ 19%RAM][ 14%CPU][Info]: ReportDir               = <D:\APP_PHOTO\PiX4D\Projets/test/1_initial/report/>
[2016.05.26 17:09:17][ 19%RAM][ 14%CPU][Info]: ------------------------------------------------------------------------
[2016.05.26 17:09:17][ 19%RAM][ 14%CPU][Info]: Initial processing options
[2016.05.26 17:09:17][ 19%RAM][ 14%CPU][Info]: Processing
[2016.05.26 17:09:17][ 19%RAM][ 14%CPU][Info]: Keypoint extraction
[2016.05.26 17:09:17][ 19%RAM][ 14%CPU][Info]: Keypoint scale strategy    = <Full>
[2016.05.26 17:09:17][ 19%RAM][ 14%CPU][Info]: Image keypoint scale       = <1>
[2016.05.26 17:09:17][ 19%RAM][ 14%CPU][Info]: Descriptor type            = <0>
[2016.05.26 17:09:17][ 19%RAM][ 14%CPU][Info]: Matching
[2016.05.26 17:09:17][ 19%RAM][ 14%CPU][Info]: Strategy                   = <AutoAerial>
[2016.05.26 17:09:17][ 19%RAM][ 14%CPU][Info]: Advanced                   = <no>
[2016.05.26 17:09:17][ 19%RAM][ 14%CPU][Info]: Sequential                 = <2>
[2016.05.26 17:09:17][ 19%RAM][ 14%CPU][Info]: Triangle                   = <yes>
[2016.05.26 17:09:17][ 19%RAM][ 14%CPU][Info]: Distance                   = <0 absolute>
[2016.05.26 17:09:17][ 19%RAM][ 14%CPU][Info]: MTP                        = <5>
[2016.05.26 17:09:17][ 19%RAM][ 14%CPU][Info]: Similarity                 = <1>
[2016.05.26 17:09:17][ 19%RAM][ 14%CPU][Info]: Optimization
[2016.05.26 17:09:17][ 19%RAM][ 14%CPU][Info]: Calibration method         = <standard>
[2016.05.26 17:09:17][ 19%RAM][ 14%CPU][Info]: Optimize internals         = <int_all>
[2016.05.26 17:09:17][ 19%RAM][ 14%CPU][Info]: Optimize externals         = <ext_all>
[2016.05.26 17:09:17][ 19%RAM][ 14%CPU][Info]: Rematch strategy           = <Auto>
[2016.05.26 17:09:17][ 19%RAM][ 14%CPU][Info]: Rematch images             = <yes>
[2016.05.26 17:09:17][ 19%RAM][ 14%CPU][Info]: Output
[2016.05.26 17:09:17][ 19%RAM][ 14%CPU][Info]: Save camera internals and external, AAT, BBA = <no>
[2016.05.26 17:09:17][ 19%RAM][ 14%CPU][Info]: Save undistorted images         = <no>
[2016.05.26 17:09:17][ 19%RAM][ 14%CPU][Info]: Generate orthomosaic for report = <yes>
[2016.05.26 17:09:17][ 19%RAM][ 14%CPU][Info]: Create thumbnails               = <yes>
[2016.05.26 17:09:17][ 19%RAM][ 14%CPU][Info]: ------------------------------------------------------------------------
[2016.05.26 17:09:17][ 19%RAM][ 14%CPU][Info]: Point Cloud options
[2016.05.26 17:09:17][ 19%RAM][ 14%CPU][Info]: Point Cloud Densification
[2016.05.26 17:09:17][ 19%RAM][ 14%CPU][Info]: Image scale               = <1/2 (Half image size, Default)>
[2016.05.26 17:09:17][ 19%RAM][ 14%CPU][Info]: Multiscale                = <yes>
[2016.05.26 17:09:17][ 19%RAM][ 14%CPU][Info]: Point density             = <Optimal>
[2016.05.26 17:09:17][ 19%RAM][ 14%CPU][Info]: Minimum number of matches = <3>
[2016.05.26 17:09:17][ 19%RAM][ 14%CPU][Info]: Matching window size      = <7x7 pixels>
[2016.05.26 17:09:17][ 19%RAM][ 14%CPU][Info]: Add-ons
[2016.05.26 17:09:17][ 19%RAM][ 14%CPU][Info]: Use SGM                   = <no>
[2016.05.26 17:09:17][ 19%RAM][ 14%CPU][Info]: Point Cloud Filters
[2016.05.26 17:09:17][ 19%RAM][ 14%CPU][Info]: Use densification area    = <yes>
[2016.05.26 17:09:17][ 19%RAM][ 14%CPU][Info]: Use annotations           = <yes>
[2016.05.26 17:09:17][ 19%RAM][ 14%CPU][Info]: Limit camera depth        = <no>
[2016.05.26 17:09:17][ 19%RAM][ 14%CPU][Info]: Output
[2016.05.26 17:09:17][ 19%RAM][ 14%CPU][Info]: Save PLY                  = <no>
[2016.05.26 17:09:17][ 19%RAM][ 14%CPU][Info]: Save XYZ                  = <no>
[2016.05.26 17:09:17][ 19%RAM][ 14%CPU][Info]: XYZ delimiter             = <Space>
[2016.05.26 17:09:17][ 19%RAM][ 14%CPU][Info]: Save LAS                  = <no>
[2016.05.26 17:09:17][ 19%RAM][ 14%CPU][Info]: Save LAZ                  = <no>
[2016.05.26 17:09:17][ 19%RAM][ 14%CPU][Info]: Point Cloud Classification
[2016.05.26 17:09:17][ 19%RAM][ 14%CPU][Info]: Terrain Classifier        = <no>
[2016.05.26 17:09:17][ 19%RAM][ 14%CPU][Info]: Minimum object length (in linearUnit) <0.1>
[2016.05.26 17:09:17][ 19%RAM][ 14%CPU][Info]: Minimum object length (in linearUnit) <400>
[2016.05.26 17:09:17][ 19%RAM][ 14%CPU][Info]: Minimum object length (in linearUnit) <0.1>
[2016.05.26 17:09:17][ 19%RAM][ 14%CPU][Info]: 3D Triangle Mesh
[2016.05.26 17:09:17][ 19%RAM][ 14%CPU][Info]: Generate 3D textured mesh = <yes>
[2016.05.26 17:09:17][ 19%RAM][ 14%CPU][Info]: Texture size              = <8192x8192>
[2016.05.26 17:09:17][ 19%RAM][ 14%CPU][Info]: Maximum number of triangles = <1000000>
[2016.05.26 17:09:17][ 19%RAM][ 14%CPU][Info]: Save PLY                  = <no>
[2016.05.26 17:09:17][ 19%RAM][ 14%CPU][Info]: Save OBJ                  = <no>
[2016.05.26 17:09:17][ 19%RAM][ 14%CPU][Info]: Save Zipped OBJ           = <no>
[2016.05.26 17:09:17][ 19%RAM][ 14%CPU][Info]: Save FBX                  = <no>
[2016.05.26 17:09:17][ 19%RAM][ 14%CPU][Info]: Save DXF                  = <no>
[2016.05.26 17:09:17][ 19%RAM][ 14%CPU][Info]: Save PDF3D                = <no>
[2016.05.26 17:09:17][ 19%RAM][ 14%CPU][Info]: PDF3D Logo                = <>
[2016.05.26 17:09:17][ 19%RAM][ 14%CPU][Info]: ------------------------------------------------------------------------
[2016.05.26 17:09:17][ 19%RAM][ 14%CPU][Info]: Index options
[2016.05.26 17:09:17][ 19%RAM][ 14%CPU][Info]: Save reflectance map TIFF   = <no>
[2016.05.26 17:09:17][ 19%RAM][ 14%CPU][Info]: Merge Reflectance Tiles     = <no>
[2016.05.26 17:09:17][ 19%RAM][ 14%CPU][Info]: Save Index Grid             = <no>
[2016.05.26 17:09:17][ 19%RAM][ 14%CPU][Info]: Save Index grid resolution  = <200>
[2016.05.26 17:09:17][ 19%RAM][ 14%CPU][Info]: Save Index Range            = <no>
[2016.05.26 17:09:17][ 19%RAM][ 14%CPU][Info]: Save Index Range resolution = <400>
[2016.05.26 17:09:17][ 19%RAM][ 14%CPU][Info]: Downsampling strategy       = <Gauss>
[2016.05.26 17:09:17][ 19%RAM][ 14%CPU][Info]: Indices to generate         = <[ ]>
[2016.05.26 17:09:17][ 19%RAM][ 14%CPU][Info]: Has Regions                 = <no>
[2016.05.26 17:09:17][ 19%RAM][ 14%CPU][Info]: Radiometric Calibration     = <no>
[2016.05.26 17:09:17][ 19%RAM][ 14%CPU][Info]: ------------------------------------------------------------------------
[2016.05.26 17:09:17][ 19%RAM][ 14%CPU][Info]: DSM and Orthomosaic options
[2016.05.26 17:09:17][ 19%RAM][ 14%CPU][Info]: Resolution [cm/pixel]    = <2.11541>
[2016.05.26 17:09:17][ 19%RAM][ 14%CPU][Info]: Filters
[2016.05.26 17:09:17][ 19%RAM][ 14%CPU][Info]: Use noise filtering      = <yes>
[2016.05.26 17:09:17][ 19%RAM][ 14%CPU][Info]: Use surface smoothing    = <yes>
[2016.05.26 17:09:17][ 19%RAM][ 14%CPU][Info]: Surface smoothing type   = <Sharp>
[2016.05.26 17:09:17][ 19%RAM][ 14%CPU][Info]: Raster DSM
[2016.05.26 17:09:17][ 19%RAM][ 14%CPU][Info]: Processing Type          = <Inverse Distance Weighting>
[2016.05.26 17:09:17][ 19%RAM][ 14%CPU][Info]: Save DSM TIFF            = <no>
[2016.05.26 17:09:17][ 19%RAM][ 14%CPU][Info]: DSM TIFF merge tiles     = <no>
[2016.05.26 17:09:17][ 19%RAM][ 14%CPU][Info]: GridDSM
[2016.05.26 17:09:17][ 19%RAM][ 14%CPU][Info]: Save grid DSM XYZ        = <no>
[2016.05.26 17:09:17][ 19%RAM][ 14%CPU][Info]: XYZ delimiter            = <Space>
[2016.05.26 17:09:17][ 19%RAM][ 14%CPU][Info]: Save grid DSM LAS        = <no>
[2016.05.26 17:09:17][ 19%RAM][ 14%CPU][Info]: Save grid DSM LAZ        = <no>
[2016.05.26 17:09:17][ 19%RAM][ 14%CPU][Info]: Grid DSM spacing [cm]    = <100>
[2016.05.26 17:09:17][ 19%RAM][ 14%CPU][Info]: Orthomosaic
[2016.05.26 17:09:17][ 19%RAM][ 14%CPU][Info]: Save orthomosaic TIFF    = <no>
[2016.05.26 17:09:17][ 19%RAM][ 14%CPU][Info]: Use visibility           = <yes>
[2016.05.26 17:09:17][ 19%RAM][ 14%CPU][Info]: Use color balancing      = <yes>
[2016.05.26 17:09:17][ 19%RAM][ 14%CPU][Info]: Save orthomosaic TIFF merge tiles = <yes>
[2016.05.26 17:09:17][ 19%RAM][ 14%CPU][Info]: Save orthomosaic TIFF without transparency = <no>
[2016.05.26 17:09:17][ 19%RAM][ 14%CPU][Info]: Save KML                 = <no>
[2016.05.26 17:09:17][ 19%RAM][ 14%CPU][Info]: Save Mapbox tiles        = <no>
[2016.05.26 17:09:17][ 19%RAM][ 14%CPU][Info]: ------------------------------------------------------------------------
[2016.05.26 17:09:17][ 19%RAM][ 14%CPU][Info]: Additional outputs options
[2016.05.26 17:09:17][ 19%RAM][ 14%CPU][Info]: Contour lines
[2016.05.26 17:09:17][ 19%RAM][ 14%CPU][Info]: Save contour SHP          = <no>
[2016.05.26 17:09:17][ 19%RAM][ 14%CPU][Info]: Save contour PDF          = <no>
[2016.05.26 17:09:17][ 19%RAM][ 14%CPU][Info]: Save contour DXF          = <no>
[2016.05.26 17:09:17][ 19%RAM][ 14%CPU][Info]: Contour base (in LinearUnit) = <0>
[2016.05.26 17:09:17][ 19%RAM][ 14%CPU][Info]: Elevation interval (in LinearUnit) = <10>
[2016.05.26 17:09:17][ 19%RAM][ 14%CPU][Info]: Resolution [cm]            = <100>
[2016.05.26 17:09:17][ 19%RAM][ 14%CPU][Info]: Minimum line size [points] = <20>
[2016.05.26 17:09:17][ 19%RAM][ 14%CPU][Info]: ------------------------------------------------------------------------
[2016.05.26 17:09:17][ 19%RAM][ 14%CPU][Info]: Cuda capable devices      = <2>
[2016.05.26 17:09:17][ 19%RAM][ 14%CPU][Info]:   Id                      = <0>
[2016.05.26 17:09:17][ 19%RAM][ 14%CPU][Info]:     Name                  = <GeForce GTX 670>
[2016.05.26 17:09:17][ 19%RAM][ 14%CPU][Info]:     Enabled               = <yes>
[2016.05.26 17:09:17][ 19%RAM][ 14%CPU][Info]:   Id                      = <1>
[2016.05.26 17:09:17][ 19%RAM][ 14%CPU][Info]:     Name                  = <GeForce GTX 670>
[2016.05.26 17:09:17][ 19%RAM][ 14%CPU][Info]:     Enabled               = <yes>
[2016.05.26 17:09:17][ 19%RAM][ 14%CPU][Info]: ------------------------------------------------------------------------
[2016.05.26 17:09:17][ 19%RAM][ 14%CPU][Processing]: Substep Dense matching started.
[2016.05.26 17:09:17][ 19%RAM][ 14%CPU][Processing]: Dense matching
[2016.05.26 17:09:17][ 19%RAM][ 14%CPU][Info]: Dense matching [0/7] elapsed 001ms ...
[2016.05.26 17:09:17][ 19%RAM][ 14%CPU][Info]: Point Cloud Densification : no area or invalid area, the area will not be used.
[2016.05.26 17:09:17][ 19%RAM][ 14%CPU][Info]: Point Cloud Densification : no annotations or invalid annotations, the annotations will not be used.
[2016.05.26 17:09:17][ 19%RAM][ 14%CPU][Processing]: Dense Processing
[2016.05.26 17:09:17][ 19%RAM][ 14%CPU][Info]: Dense Processing [0/0] elapsed 000ms ...
[2016.05.26 17:09:17][ 19%RAM][ 14%CPU][Processing]: Checking cameras
[2016.05.26 17:09:17][ 19%RAM][ 14%CPU][Info]: Checking cameras [0/1] elapsed 000ms ...
[2016.05.26 17:09:17][ 19%RAM][ 14%CPU][Processing]: Step2Running
[2016.05.26 17:09:17][ 19%RAM][ 22%CPU][Info]: Dense matching [4/7] elapsed 501ms ...
[2016.05.26 17:09:17][ 19%RAM][ 22%CPU][Info]: Dense Processing [1/5] elapsed 500ms ...
[2016.05.26 17:09:17][ 19%RAM][ 22%CPU][Info]: >>>Checking cameras<<< done in 500ms / 0.00833333 min.
[2016.05.26 17:09:17][ 19%RAM][ 22%CPU][Processing]: Processing group group1
[2016.05.26 17:09:17][ 19%RAM][ 22%CPU][Info]: Processing group group1 [0/3] elapsed 000ms ...
[2016.05.26 17:09:17][ 19%RAM][ 22%CPU][Info]: Writing D:\APP_PHOTO\PiX4D\Projets/test/temp/dense/test_group1_cidx_part_1.tmp
[2016.05.26 17:09:17][ 19%RAM][ 22%CPU][Info]: Reading D:\APP_PHOTO\PiX4D\Projets/test/temp/dense/test_group1_cidx_part_1.tmp
[2016.05.26 17:09:17][ 19%RAM][ 22%CPU][Processing]: Group group1, cluster 1 : initializing 6 cameras 
[2016.05.26 17:09:17][ 19%RAM][ 22%CPU][Info]: Group group1, cluster 1 : initializing 6 cameras 
[2016.05.26 17:09:18][ 20%RAM][ 22%CPU][Info]: Dense Processing [3/5] elapsed 01s:000ms ...
[2016.05.26 17:09:18][ 20%RAM][ 22%CPU][Info]: Processing group group1 [1/3] elapsed 501ms ...
[2016.05.26 17:09:19][ 20%RAM][ 46%CPU][Info]: Group group1, cluster 1 : initializing 1156 points 
[2016.05.26 17:09:19][ 20%RAM][ 46%CPU][Processing]: Group group1, cluster 1 : initializing 1156 points 
[2016.05.26 17:09:20][ 20%RAM][ 46%CPU][Info]: Group group1, cluster 1 : expanding from 1071 points 
[2016.05.26 17:09:22][ 20%RAM][100%CPU][Processing]: Group group1, cluster 1 : optimizing 68723 points [1/3] 
[2016.05.26 17:09:22][ 20%RAM][100%CPU][Info]: Group group1, cluster 1 : optimizing 68723 points [1/3] 
[2016.05.26 17:09:22][ 20%RAM][100%CPU][Processing]: Group group1, cluster 1 : optimizing 68648 points [2/3] 
[2016.05.26 17:09:22][ 20%RAM][100%CPU][Info]: Group group1, cluster 1 : optimizing 68648 points [2/3] 
[2016.05.26 17:09:22][ 20%RAM][100%CPU][Processing]: Group group1, cluster 1 : optimizing 68536 points [3/3] 
[2016.05.26 17:09:22][ 20%RAM][100%CPU][Info]: Group group1, cluster 1 : optimizing 68536 points [3/3] 
[2016.05.26 17:09:22][ 20%RAM][100%CPU][Info]: Group group1, cluster 1 : finalizing 68507 points 
[2016.05.26 17:09:22][ 20%RAM][100%CPU][Processing]: Group group1, cluster 1 : finalizing 68507 points 
[2016.05.26 17:09:22][ 20%RAM][100%CPU][Processing]: Group group1, cluster 1 : checking 68507 points 
[2016.05.26 17:09:22][ 20%RAM][100%CPU][Info]: Writing D:\APP_PHOTO\PiX4D\Projets/test/temp/dense/test_group1_tex_part_1.tmp
[2016.05.26 17:09:22][ 20%RAM][100%CPU][Info]: Writing cluster Vis file <D:\APP_PHOTO\PiX4D\Projets/test/temp/dense/test_group1_data_part_1.tmp>
[2016.05.26 17:09:22][ 20%RAM][100%CPU][Processing]: Group group1, cluster 1 : coloring 68507 points 
[2016.05.26 17:09:22][ 20%RAM][100%CPU][Info]: Group group1, cluster 1 : coloring 68507 points 
[2016.05.26 17:09:24][ 20%RAM][ 46%CPU][Processing]: Group group1, cluster 1 : writing 68507 points 
[2016.05.26 17:09:24][ 20%RAM][ 46%CPU][Info]: Writing P4B <D:\APP_PHOTO\PiX4D\Projets/test/temp/dense/test_group1_raw_part_1.tmp> for 68507 points
[2016.05.26 17:09:24][ 20%RAM][ 46%CPU][Processing]: Generating tiles
[2016.05.26 17:09:24][ 20%RAM][ 46%CPU][Info]: Generating tiles [0/6] elapsed 001ms ...
[2016.05.26 17:09:24][ 20%RAM][ 46%CPU][Info]: Reading D:\APP_PHOTO\PiX4D\Projets/test/temp/dense/test_group1_raw_part_1.tmp
[2016.05.26 17:09:24][ 20%RAM][ 46%CPU][Info]: Reading D:\APP_PHOTO\PiX4D\Projets/test/temp/dense/test_group1_raw_part_1.tmp
[2016.05.26 17:09:24][ 20%RAM][ 46%CPU][Info]: Writing D:\APP_PHOTO\PiX4D\Projets/test/temp/dense/test_group1_raw_part_1_1.tmp
[2016.05.26 17:09:24][ 20%RAM][ 46%CPU][Info]: Reading D:\APP_PHOTO\PiX4D\Projets/test/temp/dense/test_group1_data_part_1.tmp
[2016.05.26 17:09:24][ 20%RAM][ 46%CPU][Info]: Writing D:\APP_PHOTO\PiX4D\Projets/test/temp/dense/test_group1_data_part_1_1.tmp
[2016.05.26 17:09:24][ 20%RAM][ 46%CPU][Info]: Writing D:\APP_PHOTO\PiX4D\Projets/test/2_densification/project_data/test_group1_densified_point_cloud_part_1.p4b
[2016.05.26 17:09:24][ 20%RAM][ 46%CPU][Info]: Writing D:\APP_PHOTO\PiX4D\Projets/test/2_densification/project_data/test_group1_densification_data_part_1.p4b
[2016.05.26 17:09:24][ 20%RAM][ 46%CPU][Info]: Renaming to D:\APP_PHOTO\PiX4D\Projets/test/2_densification/project_data/test_group1_densified_point_cloud.p4b
[2016.05.26 17:09:24][ 20%RAM][ 46%CPU][Info]: Renaming to D:\APP_PHOTO\PiX4D\Projets/test/2_densification/project_data/test_group1_densification_data.p4b
[2016.05.26 17:09:24][ 20%RAM][ 41%CPU][Info]: Processing group group1 [2/3] elapsed 07s:004ms ...
[2016.05.26 17:09:24][ 20%RAM][ 41%CPU][Info]: >>>Generating tiles<<< done in 501ms / 0.00835 min.
[2016.05.26 17:09:25][ 20%RAM][ 41%CPU][Info]: >>>Processing group group1<<< done in 07s:504ms / 0.125067 min.
[2016.05.26 17:09:25][ 20%RAM][ 41%CPU][Info]: >>>Dense Processing<<< done in 08s:505ms / 0.14175 min.
[2016.05.26 17:09:25][ 20%RAM][  1%CPU][Info]: Reading D:\APP_PHOTO\PiX4D\Projets/test/2_densification/project_data/test_group1_densified_point_cloud.p4b
[2016.05.26 17:09:25][ 20%RAM][  1%CPU][Info]: Writing D:\APP_PHOTO\PiX4D\Projets/test/2_densification/project_data/test_group1_densified_point_cloud.p4b
[2016.05.26 17:09:26][ 20%RAM][  1%CPU][Info]: >>>Dense matching<<< done in 09s:005ms / 0.150083 min.
[2016.05.26 17:09:26][ 20%RAM][  1%CPU][Processing]: Constrain point cloud
[2016.05.26 17:09:26][ 20%RAM][  1%CPU][Info]: Constrain point cloud [0/0] elapsed 000ms ...
[2016.05.26 17:09:26][ 20%RAM][  1%CPU][Info]: Reading D:\APP_PHOTO\PiX4D\Projets/test/2_densification/project_data/test_group1_densified_point_cloud.p4b
[2016.05.26 17:09:26][ 20%RAM][  1%CPU][Info]: Updating D:\APP_PHOTO\PiX4D\Projets/test/2_densification/project_data/test_group1_densified_point_cloud.p4b
[2016.05.26 17:09:26][ 20%RAM][  1%CPU][Info]: >>>Constrain point cloud<<< done in 500ms / 0.00833333 min.
[2016.05.26 17:09:26][ 20%RAM][  1%CPU][Info]: *****************************************************
[2016.05.26 17:09:26][ 20%RAM][  1%CPU][Info]: ************ generate textured mesh *****************
[2016.05.26 17:09:26][ 20%RAM][  1%CPU][Info]: *****************************************************
[2016.05.26 17:09:26][ 20%RAM][  1%CPU][Processing]: Substep Dense matching finished.
[2016.05.26 17:09:26][ 20%RAM][  1%CPU][Processing]: Substep Dense mesh creation started.
[2016.05.26 17:09:26][ 20%RAM][  1%CPU][Info]: Running Screened Poisson Reconstruction (Version 6.11)
[2016.05.26 17:09:26][ 20%RAM][  1%CPU][Info]: ---------------------------------------------------------------------------
[2016.05.26 17:09:26][ 20%RAM][  1%CPU][Info]: Parameters for poisson surface reconstruction
[2016.05.26 17:09:26][ 20%RAM][  1%CPU][Info]: ---------------------------------------------------------------------------
[2016.05.26 17:09:26][ 20%RAM][  1%CPU][Info]: voxelGrid         = <>
[2016.05.26 17:09:26][ 20%RAM][  1%CPU][Info]: depth             = <12>
[2016.05.26 17:09:26][ 20%RAM][  1%CPU][Info]: fullDepth         = <5>
[2016.05.26 17:09:26][ 20%RAM][  1%CPU][Info]: voxelDepth        = <-1>
[2016.05.26 17:09:26][ 20%RAM][  1%CPU][Info]: cgDepth           = <0>
[2016.05.26 17:09:26][ 20%RAM][  1%CPU][Info]: scale             = <1.1>
[2016.05.26 17:09:26][ 20%RAM][  1%CPU][Info]: samplesPerNode    = <10>
[2016.05.26 17:09:26][ 20%RAM][  1%CPU][Info]: pointWeight       = <4>
[2016.05.26 17:09:26][ 20%RAM][  1%CPU][Info]: iters             = <8>
[2016.05.26 17:09:26][ 20%RAM][  1%CPU][Info]: threads           = <8>
[2016.05.26 17:09:26][ 20%RAM][  1%CPU][Info]: confidence        = <no>
[2016.05.26 17:09:26][ 20%RAM][  1%CPU][Info]: normalWeight      = <no>
[2016.05.26 17:09:26][ 20%RAM][  1%CPU][Info]: ---------------------------------------------------------------------------
[2016.05.26 17:09:26][ 20%RAM][ 11%CPU][Processing]: Poisson Surface Reconstruction
[2016.05.26 17:09:26][ 20%RAM][ 11%CPU][Info]: Poisson Surface Reconstruction [0/6] elapsed 001ms ...
[2016.05.26 17:09:27][ 20%RAM][ 11%CPU][Info]: [PoissonRecon] Step completed, 20% RAM
[2016.05.26 17:09:27][ 20%RAM][ 11%CPU][Info]: [PoissonRecon] Step completed, 20% RAM
[2016.05.26 17:09:27][ 20%RAM][ 26%CPU][Info]: Poisson Surface Reconstruction [2/6] elapsed 01s:001ms ...
[2016.05.26 17:09:28][ 20%RAM][ 26%CPU][Info]: [PoissonRecon] Step completed, 20% RAM
[2016.05.26 17:09:28][ 20%RAM][ 41%CPU][Info]: Poisson Surface Reconstruction [4/6] elapsed 02s:002ms ...
[2016.05.26 17:09:28][ 20%RAM][ 41%CPU][Info]: [PoissonRecon] Step completed, 20% RAM
[2016.05.26 17:09:29][ 20%RAM][ 41%CPU][Info]: >>>Poisson Surface Reconstruction<<< done in 02s:502ms / 0.0417 min.
[2016.05.26 17:09:29][ 20%RAM][ 41%CPU][Processing]: Improving mesh
[2016.05.26 17:09:29][ 20%RAM][ 41%CPU][Info]: ---------------------------------------------------------------------------
[2016.05.26 17:09:29][ 20%RAM][ 41%CPU][Info]: Parameters for mesh trimming
[2016.05.26 17:09:29][ 20%RAM][ 41%CPU][Info]: ---------------------------------------------------------------------------
[2016.05.26 17:09:29][ 20%RAM][ 41%CPU][Info]: smooth            = <5>
[2016.05.26 17:09:29][ 20%RAM][ 41%CPU][Info]: trimRatio         = <0.05>
[2016.05.26 17:09:29][ 20%RAM][ 41%CPU][Info]: trimOutsideRatio  = <0.05>
[2016.05.26 17:09:29][ 20%RAM][ 41%CPU][Info]: mergeRatio        = <0.01>
[2016.05.26 17:09:29][ 20%RAM][ 41%CPU][Info]: polygonMesh       = <no>
[2016.05.26 17:09:29][ 20%RAM][ 41%CPU][Info]: deleteRatio       = <0.05>
[2016.05.26 17:09:29][ 20%RAM][ 41%CPU][Info]: ---------------------------------------------------------------------------
[2016.05.26 17:09:29][ 20%RAM][ 41%CPU][Info]: Mesh created with 25279 points and 49791 triangles
[2016.05.26 17:09:29][ 20%RAM][ 41%CPU][Processing]: Substep Dense mesh creation finished.
[2016.05.26 17:09:29][ 20%RAM][ 41%CPU][Processing]: Substep Dense mesh decimation started.
[2016.05.26 17:09:29][ 20%RAM][ 41%CPU][Processing]: Decimating mesh
[2016.05.26 17:09:29][ 20%RAM][ 41%CPU][Info]: Decimating mesh
[2016.05.26 17:09:29][ 20%RAM][ 41%CPU][Processing]: Improving mesh
[2016.05.26 17:09:29][ 20%RAM][ 41%CPU][Info]: 25279 points and 49791 triangles remaining after decimation
[2016.05.26 17:09:29][ 20%RAM][ 41%CPU][Processing]: Substep Dense mesh decimation finished.
[2016.05.26 17:09:29][ 20%RAM][ 41%CPU][Processing]: Substep Dense mesh segmentation started.
[2016.05.26 17:09:29][ 20%RAM][ 41%CPU][Processing]: Segmenting mesh
[2016.05.26 17:09:29][ 20%RAM][ 41%CPU][Info]: Segmenting mesh [0/0] elapsed 000ms ...
[2016.05.26 17:09:29][ 20%RAM][ 40%CPU][Info]: Segmenting mesh [28/44] elapsed 500ms ...
[2016.05.26 17:09:30][ 20%RAM][ 40%CPU][Info]: >>>Segmenting mesh<<< done in 01s:000ms / 0.0166667 min.
[2016.05.26 17:09:30][ 20%RAM][ 40%CPU][Processing]: Substep Dense mesh segmentation finished.
[2016.05.26 17:09:30][ 20%RAM][ 40%CPU][Processing]: Substep Dense mesh texture coordinates started.
[2016.05.26 17:09:30][ 20%RAM][ 40%CPU][Processing]: Computing texture coordinates
[2016.05.26 17:09:30][ 20%RAM][ 40%CPU][Info]: Computing texture coordinates [0/0] elapsed 001ms ...
[2016.05.26 17:09:30][ 20%RAM][ 16%CPU][Info]: >>>Computing texture coordinates<<< done in 501ms / 0.00835 min.
[2016.05.26 17:09:30][ 20%RAM][ 16%CPU][Processing]: Substep Dense mesh texture coordinates finished.
[2016.05.26 17:09:30][ 20%RAM][ 16%CPU][Processing]: Substep Dense mesh mosaic started.
[2016.05.26 17:09:30][ 20%RAM][ 16%CPU][Processing]: Computing mesh visibility
[2016.05.26 17:09:30][ 20%RAM][ 16%CPU][Info]: Computing mesh visibility [0/0] elapsed 001ms ...
[2016.05.26 17:09:31][ 20%RAM][ 16%CPU][Info]: >>>Computing mesh visibility<<< done in 501ms / 0.00835 min.
[2016.05.26 17:09:31][ 20%RAM][ 16%CPU][Processing]: Substep Dense mesh mosaic finished.
[2016.05.26 17:09:31][ 20%RAM][ 16%CPU][Processing]: Substep Dense mesh texture atlas tile started.
[2016.05.26 17:09:31][ 20%RAM][ 16%CPU][Processing]: Generating texture atlas tile
[2016.05.26 17:09:31][ 20%RAM][ 16%CPU][Info]: Generating texture atlas tile [0/0] elapsed 001ms ...
[2016.05.26 17:09:31][ 26%RAM][ 29%CPU][Info]: Generating texture atlas tile [1/11] elapsed 501ms ...
[2016.05.26 17:09:32][ 26%RAM][ 61%CPU][Info]: Generating texture atlas tile [2/11] elapsed 01s:501ms ...
[2016.05.26 17:09:33][ 26%RAM][ 61%CPU][Info]: Generating texture atlas tile [3/11] elapsed 02s:002ms ...
[2016.05.26 17:09:33][ 26%RAM][ 79%CPU][Info]: Generating texture atlas tile [4/11] elapsed 02s:502ms ...
[2016.05.26 17:09:34][ 26%RAM][ 64%CPU][Info]: Generating texture atlas tile [5/11] elapsed 03s:502ms ...
[2016.05.26 17:09:35][ 26%RAM][ 64%CPU][Info]: Generating texture atlas tile [6/11] elapsed 04s:003ms ...
[2016.05.26 17:09:36][ 28%RAM][ 82%CPU][Info]: Generating texture atlas tile [10/11] elapsed 05s:003ms ...
[2016.05.26 17:09:36][ 28%RAM][ 82%CPU][Info]: >>>Generating texture atlas tile<<< done in 05s:503ms / 0.0917167 min.
[2016.05.26 17:09:39][ 20%RAM][ 28%CPU][Info]: >>>Generate textured mesh<<< done in 12s:512ms.
[2016.05.26 17:09:39][ 20%RAM][ 28%CPU][Processing]: Substep Dense mesh texture atlas tile finished.
[2016.05.26 17:09:39][ 20%RAM][ 28%CPU][Processing]: Substep Dense report started.
[2016.05.26 17:09:39][ 20%RAM][ 28%CPU][Processing]: Computing density 
[2016.05.26 17:09:39][ 20%RAM][ 28%CPU][Info]: OS Power Save: Enable
[2016.05.26 17:09:39][ 20%RAM][ 28%CPU][Info]: >>>Step2<<< done in 22s:107ms / 0.36845 min.
[2016.05.26 17:09:39][ 20%RAM][ 28%CPU][Processing]: Substep Dense report finished.
[2016.05.26 17:09:39][ 20%RAM][ 28%CPU][Processing]: Step2Done
[2016.05.26 17:09:39][ 20%RAM][ 28%CPU][UI]: Show Quality Report clicked.
[2016.05.26 17:09:39][ 20%RAM][ 28%CPU][Info]: OS Power Save: Disable
[2016.05.26 17:09:39][ 20%RAM][ 28%CPU][Info]: Running PDF conversion utility: <C:/Program Files/Pix4Dmapper/wkhtmltopdf.exe> ...
[2016.05.26 17:09:39][ 20%RAM][ 28%CPU][Info]:  ... with url <D:\APP_PHOTO\PiX4D\Projets/test/1_initial/report/html/index.html>.
[2016.05.26 17:09:39][ 20%RAM][ 28%CPU][Info]:  ... with pdf <D:\APP_PHOTO\PiX4D\Projets/test/1_initial/report/test_report.pdf>.
[2016.05.26 17:09:39][ 20%RAM][ 28%CPU][Info]: DataProvider: closing
[2016.05.26 17:09:39][ 20%RAM][ 28%CPU][Info]: Project results: loading ...
[2016.05.26 17:09:39][ 20%RAM][ 28%CPU][Info]: Coordinate systems loaded
[2016.05.26 17:09:39][ 20%RAM][ 28%CPU][Info]: PerspectiveCamera5 CAMERA nrCols*nrRows 4000*2250 sx*sy [mm]: 36*20.25
[2016.05.26 17:09:39][ 20%RAM][ 28%CPU][Info]: R [1.000000000 0.000000000 0.000000000 ] alpha [0.000000000] t [0.000000000]
[2016.05.26 17:09:39][ 20%RAM][ 28%CPU][Info]: R [-0.000000000 1.000000000 0.000000000 ] beta [0.000000000] t [0.000000000]
[2016.05.26 17:09:39][ 20%RAM][ 28%CPU][Info]: R [0.000000000 -0.000000000 1.000000000 ] gamma [0.000000000] t [0.000000000]
[2016.05.26 17:09:39][ 20%RAM][ 28%CPU][Info]: 1 iParams: 0 0 0 0 0
[2016.05.26 17:09:39][ 20%RAM][ 28%CPU][Info]: focal: 3333.33 cx/cy: 2000 1125 rd: 0 0 0 td: 0 0
[2016.05.26 17:09:39][ 20%RAM][ 28%CPU][Info]: PerspectiveCamera5 CAMERA nrCols*nrRows 4000*2250 sx*sy [mm]: 36*20.25
[2016.05.26 17:09:39][ 20%RAM][ 28%CPU][Info]: R [1.000000000 0.000000000 0.000000000 ] alpha [0.000000000] t [0.000000000]
[2016.05.26 17:09:39][ 20%RAM][ 28%CPU][Info]: R [-0.000000000 1.000000000 0.000000000 ] beta [0.000000000] t [0.000000000]
[2016.05.26 17:09:39][ 20%RAM][ 28%CPU][Info]: R [0.000000000 -0.000000000 1.000000000 ] gamma [0.000000000] t [0.000000000]
[2016.05.26 17:09:39][ 20%RAM][ 28%CPU][Info]: 0 iParams: 0 0 0 0 0
[2016.05.26 17:09:39][ 20%RAM][ 28%CPU][Info]: focal: 3333.33 cx/cy: 2000 1125 rd: 0 0 0 td: 0 0
[2016.05.26 17:09:39][ 20%RAM][ 28%CPU][Info]: Project: Cameras updated
[2016.05.26 17:09:39][ 20%RAM][ 28%CPU][Info]: Project: Cameras loaded
[2016.05.26 17:09:39][ 20%RAM][ 28%CPU][Info]: Project: Calibrated tracks loaded
[2016.05.26 17:09:39][ 20%RAM][ 28%CPU][Info]: Coordinate systems loaded
[2016.05.26 17:09:39][ 20%RAM][ 28%CPU][Info]: Cameras with 1 different camera model(s)
[2016.05.26 17:09:39][ 20%RAM][ 28%CPU][Info]: Cameras with 6 different images
[2016.05.26 17:09:39][ 20%RAM][ 28%CPU][Info]: PerspectiveCamera5 CAMERA nrCols*nrRows 4000*2250 sx*sy [mm]: 36*20.25
[2016.05.26 17:09:39][ 20%RAM][ 28%CPU][Info]: R [1.000000000 0.000000000 0.000000000 ] alpha [0.000000000] t [0.000000000]
[2016.05.26 17:09:39][ 20%RAM][ 28%CPU][Info]: R [-0.000000000 1.000000000 0.000000000 ] beta [0.000000000] t [0.000000000]
[2016.05.26 17:09:39][ 20%RAM][ 28%CPU][Info]: R [0.000000000 -0.000000000 1.000000000 ] gamma [0.000000000] t [0.000000000]
[2016.05.26 17:09:39][ 20%RAM][ 28%CPU][Info]: 1 iParams: 0 0 0 0 0
[2016.05.26 17:09:39][ 20%RAM][ 28%CPU][Info]: focal: 3333.33 cx/cy: 2000 1125 rd: 0 0 0 td: 0 0
[2016.05.26 17:09:39][ 20%RAM][ 28%CPU][Info]: PerspectiveCamera5 CAMERA nrCols*nrRows 4000*2250 sx*sy [mm]: 36*20.25
[2016.05.26 17:09:39][ 20%RAM][ 28%CPU][Info]: R [1.000000000 0.000000000 0.000000000 ] alpha [0.000000000] t [0.000000000]
[2016.05.26 17:09:39][ 20%RAM][ 28%CPU][Info]: R [-0.000000000 1.000000000 0.000000000 ] beta [0.000000000] t [0.000000000]
[2016.05.26 17:09:39][ 20%RAM][ 28%CPU][Info]: R [0.000000000 -0.000000000 1.000000000 ] gamma [0.000000000] t [0.000000000]
[2016.05.26 17:09:39][ 20%RAM][ 28%CPU][Info]: 0 iParams: 0 0 0 0 0
[2016.05.26 17:09:39][ 20%RAM][ 28%CPU][Info]: focal: 3333.33 cx/cy: 2000 1125 rd: 0 0 0 td: 0 0
[2016.05.26 17:09:39][ 20%RAM][ 28%CPU][Info]: Cameras created: 1
[2016.05.26 17:09:39][ 20%RAM][ 28%CPU][Info]: 0 rigs:
[2016.05.26 17:09:39][ 20%RAM][ 28%CPU][Info]: Image 0 <G:/DCIM/100MEDIA/DJI_0001.JPG> camera model <FC330_0.0_4000x2250 (RGB)(1)> group <group1> GPS tol xy 5 z 10
[2016.05.26 17:09:39][ 20%RAM][ 28%CPU][Info]: Image 1 <G:/DCIM/100MEDIA/DJI_0002.JPG> camera model <FC330_0.0_4000x2250 (RGB)(1)> group <group1> GPS tol xy 5 z 10
[2016.05.26 17:09:39][ 20%RAM][ 28%CPU][Info]: Image 2 <G:/DCIM/100MEDIA/DJI_0003.JPG> camera model <FC330_0.0_4000x2250 (RGB)(1)> group <group1> GPS tol xy 5 z 10
[2016.05.26 17:09:39][ 20%RAM][ 28%CPU][Info]: Image 3 <G:/DCIM/100MEDIA/DJI_0004.JPG> camera model <FC330_0.0_4000x2250 (RGB)(1)> group <group1> GPS tol xy 5 z 10
[2016.05.26 17:09:39][ 20%RAM][ 28%CPU][Info]: Image 4 <G:/DCIM/100MEDIA/DJI_0005.JPG> camera model <FC330_0.0_4000x2250 (RGB)(1)> group <group1> GPS tol xy 5 z 10
[2016.05.26 17:09:39][ 20%RAM][ 28%CPU][Info]: Image 5 <G:/DCIM/100MEDIA/DJI_0006.JPG> camera model <FC330_0.0_4000x2250 (RGB)(1)> group <group1> GPS tol xy 5 z 10
[2016.05.26 17:09:39][ 20%RAM][ 28%CPU][Info]: nrImages with GEO 6
[2016.05.26 17:09:39][ 20%RAM][ 28%CPU][Info]: nrTotal images 6
[2016.05.26 17:09:39][ 20%RAM][ 28%CPU][Info]: Project: loading done.
[2016.05.26 17:09:39][ 20%RAM][ 28%CPU][Info]: Time spent building the tree: 001ms, total number of points = 1156
[2016.05.26 17:09:39][ 20%RAM][ 28%CPU][Info]: Finished loading tracks layer with 1156 points
[2016.05.26 17:09:40][ 20%RAM][ 14%CPU][Info]:  ... finished correctly.
[2016.05.26 17:09:40][ 20%RAM][ 14%CPU][Info]: OS Power Save: Enable
[2016.05.26 17:10:23][ 20%RAM][  2%CPU][UI]: Rematch and Optimize clicked.
[2016.05.26 17:10:23][ 20%RAM][  2%CPU][Warning]: Warning w0032c: The project will be rematched and optimized. If results of step 2 or 3 are already generated, they will be removed.
[2016.05.26 17:10:31][ 20%RAM][  2%CPU][Processing]: Step1Running
[2016.05.26 17:10:31][ 20%RAM][  2%CPU][Info]: OS Power Save: Disable
[2016.05.26 17:10:31][ 20%RAM][  2%CPU][Processing]: Initialize
[2016.05.26 17:10:31][ 20%RAM][  2%CPU][Info]: >>>Reoptimize<<< done in 096ms / 0.0016 min.
[2016.05.26 17:10:31][ 20%RAM][  2%CPU][Info]: Rematch and reoptimize
[2016.05.26 17:10:31][ 20%RAM][  2%CPU][Info]: Cameras with 1 different camera model(s)
[2016.05.26 17:10:31][ 20%RAM][  2%CPU][Info]: Cameras with 6 different images
[2016.05.26 17:10:31][ 20%RAM][  2%CPU][Info]: PerspectiveCamera5 CAMERA nrCols*nrRows 4000*2250 sx*sy [mm]: 36*20.25
[2016.05.26 17:10:31][ 20%RAM][  2%CPU][Info]: R [1.000000000 0.000000000 0.000000000 ] alpha [0.000000000] t [0.000000000]
[2016.05.26 17:10:31][ 20%RAM][  2%CPU][Info]: R [-0.000000000 1.000000000 0.000000000 ] beta [0.000000000] t [0.000000000]
[2016.05.26 17:10:31][ 20%RAM][  2%CPU][Info]: R [0.000000000 -0.000000000 1.000000000 ] gamma [0.000000000] t [0.000000000]
[2016.05.26 17:10:31][ 20%RAM][  2%CPU][Info]: 1 iParams: 0 0 0 0 0
[2016.05.26 17:10:31][ 20%RAM][  2%CPU][Info]: focal: 3333.33 cx/cy: 2000 1125 rd: 0 0 0 td: 0 0
[2016.05.26 17:10:31][ 20%RAM][  2%CPU][Info]: PerspectiveCamera5 CAMERA nrCols*nrRows 4000*2250 sx*sy [mm]: 36*20.25
[2016.05.26 17:10:31][ 20%RAM][  2%CPU][Info]: R [1.000000000 0.000000000 0.000000000 ] alpha [0.000000000] t [0.000000000]
[2016.05.26 17:10:31][ 20%RAM][  2%CPU][Info]: R [-0.000000000 1.000000000 0.000000000 ] beta [0.000000000] t [0.000000000]
[2016.05.26 17:10:31][ 20%RAM][  2%CPU][Info]: R [0.000000000 -0.000000000 1.000000000 ] gamma [0.000000000] t [0.000000000]
[2016.05.26 17:10:31][ 20%RAM][  2%CPU][Info]: 0 iParams: 0 0 0 0 0
[2016.05.26 17:10:31][ 20%RAM][  2%CPU][Info]: focal: 3333.33 cx/cy: 2000 1125 rd: 0 0 0 td: 0 0
[2016.05.26 17:10:31][ 20%RAM][  2%CPU][Info]: Cameras created: 1
[2016.05.26 17:10:31][ 20%RAM][  2%CPU][Info]: 0 rigs:
[2016.05.26 17:10:31][ 20%RAM][  2%CPU][Info]: Image 0 <G:/DCIM/100MEDIA/DJI_0001.JPG> camera model <FC330_0.0_4000x2250 (RGB)(1)> group <group1> GPS tol xy 5 z 10
[2016.05.26 17:10:31][ 20%RAM][  2%CPU][Info]: Image 1 <G:/DCIM/100MEDIA/DJI_0002.JPG> camera model <FC330_0.0_4000x2250 (RGB)(1)> group <group1> GPS tol xy 5 z 10
[2016.05.26 17:10:31][ 20%RAM][  2%CPU][Info]: Image 2 <G:/DCIM/100MEDIA/DJI_0003.JPG> camera model <FC330_0.0_4000x2250 (RGB)(1)> group <group1> GPS tol xy 5 z 10
[2016.05.26 17:10:31][ 20%RAM][  2%CPU][Info]: Image 3 <G:/DCIM/100MEDIA/DJI_0004.JPG> camera model <FC330_0.0_4000x2250 (RGB)(1)> group <group1> GPS tol xy 5 z 10
[2016.05.26 17:10:31][ 20%RAM][  2%CPU][Info]: Image 4 <G:/DCIM/100MEDIA/DJI_0005.JPG> camera model <FC330_0.0_4000x2250 (RGB)(1)> group <group1> GPS tol xy 5 z 10
[2016.05.26 17:10:31][ 20%RAM][  2%CPU][Info]: Image 5 <G:/DCIM/100MEDIA/DJI_0006.JPG> camera model <FC330_0.0_4000x2250 (RGB)(1)> group <group1> GPS tol xy 5 z 10
[2016.05.26 17:10:31][ 20%RAM][  2%CPU][Info]: nrImages with GEO 6
[2016.05.26 17:10:31][ 20%RAM][  2%CPU][Info]: nrTotal images 6
[2016.05.26 17:10:31][ 20%RAM][  2%CPU][Info]: *******************************
[2016.05.26 17:10:31][ 20%RAM][  2%CPU][Info]: ******* ReMatchProcessing *****
[2016.05.26 17:10:31][ 20%RAM][  2%CPU][Info]: *******************************
[2016.05.26 17:10:31][ 20%RAM][  2%CPU][Info]: Rematch reoptimize
[2016.05.26 17:10:31][ 20%RAM][  2%CPU][Info]: Reading keypoints from <D:\APP_PHOTO\PiX4D\Projets/test/1_initial/project_data/feat_full_1.p4b>...
[2016.05.26 17:10:31][ 20%RAM][  2%CPU][Processing]: Read keypoints.
[2016.05.26 17:10:31][ 20%RAM][  2%CPU][Info]: Rematch camera positions
[2016.05.26 17:10:31][ 20%RAM][  2%CPU][Info]: MatchSet: loading D:\APP_PHOTO\PiX4D\Projets/test/1_initial/project_data/mat_full_1.p4b...
[2016.05.26 17:10:31][ 20%RAM][  2%CPU][Processing]: Read pairs.
[2016.05.26 17:10:31][ 20%RAM][  2%CPU][Processing]: Read matches.
[2016.05.26 17:10:31][ 20%RAM][  2%CPU][Info]: 15 pairs loaded
[2016.05.26 17:10:31][ 20%RAM][  2%CPU][Info]: Number of existing pairs: 15
[2016.05.26 17:10:31][ 20%RAM][  2%CPU][Processing]: Generating pairs
[2016.05.26 17:10:31][ 20%RAM][  2%CPU][Info]: Add pairs triangle cam 18446744073709551615 (all) nrCorr 5 sigIm 20 pos min 1.79769e+308 1.79769e+308 max -1.79769e+308 -1.79769e+308
[2016.05.26 17:10:31][ 20%RAM][  2%CPU][Info]: Add pairs triangle cam, nr vertices: 6 triangles: 5
[2016.05.26 17:10:31][ 20%RAM][  2%CPU][Info]: Add pairs triangle cam, nr vertices: 6 triangles: 6
[2016.05.26 17:10:31][ 20%RAM][  2%CPU][Info]: Add pairs triangle cam, nr vertices: 6 triangles: 6
[2016.05.26 17:10:31][ 20%RAM][  2%CPU][Info]: Add pairs triangle cam, nr vertices: 6 triangles: 5
[2016.05.26 17:10:31][ 20%RAM][  2%CPU][Info]: Add pairs triangle cam, nr vertices: 6 triangles: 6
[2016.05.26 17:10:31][ 20%RAM][  2%CPU][Info]: Add pairs triangle cam 18446744073709551615 (all) medDist 100 nrPairs 0 nrRejected: 0/0
[2016.05.26 17:10:31][ 20%RAM][  2%CPU][Info]: Add pairs from MTPs: 5 best correspondences 0 new pairs
[2016.05.26 17:10:31][ 20%RAM][  2%CPU][Processing]: Generating pairs
[2016.05.26 17:10:31][ 20%RAM][  2%CPU][Info]: Projection: 0 new pairs
[2016.05.26 17:10:31][ 20%RAM][  2%CPU][Info]: Pair generator rematch nrPairs: 15
[2016.05.26 17:10:31][ 20%RAM][  2%CPU][Info]: No need to rematch based on camera positions: 15 nr pairs
[2016.05.26 17:10:31][ 20%RAM][  2%CPU][Info]: Statistics before adding tracks  error: 0.150114 nrProjections: 20839 nrTracks: 9771 trackSize: 9771 s0(0) s1(0) s2(8615) s3(1051) s4(77) s5(28)
[2016.05.26 17:10:31][ 20%RAM][  2%CPU][Info]: Add tracks with error 2.5
[2016.05.26 17:10:31][ 20%RAM][  2%CPU][Processing]: Add matches.
[2016.05.26 17:10:31][ 20%RAM][  2%CPU][Info]: Statistics after adding tracks  error: 0.155232 nrProjections: 20930 nrTracks: 9796 trackSize: 9796 s0(0) s1(0) s2(8615) s3(1061) s4(91) s5(29)
[2016.05.26 17:10:31][ 20%RAM][  2%CPU][Info]: Rematch all calibrated cameras
[2016.05.26 17:10:31][ 20%RAM][  2%CPU][Info]: Compute matches near track
[2016.05.26 17:10:31][ 20%RAM][  2%CPU][Processing]: Rematch init.
[2016.05.26 17:10:31][ 20%RAM][  2%CPU][Info]: Add pairs triangle points 3579 triangles 7133 for: G:/DCIM/100MEDIA/DJI_0001.JPG
[2016.05.26 17:10:31][ 20%RAM][  2%CPU][Info]: Add pairs triangle points 4283 triangles 8544 for: G:/DCIM/100MEDIA/DJI_0002.JPG
[2016.05.26 17:10:31][ 20%RAM][  2%CPU][Info]: Add pairs triangle points 1441 triangles 2857 for: G:/DCIM/100MEDIA/DJI_0003.JPG
[2016.05.26 17:10:31][ 20%RAM][  2%CPU][Info]: Add pairs triangle points 2692 triangles 5359 for: G:/DCIM/100MEDIA/DJI_0004.JPG
[2016.05.26 17:10:31][ 20%RAM][  2%CPU][Info]: Add pairs triangle points 4708 triangles 9394 for: G:/DCIM/100MEDIA/DJI_0005.JPG
[2016.05.26 17:10:31][ 20%RAM][  2%CPU][Info]: Add pairs triangle points 3454 triangles 6884 for: G:/DCIM/100MEDIA/DJI_0006.JPG
[2016.05.26 17:10:32][ 20%RAM][  2%CPU][Processing]: Rematch images.
[2016.05.26 17:10:32][ 20%RAM][ 23%CPU][Info]: Statistics before adding tracks  error: 0.155232 nrProjections: 20930 nrTracks: 9796 trackSize: 9796 s0(0) s1(0) s2(8615) s3(1061) s4(91) s5(29)
[2016.05.26 17:10:32][ 20%RAM][ 23%CPU][Info]: Add tracks with error 2.5
[2016.05.26 17:10:32][ 20%RAM][ 23%CPU][Processing]: Add matches.
[2016.05.26 17:10:32][ 20%RAM][ 23%CPU][Info]: Statistics after adding tracks  error: 0.18147 nrProjections: 22727 nrTracks: 10680 trackSize: 10680 s0(0) s1(0) s2(9470) s3(1090) s4(91) s5(29)
[2016.05.26 17:10:32][ 20%RAM][ 23%CPU][Info]: Compute noise distribution on gps with bias type 0.
[2016.05.26 17:10:32][ 20%RAM][ 23%CPU][Info]: gauss noise bias: none outlier model cov:  1.03005  1.44635 0.671225 outlier probability: 1e-020
[2016.05.26 17:10:32][ 20%RAM][ 23%CPU][Info]: gauss noise bias: none outlier model cov:  1.03005  1.44635 0.671225 outlier probability: 1e-020
[2016.05.26 17:10:32][ 20%RAM][ 23%CPU][Info]: gauss noise bias: none outlier model cov:  1.03005  1.44635 0.671225 outlier probability: 1e-020
[2016.05.26 17:10:32][ 20%RAM][ 23%CPU][Info]: gauss noise bias: none outlier model cov:  1.03005  1.44635 0.671225 outlier probability: 1e-020
[2016.05.26 17:10:32][ 20%RAM][ 23%CPU][Info]: GCP's computeNoiseDistribution
[2016.05.26 17:10:32][ 20%RAM][ 23%CPU][Info]: Bundle with GPS GCP: int_all ext_all div: 40 tracks: 10680 gcps: 0 cams: 6
[2016.05.26 17:10:32][ 20%RAM][ 23%CPU][Info]: Estimated GPS bias: none 
[2016.05.26 17:10:32][ 20%RAM][ 23%CPU][Info]: Nr3DAtp: 637 nr3DMtp: 0 nr3DSkip: 10043 nrMeasAtp: 3130 nrMeasMtp: 0
[2016.05.26 17:10:32][ 20%RAM][ 23%CPU][Info]: NrMeasGPS: 18 nrMeasGCP: 0 nrMeasScale: 0 nrMeasOri: 0 nrMeasBias: 0 nrMeasPrior: 0
[2016.05.26 17:10:32][ 20%RAM][ 23%CPU][Info]: NrInternal: 8 nrMotion: 36 nrStructAtp: 1911 nrStructMtp: 0 nrCameras: 6 nrUseCameras: 6 nrBias: 0
[2016.05.26 17:10:32][ 20%RAM][ 23%CPU][Info]: NrInvalidMtp 0 nrInvalidAtp 0
[2016.05.26 17:10:32][ 20%RAM][ 23%CPU][Info]: ErrorGPS: 0.0518448 ratio GPS xyz: 0.0513694 0.060871 0.0414676 sumwei GPS: 6 6 6
[2016.05.26 17:10:32][ 20%RAM][ 23%CPU][Info]: A(53228,53228) nrMeas: 3148 3148 nrpar: 1955 1955 error 0.1994 maxErrAtp 3.81518 maxErrMtp 0
[2016.05.26 17:10:32][ 20%RAM][ 23%CPU][Processing]: Optimize with geoinformation.
[2016.05.26 17:10:32][ 20%RAM][ 23%CPU][Info]: Bund: 0/0 E: 0.1915953092(0.1915953092) dE: 0.0391421687 dX: 0.0009534317 d: 50.0000000000 atp: 0.0369157346 (1.0000000000) gps: 0.0007186159 (1.0000000000)
[2016.05.26 17:10:32][ 20%RAM][ 23%CPU][Info]: Bund: 0/1 E: 0.1911396187(0.1911396187) dE: 0.0023784011 dX: 0.0006378409 d: 25.0000000000 atp: 0.0367402952 (1.0000000000) gps: 0.0007234307 (1.0000000000)
[2016.05.26 17:10:32][ 20%RAM][ 23%CPU][Info]: Bund: 0/2 E: 0.1908662406(0.1908662406) dE: 0.0014302532 dX: 0.0007870405 d: 12.5000000000 atp: 0.0366352422 (1.0000000000) gps: 0.0007269932 (1.0000000000)
[2016.05.26 17:10:32][ 20%RAM][ 23%CPU][Info]: Bund: 0/3 E: 0.1906211435(0.1906211435) dE: 0.0012841301 dX: 0.0010670064 d: 6.2500000000 atp: 0.0365411832 (1.0000000000) gps: 0.0007304459 (1.0000000000)
[2016.05.26 17:10:32][ 20%RAM][ 23%CPU][Info]: Bund: 0/4 E: 0.1904246806(0.1904246806) dE: 0.0010306460 dX: 0.0013430681 d: 3.1250000000 atp: 0.0364658741 (1.0000000000) gps: 0.0007334398 (1.0000000000)
[2016.05.26 17:10:32][ 20%RAM][ 23%CPU][Info]: Bund: 0/5 E: 0.1902819494(0.1902819494) dE: 0.0007495418 dX: 0.0015840933 d: 1.5625000000 atp: 0.0364112123 (1.0000000000) gps: 0.0007352768 (1.0000000000)
[2016.05.26 17:10:32][ 20%RAM][ 23%CPU][Info]: Bund: 0/6 E: 0.1901799458(0.1901799458) dE: 0.0005360653 dX: 0.0017258561 d: 0.7812500000 atp: 0.0363721791 (1.0000000000) gps: 0.0007355438 (1.0000000000)
[2016.05.26 17:10:32][ 20%RAM][ 23%CPU][Info]: Bund: 0/7 E: 0.1901161872(0.1901161872) dE: 0.0003352543 dX: 0.0016609277 d: 0.3906250000 atp: 0.0363477977 (1.0000000000) gps: 0.0007346354 (1.0000000000)
[2016.05.26 17:10:32][ 20%RAM][ 23%CPU][Info]: Bund: 0/8 E: 0.1900826065(0.1900826065) dE: 0.0001766325 dX: 0.0014579484 d: 0.1953125000 atp: 0.0363349650 (1.0000000000) gps: 0.0007332401 (1.0000000000)
[2016.05.26 17:10:32][ 20%RAM][ 23%CPU][Info]: Bund: 0/9 E: 0.1900600563(0.1900600563) dE: 0.0001186336 dX: 0.0013453188 d: 0.0976562500 atp: 0.0363263521 (1.0000000000) gps: 0.0007317215 (1.0000000000)
[2016.05.26 17:10:32][ 20%RAM][ 23%CPU][Info]: Bund: 0/10 E: 0.1900361500(0.1900361500) dE: 0.0001257828 dX: 0.0015366106 d: 0.0488281250 atp: 0.0363172221 (1.0000000000) gps: 0.0007301693 (1.0000000000)
[2016.05.26 17:10:32][ 20%RAM][ 23%CPU][Info]: Bund: 0/11 E: 0.1900067470(0.1900067470) dE: 0.0001547233 dX: 0.0020800069 d: 0.0244140625 atp: 0.0363059922 (1.0000000000) gps: 0.0007286383 (1.0000000000)
[2016.05.26 17:10:32][ 20%RAM][ 23%CPU][Info]: Bund: 0/12 E: 0.1899738194(0.1899738194) dE: 0.0001732967 dX: 0.0030456290 d: 0.0122070312 atp: 0.0362934158 (1.0000000000) gps: 0.0007273649 (1.0000000000)
[2016.05.26 17:10:32][ 20%RAM][ 23%CPU][Info]: Bund: 0/13 E: 0.1899443654(0.1899443654) dE: 0.0001550424 dX: 0.0047023680 d: 0.0061035156 atp: 0.0362821632 (1.0000000000) gps: 0.0007270388 (1.0000000000)
[2016.05.26 17:10:32][ 20%RAM][ 23%CPU][Info]: Bund: 0/14 E: 0.1899243875(0.1899243875) dE: 0.0001051777 dX: 0.0073318545 d: 0.0030517578 atp: 0.0362745170 (1.0000000000) gps: 0.0007293877 (1.0000000000)
[2016.05.26 17:10:32][ 20%RAM][ 23%CPU][Info]: Bund: 0/15 E: 0.1899120666(0.1899120666) dE: 0.0000648727 dX: 0.0116041383 d: 0.0015258789 atp: 0.0362697544 (1.0000000000) gps: 0.0007390988 (1.0000000000)
[2016.05.26 17:10:32][ 20%RAM][ 23%CPU][Info]: Bund: 0/16 E: 0.1899018642(0.1899018642) dE: 0.0000537215 dX: 0.0178505392 d: 0.0007629395 atp: 0.0362656956 (1.0000000000) gps: 0.0007671821 (1.0000000000)
[2016.05.26 17:10:32][ 20%RAM][ 23%CPU][Info]: Bund: 0/17 E: 0.1898922211(0.1898922211) dE: 0.0000507796 dX: 0.0256142962 d: 0.0003814697 atp: 0.0362616586 (1.0000000000) gps: 0.0008286549 (1.0000000000)
[2016.05.26 17:10:32][ 20%RAM][ 23%CPU][Info]: Bund: 0/18 E: 0.1898841618(0.1898841618) dE: 0.0000424416 dX: 0.0332042054 d: 0.0001907349 atp: 0.0362580626 (1.0000000000) gps: 0.0009186715 (1.0000000000)
[2016.05.26 17:10:32][ 20%RAM][ 23%CPU][Info]: Bund: 0/19 E: 0.1898775224(0.1898775224) dE: 0.0000349654 dX: 0.0373183452 d: 0.0000953674 atp: 0.0362551884 (1.0000000000) gps: 0.0009775047 (1.0000000000)
[2016.05.26 17:10:32][ 20%RAM][ 23%CPU][Info]: Bund: 0/20 E: 0.1898717678(0.1898717678) dE: 0.0000303068 dX: 0.0397414186 d: 0.0000476837 atp: 0.0362531988 (1.0000000000) gps: 0.0009412841 (1.0000000000)
[2016.05.26 17:10:32][ 20%RAM][ 23%CPU][Info]: Bund: 0/21 E: 0.1898675991(0.1898675991) dE: 0.0000219554 dX: 0.0525718585 d: 0.0000238419 atp: 0.0362521055 (1.0000000000) gps: 0.0008545411 (1.0000000000)
[2016.05.26 17:10:32][ 20%RAM][ 23%CPU][Info]: Bund: 0/22 E: 0.1898654729(0.1898654729) dE: 0.0000111986 dX: 0.0405364107 d: 0.0000119209 atp: 0.0362516509 (1.0000000000) gps: 0.0007923800 (1.0000000000)
[2016.05.26 17:10:32][ 20%RAM][ 23%CPU][Info]: Bund: 0/23 E: 0.1898644778(0.1898644778) dE: 0.0000052411 dX: 0.0626299572 d: 0.0000059605 atp: 0.0362514877 (1.0000000000) gps: 0.0007546720 (1.0000000000)
[2016.05.26 17:10:32][ 20%RAM][ 23%CPU][Info]: Bund: 0/24 E: 0.1898640774(0.1898640774) dE: 0.0000021089 dX: 0.0739551806 d: 0.0000029802 atp: 0.0362514643 (1.0000000000) gps: 0.0007321608 (1.0000000000)
[2016.05.26 17:10:32][ 20%RAM][ 23%CPU][Info]: Bund: 0/25 E: 0.1898638657(0.1898638657) dE: 0.0000011150 dX: 0.0543754354 d: 0.0000014901 atp: 0.0362514272 (1.0000000000) gps: 0.0007245558 (1.0000000000)
[2016.05.26 17:10:32][ 20%RAM][ 23%CPU][Info]: Bund: 0/50 E: 0.1898638085(0.1898638085) dE: 0.0000003011 dX: 0.0239370047 d: 0.0000007451 atp: 0.0362514116 (1.0000000000) gps: 0.0007234612 (1.0000000000)
[2016.05.26 17:10:32][ 20%RAM][ 23%CPU][Info]: Bund: 1/50 E: 0.1895567578(0.1895567578) dE: 0.0000348942 dX: 0.0067969173 d: 0.0000003725 atp: 0.0361342413 (1.0000000000) gps: 0.0007232852 (1.0000000000)
[2016.05.26 17:10:32][ 20%RAM][ 23%CPU][Info]: Bund: 2/50 E: 0.1894267863(0.1894267863) dE: 0.0000070408 dX: 0.0010539430 d: 0.0000001863 atp: 0.0360847011 (0.9999486606) gps: 0.0007232610 (1.0000000000)
[2016.05.26 17:10:32][ 20%RAM][ 23%CPU][Info]: Bund: 3/50 E: 0.1893504403(0.1893504403) dE: 0.0000024274 dX: 0.0007312817 d: 0.0000000931 atp: 0.0360556168 (0.9999344492) gps: 0.0007232436 (1.0000000000)
[2016.05.26 17:10:32][ 20%RAM][ 23%CPU][Info]: Bund: 4/50 E: 0.1892992755(0.1892992755) dE: 0.0000010892 dX: 0.0004542183 d: 0.0000000466 atp: 0.0360361319 (0.9999260760) gps: 0.0007232319 (1.0000000000)
[2016.05.26 17:10:32][ 20%RAM][ 23%CPU][Info]: Bund: 5/50 E: 0.1892621169(0.1892621169) dE: 0.0000005742 dX: 0.0002980225 d: 0.0000000233 atp: 0.0360219842 (0.9999204540) gps: 0.0007232230 (1.0000000000)
[2016.05.26 17:10:32][ 20%RAM][ 23%CPU][Info]: Bund: 6/50 E: 0.1892335978(0.1892335978) dE: 0.0000003381 dX: 0.0002147543 d: 0.0000000116 atp: 0.0360111278 (0.9999163654) gps: 0.0007232159 (1.0000000000)
[2016.05.26 17:10:32][ 20%RAM][ 23%CPU][Info]: Bund: 7/50 E: 0.1892107988(0.1892107988) dE: 0.0000002160 dX: 0.0001643448 d: 0.0000000058 atp: 0.0360024501 (0.9999132242) gps: 0.0007232100 (1.0000000000)
[2016.05.26 17:10:32][ 20%RAM][ 23%CPU][Info]: Bund: 8/50 E: 0.1891919861(0.1891919861) dE: 0.0000001470 dX: 0.0001315746 d: 0.0000000029 atp: 0.0359952904 (0.9999107108) gps: 0.0007232052 (1.0000000000)
[2016.05.26 17:10:32][ 20%RAM][ 23%CPU][Info]: Bund: 9/50 E: 0.1891760612(0.1891760612) dE: 0.0000001053 dX: 0.0001088870 d: 0.0000000015 atp: 0.0359892303 (0.9999086355) gps: 0.0007232010 (1.0000000000)
[2016.05.26 17:10:32][ 20%RAM][ 23%CPU][Info]: Compute inverse projection for camera FC330_0.0_4000x2250 (RGB) 0 0
[2016.05.26 17:10:32][ 20%RAM][ 23%CPU][Info]: PerspectiveCamera5 CAMERA nrCols*nrRows 4000*2250 sx*sy [mm]: 36*20.25
[2016.05.26 17:10:32][ 20%RAM][ 23%CPU][Info]: R [-0.353637011 -0.935382734 0.000069798 ] alpha [-3.147041577] t [-7.839188662]
[2016.05.26 17:10:32][ 20%RAM][ 23%CPU][Info]: R [-0.935274738 0.353595045 -0.015222009 ] beta [0.014214203] t [25.521549384]
[2016.05.26 17:10:32][ 20%RAM][ 23%CPU][Info]: R [0.014213724 -0.005448346 -0.999884136 ] gamma [1.932291042] t [-0.486532314]
[2016.05.26 17:10:32][ 20%RAM][ 23%CPU][Info]: 1 iParams: -0.00990051 0.0151878 -0.00472621 0.000677799 -0.000550987
[2016.05.26 17:10:32][ 20%RAM][ 23%CPU][Info]: focal: 2562.81 cx/cy: 1988.51 1115.87 rd: 0.0104319 -0.0118645 0.001806 td: -0.000870735 0.000802034
[2016.05.26 17:10:33][ 20%RAM][ 23%CPU][Info]: Remove tracks error 6 removed from 10680
[2016.05.26 17:10:33][ 20%RAM][ 23%CPU][Processing]: Check consistency.
[2016.05.26 17:10:33][ 20%RAM][ 23%CPU][Info]: Compute consistent tracks with error 2.5
[2016.05.26 17:10:33][ 20%RAM][ 23%CPU][Info]: Statistics before consistent tracks error: 0.178538 nrProjections: 22715 nrTracks: 10674 trackSize: 10674 s0(0) s1(0) s2(9464) s3(1090) s4(91) s5(29)
[2016.05.26 17:10:33][ 20%RAM][ 23%CPU][Info]: Nr tracks: 10674 nr matches: 22715
[2016.05.26 17:10:33][ 20%RAM][ 23%CPU][Info]: Remove tracks size: 6 removed from 10674
[2016.05.26 17:10:33][ 20%RAM][ 23%CPU][Info]: Nr tracks: 10668 nr matches: 22702
[2016.05.26 17:10:33][ 20%RAM][ 23%CPU][Info]: Statistics after consistent tracks error: 0.178059 nrProjections: 22702 nrTracks: 10668 trackSize: 10668 s0(0) s1(0) s2(9459) s3(1089) s4(91) s5(29)
[2016.05.26 17:10:33][ 20%RAM][ 23%CPU][Info]: Remove tracks size: 20 removed from 10668
[2016.05.26 17:10:33][ 20%RAM][ 23%CPU][Info]: Statistics after remove inconsistent tracks error: 0.177976 nrProjections: 22636 nrTracks: 10648 trackSize: 10648 s0(0) s1(0) s2(9459) s3(1075) s4(85) s5(29)
[2016.05.26 17:10:33][ 20%RAM][ 23%CPU][Processing]: Filter automatic tie points
[2016.05.26 17:10:33][ 20%RAM][ 23%CPU][Info]: Filter camera tracks min visible tracks: 20 minVisibleGCP 4 nrCameras: 6
[2016.05.26 17:10:33][ 20%RAM][ 23%CPU][Info]: Filter camera tracks min visible tracks: remaining cameras: 6
[2016.05.26 17:10:33][ 20%RAM][ 23%CPU][Info]: Filter camera tracks min visible tracks: 0 tracks removed
[2016.05.26 17:10:33][ 20%RAM][ 23%CPU][Info]: reoptimize atp error: 0.177976 nrProjections: 22636 nrTracks: 10648 trackSize: 10648 s0(0) s1(0) s2(9459) s3(1075) s4(85) s5(29)
[2016.05.26 17:10:33][ 20%RAM][ 23%CPU][Info]: reoptimize mtp error: 0 nrProjections: 0 nrTracks 0 trackSize: 0
[2016.05.26 17:10:33][ 20%RAM][ 23%CPU][Info]: *******************************
[2016.05.26 17:10:33][ 20%RAM][ 23%CPU][Info]: ******* GCPProcessing *********
[2016.05.26 17:10:33][ 20%RAM][ 23%CPU][Info]: *******************************
[2016.05.26 17:10:33][ 20%RAM][ 23%CPU][Info]: Triangulate MTPs
[2016.05.26 17:10:33][ 20%RAM][ 23%CPU][Info]: Triangulate MTPs done.
[2016.05.26 17:10:33][ 20%RAM][ 23%CPU][Info]: Camera <DJI_0001.JPG> xyzoutT 703304.830364478 4820706.9620778 310.029998779297  xyzProc (as out) 703305.160811338 4820706.52154938 310.513467685869 3D error -0.330446859666693 0.440528414858214 -0.48346890657202
[2016.05.26 17:10:33][ 20%RAM][ 23%CPU][Info]: Camera <DJI_0002.JPG> xyzoutT 703322.738153429 4820698.18123303 310.329986572266  xyzProc (as out) 703322.848700998 4820698.41724053 310.445667176166 3D error -0.11054756876897 -0.236007497600504 -0.115680603900278
[2016.05.26 17:10:33][ 20%RAM][ 23%CPU][Info]: Camera <DJI_0003.JPG> xyzoutT 703339.65405106 4820689.94787289 310.529998779297  xyzProc (as out) 703339.902817113 4820690.25380957 309.955060691665 3D error -0.24876605346989 -0.305936679551271 0.574938087632125
[2016.05.26 17:10:33][ 20%RAM][ 23%CPU][Info]: Camera <DJI_0004.JPG> xyzoutT 703320.451008161 4820654.98598797 311.230010986328  xyzProc (as out) 703320.036434252 4820655.30483165 311.629012081558 3D error 0.414573908493076 -0.318843678357794 -0.399001095230323
[2016.05.26 17:10:33][ 20%RAM][ 23%CPU][Info]: Camera <DJI_0005.JPG> xyzoutT 703303.19540755 4820665.08658886 310.630004882813  xyzProc (as out) 703303.124662321 4820665.02555702 310.768600333785 3D error 0.0707452281001757 0.0610318427242262 -0.138595450972099
[2016.05.26 17:10:33][ 20%RAM][ 23%CPU][Info]: Camera <DJI_0006.JPG> xyzoutT 703287.33142891 4820673.01835559 310.630004882813  xyzProc (as out) 703287.126987563 4820672.65912798 310.068197077787 3D error 0.204441347203662 0.359227603054981 0.561807805025785
[2016.05.26 17:10:33][ 20%RAM][ 23%CPU][Info]: Georeferenced with geotags: yes
[2016.05.26 17:10:33][ 20%RAM][ 23%CPU][Info]: Not enough GCPs present to transform (0).
[2016.05.26 17:10:33][ 20%RAM][ 23%CPU][Info]: Camera <DJI_0001.JPG> xyzoutT 703304.830364478 4820706.9620778 310.029998779297  xyzProc (as out) 703305.160811338 4820706.52154938 310.513467685869 3D error -0.330446859666693 0.440528414858214 -0.48346890657202
[2016.05.26 17:10:33][ 20%RAM][ 23%CPU][Info]: Camera <DJI_0002.JPG> xyzoutT 703322.738153429 4820698.18123303 310.329986572266  xyzProc (as out) 703322.848700998 4820698.41724053 310.445667176166 3D error -0.11054756876897 -0.236007497600504 -0.115680603900278
[2016.05.26 17:10:33][ 20%RAM][ 23%CPU][Info]: Camera <DJI_0003.JPG> xyzoutT 703339.65405106 4820689.94787289 310.529998779297  xyzProc (as out) 703339.902817113 4820690.25380957 309.955060691665 3D error -0.24876605346989 -0.305936679551271 0.574938087632125
[2016.05.26 17:10:33][ 20%RAM][ 23%CPU][Info]: Camera <DJI_0004.JPG> xyzoutT 703320.451008161 4820654.98598797 311.230010986328  xyzProc (as out) 703320.036434252 4820655.30483165 311.629012081558 3D error 0.414573908493076 -0.318843678357794 -0.399001095230323
[2016.05.26 17:10:33][ 20%RAM][ 23%CPU][Info]: Camera <DJI_0005.JPG> xyzoutT 703303.19540755 4820665.08658886 310.630004882813  xyzProc (as out) 703303.124662321 4820665.02555702 310.768600333785 3D error 0.0707452281001757 0.0610318427242262 -0.138595450972099
[2016.05.26 17:10:33][ 20%RAM][ 23%CPU][Info]: Camera <DJI_0006.JPG> xyzoutT 703287.33142891 4820673.01835559 310.630004882813  xyzProc (as out) 703287.126987563 4820672.65912798 310.068197077787 3D error 0.204441347203662 0.359227603054981 0.561807805025785
[2016.05.26 17:10:33][ 20%RAM][ 23%CPU][Info]: GCP's computeNoiseDistribution
[2016.05.26 17:10:33][ 20%RAM][ 23%CPU][Info]: Compute noise distribution on gps with bias type 0.
[2016.05.26 17:10:33][ 20%RAM][ 23%CPU][Info]: gauss noise bias: none outlier model cov: 1.01438 1.45806 0.67612 outlier probability: 1e-020
[2016.05.26 17:10:33][ 20%RAM][ 23%CPU][Info]: gauss noise bias: none outlier model cov: 1.01438 1.45806 0.67612 outlier probability: 1e-020
[2016.05.26 17:10:33][ 20%RAM][ 23%CPU][Info]: gauss noise bias: none outlier model cov: 1.01438 1.45806 0.67612 outlier probability: 1e-020
[2016.05.26 17:10:33][ 20%RAM][ 23%CPU][Info]: gauss noise bias: none outlier model cov: 1.01438 1.45806 0.67612 outlier probability: 1e-020
[2016.05.26 17:10:33][ 20%RAM][ 23%CPU][Processing]: Optimizing with geoinformation
[2016.05.26 17:10:33][ 20%RAM][ 23%CPU][Info]: Bundle with GPS GCP: int_all ext_all div: 40 tracks: 10648 gcps: 0 cams: 6
[2016.05.26 17:10:33][ 20%RAM][ 23%CPU][Info]: Estimated GPS bias: none 
[2016.05.26 17:10:33][ 20%RAM][ 23%CPU][Info]: Nr3DAtp: 635 nr3DMtp: 0 nr3DSkip: 10013 nrMeasAtp: 3116 nrMeasMtp: 0
[2016.05.26 17:10:33][ 20%RAM][ 23%CPU][Info]: NrMeasGPS: 18 nrMeasGCP: 0 nrMeasScale: 0 nrMeasOri: 0 nrMeasBias: 0 nrMeasPrior: 0
[2016.05.26 17:10:33][ 20%RAM][ 23%CPU][Info]: NrInternal: 8 nrMotion: 36 nrStructAtp: 1905 nrStructMtp: 0 nrCameras: 6 nrUseCameras: 6 nrBias: 0
[2016.05.26 17:10:33][ 20%RAM][ 23%CPU][Info]: NrInvalidMtp 0 nrInvalidAtp 0
[2016.05.26 17:10:33][ 20%RAM][ 23%CPU][Info]: ErrorGPS: 0.052656 ratio GPS xyz: 0.051767 0.0620641 0.0422634 sumwei GPS: 6 6 6
[2016.05.26 17:10:33][ 20%RAM][ 23%CPU][Info]: A(52990,52990) nrMeas: 3134 3134 nrpar: 1949 1949 error 0.194574 maxErrAtp 3.89408 maxErrMtp 0
[2016.05.26 17:10:33][ 20%RAM][ 23%CPU][Processing]: Optimizing with geoinformation
[2016.05.26 17:10:33][ 20%RAM][ 23%CPU][Info]: Bund: 0/0 E: 0.1936671452(0.1936671452) dE: 0.0046624279 dX: 0.0005893501 d: 50.0000000000 atp: 0.0377194189 (1.0000000000) gps: 0.0007285179 (1.0000000000)
[2016.05.26 17:10:33][ 20%RAM][ 23%CPU][Info]: Bund: 0/1 E: 0.1934910492(0.1934910492) dE: 0.0009092716 dX: 0.0006269273 d: 25.0000000000 atp: 0.0376508424 (1.0000000000) gps: 0.0007294902 (1.0000000000)
[2016.05.26 17:10:33][ 20%RAM][ 23%CPU][Info]: Bund: 0/2 E: 0.1933827157(0.1933827157) dE: 0.0005598889 dX: 0.0006935178 d: 12.5000000000 atp: 0.0376086914 (1.0000000000) gps: 0.0007290618 (1.0000000000)
[2016.05.26 17:10:33][ 20%RAM][ 23%CPU][Info]: Bund: 0/3 E: 0.1933146944(0.1933146944) dE: 0.0003517443 dX: 0.0007280079 d: 6.2500000000 atp: 0.0375822401 (1.0000000000) gps: 0.0007283151 (1.0000000000)
[2016.05.26 17:10:33][ 20%RAM][ 23%CPU][Info]: Bund: 0/4 E: 0.1932760996(0.1932760996) dE: 0.0001996473 dX: 0.0007323164 d: 3.1250000000 atp: 0.0375672376 (1.0000000000) gps: 0.0007276045 (1.0000000000)
[2016.05.26 17:10:33][ 20%RAM][ 23%CPU][Info]: Bund: 0/5 E: 0.1932500485(0.1932500485) dE: 0.0001347870 dX: 0.0007880108 d: 1.5625000000 atp: 0.0375571137 (1.0000000000) gps: 0.0007269569 (1.0000000000)
[2016.05.26 17:10:33][ 20%RAM][ 23%CPU][Info]: Bund: 0/6 E: 0.1932261666(0.1932261666) dE: 0.0001235806 dX: 0.0009400201 d: 0.7812500000 atp: 0.0375478347 (1.0000000000) gps: 0.0007262425 (1.0000000000)
[2016.05.26 17:10:33][ 20%RAM][ 23%CPU][Info]: Bund: 0/7 E: 0.1932035229(0.1932035229) dE: 0.0001171875 dX: 0.0011550415 d: 0.3906250000 atp: 0.0375390388 (1.0000000000) gps: 0.0007254208 (1.0000000000)
[2016.05.26 17:10:33][ 20%RAM][ 23%CPU][Info]: Bund: 0/8 E: 0.1931826242(0.1931826242) dE: 0.0001081693 dX: 0.0013105565 d: 0.1953125000 atp: 0.0375309220 (1.0000000000) gps: 0.0007245781 (1.0000000000)
[2016.05.26 17:10:33][ 20%RAM][ 23%CPU][Info]: Bund: 0/9 E: 0.1931603412(0.1931603412) dE: 0.0001153467 dX: 0.0013018322 d: 0.0976562500 atp: 0.0375222679 (1.0000000000) gps: 0.0007237970 (1.0000000000)
[2016.05.26 17:10:33][ 20%RAM][ 23%CPU][Info]: Bund: 0/10 E: 0.1931317278(0.1931317278) dE: 0.0001481332 dX: 0.0012598561 d: 0.0488281250 atp: 0.0375111555 (1.0000000000) gps: 0.0007229996 (1.0000000000)
[2016.05.26 17:10:33][ 20%RAM][ 23%CPU][Info]: Bund: 0/11 E: 0.1930977160(0.1930977160) dE: 0.0001761065 dX: 0.0014806157 d: 0.0244140625 atp: 0.0374979491 (1.0000000000) gps: 0.0007220009 (1.0000000000)
[2016.05.26 17:10:33][ 20%RAM][ 23%CPU][Info]: Bund: 0/12 E: 0.1930681840(0.1930681840) dE: 0.0001529381 dX: 0.0018729035 d: 0.0122070312 atp: 0.0374864853 (1.0000000000) gps: 0.0007208942 (1.0000000000)
[2016.05.26 17:10:33][ 20%RAM][ 23%CPU][Info]: Bund: 0/13 E: 0.1930516567(0.1930516567) dE: 0.0000856037 dX: 0.0022151604 d: 0.0061035156 atp: 0.0374800710 (1.0000000000) gps: 0.0007201993 (1.0000000000)
[2016.05.26 17:10:33][ 20%RAM][ 23%CPU][Info]: Bund: 0/14 E: 0.1930452646(0.1930452646) dE: 0.0000331107 dX: 0.0024481710 d: 0.0030517578 atp: 0.0374775883 (1.0000000000) gps: 0.0007202714 (1.0000000000)
[2016.05.26 17:10:33][ 20%RAM][ 23%CPU][Info]: Bund: 0/15 E: 0.1930426493(0.1930426493) dE: 0.0000135477 dX: 0.0028892934 d: 0.0015258789 atp: 0.0374765690 (1.0000000000) gps: 0.0007209164 (1.0000000000)
[2016.05.26 17:10:33][ 20%RAM][ 23%CPU][Info]: Bund: 0/16 E: 0.1930406214(0.1930406214) dE: 0.0000105047 dX: 0.0042945199 d: 0.0007629395 atp: 0.0374757743 (1.0000000000) gps: 0.0007221781 (1.0000000000)
[2016.05.26 17:10:33][ 20%RAM][ 23%CPU][Info]: Bund: 0/17 E: 0.1930381565(0.1930381565) dE: 0.0000127687 dX: 0.0075847224 d: 0.0003814697 atp: 0.0374747994 (1.0000000000) gps: 0.0007252589 (1.0000000000)
[2016.05.26 17:10:33][ 20%RAM][ 23%CPU][Info]: Bund: 0/18 E: 0.1930349051(0.1930349051) dE: 0.0000168436 dX: 0.0124729567 d: 0.0001907349 atp: 0.0374734942 (1.0000000000) gps: 0.0007326361 (1.0000000000)
[2016.05.26 17:10:33][ 20%RAM][ 23%CPU][Info]: Bund: 0/19 E: 0.1930307856(0.1930307856) dE: 0.0000213405 dX: 0.0174572781 d: 0.0000953674 atp: 0.0374718121 (1.0000000000) gps: 0.0007469269 (1.0000000000)
[2016.05.26 17:10:33][ 20%RAM][ 23%CPU][Info]: Bund: 0/20 E: 0.1930262841(0.1930262841) dE: 0.0000233201 dX: 0.0221331171 d: 0.0000476837 atp: 0.0374699303 (1.0000000000) gps: 0.0007701072 (1.0000000000)
[2016.05.26 17:10:33][ 20%RAM][ 23%CPU][Info]: Bund: 0/21 E: 0.1930212074(0.1930212074) dE: 0.0000263007 dX: 0.0336576176 d: 0.0000238419 atp: 0.0374678009 (1.0000000000) gps: 0.0007975020 (1.0000000000)
[2016.05.26 17:10:33][ 20%RAM][ 23%CPU][Info]: Bund: 0/22 E: 0.1930162433(0.1930162433) dE: 0.0000257181 dX: 0.0518256422 d: 0.0000119209 atp: 0.0374658342 (1.0000000000) gps: 0.0008042882 (1.0000000000)
[2016.05.26 17:10:33][ 20%RAM][ 23%CPU][Info]: Bund: 0/23 E: 0.1930159135(0.1930159135) dE: 0.0000017085 dX: 0.0868797166 d: 0.0000059605 atp: 0.0374658745 (1.0000000000) gps: 0.0007751626 (1.0000000000)
[2016.05.26 17:10:33][ 20%RAM][ 23%CPU][Info]: Bund: 0/24 E: 0.1930145901(0.1930145901) dE: 0.0000068563 dX: 0.1031056950 d: 0.0000029802 atp: 0.0374655607 (1.0000000000) gps: 0.0007405303 (1.0000000000)
[2016.05.26 17:10:33][ 20%RAM][ 23%CPU][Info]: Bund: 0/25 E: 0.1930131376(0.1930131376) dE: 0.0000075253 dX: 0.0781094730 d: 0.0000014901 atp: 0.0374650787 (1.0000000000) gps: 0.0007263386 (1.0000000000)
[2016.05.26 17:10:33][ 20%RAM][ 23%CPU][Info]: Bund: 0/50 E: 0.1930128515(0.1930128515) dE: 0.0000014824 dX: 0.0360860395 d: 0.0000007451 atp: 0.0374649803 (1.0000000000) gps: 0.0007241565 (1.0000000000)
[2016.05.26 17:10:33][ 20%RAM][ 23%CPU][Info]: Bund: 1/50 E: 0.1822424491(0.1822424491) dE: 0.0141492479 dX: 0.1006731872 d: 0.0000003725 atp: 0.0333999223 (1.0000000000) gps: 0.0007345855 (1.0000000000)
[2016.05.26 17:10:33][ 20%RAM][ 23%CPU][Info]: Bund: 2/50 E: 0.1821026265(0.1821026265) dE: 0.0000448923 dX: 0.0349937901 d: 0.0000001863 atp: 0.0333486877 (0.9980615787) gps: 0.0007340032 (1.0000000000)
[2016.05.26 17:10:33][ 20%RAM][ 23%CPU][Info]: Bund: 3/50 E: 0.1820395984(0.1820395984) dE: 0.0000030437 dX: 0.0084557200 d: 0.0000000931 atp: 0.0333256044 (0.9979924774) gps: 0.0007339113 (1.0000000000)
[2016.05.26 17:10:33][ 20%RAM][ 23%CPU][Info]: Bund: 4/50 E: 0.1820094660(0.1820094660) dE: 0.0000005168 dX: 0.0014864005 d: 0.0000000466 atp: 0.0333145717 (0.9979772628) gps: 0.0007338537 (1.0000000000)
[2016.05.26 17:10:33][ 20%RAM][ 23%CPU][Info]: Bund: 5/50 E: 0.1819939531(0.1819939531) dE: 0.0000001374 dX: 0.0003204501 d: 0.0000000233 atp: 0.0333088925 (0.9979699838) gps: 0.0007338239 (1.0000000000)
[2016.05.26 17:10:33][ 20%RAM][ 23%CPU][Info]: Bund: 6/50 E: 0.1819855623(0.1819855623) dE: 0.0000000409 dX: 0.0000943794 d: 0.0000000116 atp: 0.0333058209 (0.9979662347) gps: 0.0007338070 (1.0000000000)
[2016.05.26 17:10:33][ 20%RAM][ 23%CPU][Info]: Bund: 7/50 E: 0.1819808850(0.1819808850) dE: 0.0000000129 dX: 0.0000412603 d: 0.0000000058 atp: 0.0333041088 (0.9979642056) gps: 0.0007337976 (1.0000000000)
[2016.05.26 17:10:33][ 20%RAM][ 23%CPU][Info]: Bund: 8/50 E: 0.1819782291(0.1819782291) dE: 0.0000000042 dX: 0.0000179528 d: 0.0000000029 atp: 0.0333031366 (0.9979630736) gps: 0.0007337922 (1.0000000000)
[2016.05.26 17:10:33][ 20%RAM][ 23%CPU][Info]: Bund: 9/50 E: 0.1819767021(0.1819767021) dE: 0.0000000014 dX: 0.0000081383 d: 0.0000000015 atp: 0.0333025776 (0.9979624301) gps: 0.0007337892 (1.0000000000)
[2016.05.26 17:10:33][ 20%RAM][ 23%CPU][Info]: Compute inverse projection for camera FC330_0.0_4000x2250 (RGB) 0 0
[2016.05.26 17:10:33][ 20%RAM][ 23%CPU][Info]: PerspectiveCamera5 CAMERA nrCols*nrRows 4000*2250 sx*sy [mm]: 36*20.25
[2016.05.26 17:10:33][ 20%RAM][ 23%CPU][Info]: R [-0.353653527 -0.935376483 0.000136203 ] alpha [-3.147284287] t [-7.847864108]
[2016.05.26 17:10:33][ 20%RAM][ 23%CPU][Info]: R [-0.935261494 0.353607760 -0.015731793 ] beta [0.014667513] t [25.525833336]
[2016.05.26 17:10:33][ 20%RAM][ 23%CPU][Info]: R [0.014666987 -0.005690990 -0.999876238 ] gamma [1.932311177] t [-0.495691287]
[2016.05.26 17:10:33][ 20%RAM][ 23%CPU][Info]: 1 iParams: -0.010209 0.0112974 -0.00144849 0.000916921 -0.000846376
[2016.05.26 17:10:33][ 20%RAM][ 23%CPU][Info]: focal: 2609.38 cx/cy: 1990.6 1113.67 rd: 0.0111457 -0.0148599 0.00329723 td: -0.000840958 0.000796084
[2016.05.26 17:10:33][ 20%RAM][ 23%CPU][Processing]: Analyzing geoinformation
[2016.05.26 17:10:33][ 20%RAM][ 23%CPU][Processing]: Check consistency.
[2016.05.26 17:10:33][ 20%RAM][ 23%CPU][Info]: Compute consistent tracks with error 2.5
[2016.05.26 17:10:33][ 20%RAM][ 23%CPU][Info]: Statistics before consistent tracks error: 0.168254 nrProjections: 22581 nrTracks: 10625 trackSize: 10625 s0(0) s1(0) s2(9443) s3(1070) s4(83) s5(29)
[2016.05.26 17:10:33][ 20%RAM][ 23%CPU][Info]: Nr tracks: 10625 nr matches: 22581
[2016.05.26 17:10:33][ 20%RAM][ 23%CPU][Info]: Nr tracks: 10625 nr matches: 22581
[2016.05.26 17:10:33][ 20%RAM][ 23%CPU][Info]: Statistics after consistent tracks error: 0.168254 nrProjections: 22581 nrTracks: 10625 trackSize: 10625 s0(0) s1(0) s2(9443) s3(1070) s4(83) s5(29)
[2016.05.26 17:10:33][ 20%RAM][ 23%CPU][Info]: Statistics after remove inconsistent tracks error: 0.168254 nrProjections: 22581 nrTracks: 10625 trackSize: 10625 s0(0) s1(0) s2(9443) s3(1070) s4(83) s5(29)
[2016.05.26 17:10:33][ 20%RAM][ 23%CPU][Info]: Filter camera tracks min visible tracks: 20 minVisibleGCP 4 nrCameras: 6
[2016.05.26 17:10:33][ 20%RAM][ 23%CPU][Info]: Filter camera tracks min visible tracks: remaining cameras: 6
[2016.05.26 17:10:33][ 20%RAM][ 23%CPU][Info]: Filter camera tracks min visible tracks: 0 tracks removed
[2016.05.26 17:10:33][ 20%RAM][ 23%CPU][Info]: Tracks error: 0.168254 nrProjections: 22581 nrTracks: 10625 trackSize: 10625 s0(0) s1(0) s2(9443) s3(1070) s4(83) s5(29)
[2016.05.26 17:10:33][ 20%RAM][ 23%CPU][Info]: GPS bias after bundle none
[2016.05.26 17:10:33][ 20%RAM][ 23%CPU][Info]: Camera position after bundle
[2016.05.26 17:10:33][ 20%RAM][ 23%CPU][Info]: Camera <DJI_0001.JPG> xyzoutT 703304.830364478 4820706.9620778 310.029998779297  xyzProc (as out) 703305.152135892 4820706.52583334 310.504308713142 3D error -0.3217714142156 0.436244463319468 -0.47430993384489
[2016.05.26 17:10:33][ 20%RAM][ 23%CPU][Info]: Camera <DJI_0002.JPG> xyzoutT 703322.738153429 4820698.18123303 310.329986572266  xyzProc (as out) 703322.851086176 4820698.41460214 310.445754854648 3D error -0.112932746845329 -0.23336911054658 -0.115768282382557
[2016.05.26 17:10:33][ 20%RAM][ 23%CPU][Info]: Camera <DJI_0003.JPG> xyzoutT 703339.65405106 4820689.94787289 310.529998779297  xyzProc (as out) 703339.922944195 4820690.2485257 309.965074697235 3D error -0.268893135476375 -0.300652813414432 0.564924082062181
[2016.05.26 17:10:33][ 20%RAM][ 23%CPU][Info]: Camera <DJI_0004.JPG> xyzoutT 703320.451008161 4820654.98598797 311.230010986328  xyzProc (as out) 703320.021363326 4820655.32824749 311.61632310554 3D error 0.42964483467382 -0.342259524506687 -0.386312119212296
[2016.05.26 17:10:33][ 20%RAM][ 23%CPU][Info]: Camera <DJI_0005.JPG> xyzoutT 703303.19540755 4820665.08658886 310.630004882813  xyzProc (as out) 703303.118189221 4820665.02232982 310.765744137551 3D error 0.0772183284166044 0.0642590396137983 -0.135739254738125
[2016.05.26 17:10:33][ 20%RAM][ 23%CPU][Info]: Camera <DJI_0006.JPG> xyzoutT 703287.33142891 4820673.01835559 310.630004882813  xyzProc (as out) 703287.134694777 4820672.64257764 310.082799379557 3D error 0.196734132832528 0.37577794407593 0.54720550325536
[2016.05.26 17:10:33][ 20%RAM][ 23%CPU][Processing]: Compute number of matches.
[2016.05.26 17:10:33][ 20%RAM][ 23%CPU][Processing]: Color automatic tie points...
[2016.05.26 17:10:33][ 20%RAM][ 23%CPU][Info]: image: G:/DCIM/100MEDIA/DJI_0001.JPG
[2016.05.26 17:10:33][ 20%RAM][ 23%CPU][Info]: image: G:/DCIM/100MEDIA/DJI_0002.JPG
[2016.05.26 17:10:33][ 20%RAM][ 23%CPU][Info]: image: G:/DCIM/100MEDIA/DJI_0003.JPG
[2016.05.26 17:10:33][ 20%RAM][ 23%CPU][Info]: image: G:/DCIM/100MEDIA/DJI_0004.JPG
[2016.05.26 17:10:33][ 20%RAM][ 23%CPU][Info]: image: G:/DCIM/100MEDIA/DJI_0005.JPG
[2016.05.26 17:10:33][ 20%RAM][ 23%CPU][Info]: image: G:/DCIM/100MEDIA/DJI_0006.JPG
[2016.05.26 17:10:33][ 20%RAM][ 23%CPU][Info]: InitialProcessing: mean resolution is 2.13222cm / 0.0213222m.
[2016.05.26 17:10:33][ 20%RAM][ 23%CPU][Info]: OS Power Save: Enable
[2016.05.26 17:10:33][ 20%RAM][ 60%CPU][Processing]: Step1Done
[2016.05.26 17:10:33][ 20%RAM][ 60%CPU][Info]: DataProvider: closing
[2016.05.26 17:10:33][ 20%RAM][ 60%CPU][Info]: Project results: loading ...
[2016.05.26 17:10:33][ 20%RAM][ 60%CPU][Info]: Coordinate systems loaded
[2016.05.26 17:10:33][ 20%RAM][ 60%CPU][Info]: PerspectiveCamera5 CAMERA nrCols*nrRows 4000*2250 sx*sy [mm]: 36*20.25
[2016.05.26 17:10:33][ 20%RAM][ 60%CPU][Info]: R [1.000000000 0.000000000 0.000000000 ] alpha [0.000000000] t [0.000000000]
[2016.05.26 17:10:33][ 20%RAM][ 60%CPU][Info]: R [-0.000000000 1.000000000 0.000000000 ] beta [0.000000000] t [0.000000000]
[2016.05.26 17:10:33][ 20%RAM][ 60%CPU][Info]: R [0.000000000 -0.000000000 1.000000000 ] gamma [0.000000000] t [0.000000000]
[2016.05.26 17:10:33][ 20%RAM][ 60%CPU][Info]: 1 iParams: 0 0 0 0 0
[2016.05.26 17:10:33][ 20%RAM][ 60%CPU][Info]: focal: 3333.33 cx/cy: 2000 1125 rd: 0 0 0 td: 0 0
[2016.05.26 17:10:33][ 20%RAM][ 60%CPU][Info]: PerspectiveCamera5 CAMERA nrCols*nrRows 4000*2250 sx*sy [mm]: 36*20.25
[2016.05.26 17:10:33][ 20%RAM][ 60%CPU][Info]: R [1.000000000 0.000000000 0.000000000 ] alpha [0.000000000] t [0.000000000]
[2016.05.26 17:10:33][ 20%RAM][ 60%CPU][Info]: R [-0.000000000 1.000000000 0.000000000 ] beta [0.000000000] t [0.000000000]
[2016.05.26 17:10:33][ 20%RAM][ 60%CPU][Info]: R [0.000000000 -0.000000000 1.000000000 ] gamma [0.000000000] t [0.000000000]
[2016.05.26 17:10:33][ 20%RAM][ 60%CPU][Info]: 0 iParams: 0 0 0 0 0
[2016.05.26 17:10:33][ 20%RAM][ 60%CPU][Info]: focal: 3333.33 cx/cy: 2000 1125 rd: 0 0 0 td: 0 0
[2016.05.26 17:10:33][ 20%RAM][ 60%CPU][Info]: Project: Cameras updated
[2016.05.26 17:10:33][ 20%RAM][ 60%CPU][Info]: Project: Cameras loaded
[2016.05.26 17:10:33][ 20%RAM][ 60%CPU][Info]: Project: Calibrated tracks loaded
[2016.05.26 17:10:33][ 20%RAM][ 60%CPU][Info]: Coordinate systems loaded
[2016.05.26 17:10:33][ 20%RAM][ 60%CPU][Info]: Cameras with 1 different camera model(s)
[2016.05.26 17:10:33][ 20%RAM][ 60%CPU][Info]: Cameras with 6 different images
[2016.05.26 17:10:33][ 20%RAM][ 60%CPU][Info]: PerspectiveCamera5 CAMERA nrCols*nrRows 4000*2250 sx*sy [mm]: 36*20.25
[2016.05.26 17:10:33][ 20%RAM][ 60%CPU][Info]: R [1.000000000 0.000000000 0.000000000 ] alpha [0.000000000] t [0.000000000]
[2016.05.26 17:10:33][ 20%RAM][ 60%CPU][Info]: R [-0.000000000 1.000000000 0.000000000 ] beta [0.000000000] t [0.000000000]
[2016.05.26 17:10:33][ 20%RAM][ 60%CPU][Info]: R [0.000000000 -0.000000000 1.000000000 ] gamma [0.000000000] t [0.000000000]
[2016.05.26 17:10:33][ 20%RAM][ 60%CPU][Info]: 1 iParams: 0 0 0 0 0
[2016.05.26 17:10:33][ 20%RAM][ 60%CPU][Info]: focal: 3333.33 cx/cy: 2000 1125 rd: 0 0 0 td: 0 0
[2016.05.26 17:10:33][ 20%RAM][ 60%CPU][Info]: PerspectiveCamera5 CAMERA nrCols*nrRows 4000*2250 sx*sy [mm]: 36*20.25
[2016.05.26 17:10:33][ 20%RAM][ 60%CPU][Info]: R [1.000000000 0.000000000 0.000000000 ] alpha [0.000000000] t [0.000000000]
[2016.05.26 17:10:33][ 20%RAM][ 60%CPU][Info]: R [-0.000000000 1.000000000 0.000000000 ] beta [0.000000000] t [0.000000000]
[2016.05.26 17:10:33][ 20%RAM][ 60%CPU][Info]: R [0.000000000 -0.000000000 1.000000000 ] gamma [0.000000000] t [0.000000000]
[2016.05.26 17:10:33][ 20%RAM][ 60%CPU][Info]: 0 iParams: 0 0 0 0 0
[2016.05.26 17:10:33][ 20%RAM][ 60%CPU][Info]: focal: 3333.33 cx/cy: 2000 1125 rd: 0 0 0 td: 0 0
[2016.05.26 17:10:33][ 20%RAM][ 60%CPU][Info]: Cameras created: 1
[2016.05.26 17:10:33][ 20%RAM][ 60%CPU][Info]: 0 rigs:
[2016.05.26 17:10:33][ 20%RAM][ 60%CPU][Info]: Image 0 <G:/DCIM/100MEDIA/DJI_0001.JPG> camera model <FC330_0.0_4000x2250 (RGB)(1)> group <group1> GPS tol xy 5 z 10
[2016.05.26 17:10:33][ 20%RAM][ 60%CPU][Info]: Image 1 <G:/DCIM/100MEDIA/DJI_0002.JPG> camera model <FC330_0.0_4000x2250 (RGB)(1)> group <group1> GPS tol xy 5 z 10
[2016.05.26 17:10:33][ 20%RAM][ 60%CPU][Info]: Image 2 <G:/DCIM/100MEDIA/DJI_0003.JPG> camera model <FC330_0.0_4000x2250 (RGB)(1)> group <group1> GPS tol xy 5 z 10
[2016.05.26 17:10:33][ 20%RAM][ 60%CPU][Info]: Image 3 <G:/DCIM/100MEDIA/DJI_0004.JPG> camera model <FC330_0.0_4000x2250 (RGB)(1)> group <group1> GPS tol xy 5 z 10
[2016.05.26 17:10:33][ 20%RAM][ 60%CPU][Info]: Image 4 <G:/DCIM/100MEDIA/DJI_0005.JPG> camera model <FC330_0.0_4000x2250 (RGB)(1)> group <group1> GPS tol xy 5 z 10
[2016.05.26 17:10:33][ 20%RAM][ 60%CPU][Info]: Image 5 <G:/DCIM/100MEDIA/DJI_0006.JPG> camera model <FC330_0.0_4000x2250 (RGB)(1)> group <group1> GPS tol xy 5 z 10
[2016.05.26 17:10:33][ 20%RAM][ 60%CPU][Info]: nrImages with GEO 6
[2016.05.26 17:10:33][ 20%RAM][ 60%CPU][Info]: nrTotal images 6
[2016.05.26 17:10:33][ 20%RAM][ 60%CPU][Info]: Project: loading done.
[2016.05.26 17:10:33][ 20%RAM][ 60%CPU][Info]: Time spent building the tree: 000ms, total number of points = 1182
[2016.05.26 17:10:33][ 20%RAM][ 60%CPU][Info]: Finished loading tracks layer with 1182 points
[2016.05.26 17:10:57][ 20%RAM][  2%CPU][UI]: Upload Project Files clicked.
[2016.05.26 17:11:08][ 20%RAM][  2%CPU][Info]: Items to send:
[2016.05.26 17:11:08][ 20%RAM][  2%CPU][Info]: D:\APP_PHOTO\PiX4D\Projets/test.p4d test.p4d xml
[2016.05.26 17:11:08][ 20%RAM][  2%CPU][Info]: G:/DCIM/100MEDIA/DJI_0001.JPG G:/DCIM/100MEDIA/DJI_0001.JPG image
[2016.05.26 17:11:08][ 20%RAM][  2%CPU][Info]: G:/DCIM/100MEDIA/DJI_0002.JPG G:/DCIM/100MEDIA/DJI_0002.JPG image
[2016.05.26 17:11:08][ 20%RAM][  2%CPU][Info]: G:/DCIM/100MEDIA/DJI_0003.JPG G:/DCIM/100MEDIA/DJI_0003.JPG image
[2016.05.26 17:11:08][ 20%RAM][  2%CPU][Info]: G:/DCIM/100MEDIA/DJI_0004.JPG G:/DCIM/100MEDIA/DJI_0004.JPG image
[2016.05.26 17:11:08][ 20%RAM][  2%CPU][Info]: G:/DCIM/100MEDIA/DJI_0005.JPG G:/DCIM/100MEDIA/DJI_0005.JPG image
[2016.05.26 17:11:08][ 20%RAM][  2%CPU][Info]: G:/DCIM/100MEDIA/DJI_0006.JPG G:/DCIM/100MEDIA/DJI_0006.JPG image
[2016.05.26 17:11:08][ 20%RAM][  2%CPU][Info]: D:\APP_PHOTO\PiX4D\Projets/test/test.log test/test.log log
[2016.05.26 17:15:09][ 20%RAM][  2%CPU][Info]: Finalizing project upload...
[2016.05.26 17:16:16][ 20%RAM][  2%CPU][UI]: Save Project clicked.
[2016.05.26 17:16:56][ 20%RAM][  2%CPU][UI]: Processing Options clicked.
[2016.05.26 17:17:17][ 20%RAM][  2%CPU][UI]: Open Results Folder clicked.
